<html>
<body>
<pre>
<h1>µVision Build Log</h1>
<h2>Project:</h2>
C:\Users\Administrator\Desktop\OpenProject2\Experiment.uvproj
Project File Date:  05/30/2015

<h2>Output:</h2>
Build target 'Target 1'
compiling ff.c...
H:\tempInstall\StellarisWare\third_party\fatfs\src\ff.c(90): warning:  #223-D: function "SysCtlDelay" declared implicitly
H:\tempInstall\StellarisWare\third_party\fatfs\src\ff.c(576): warning:  #1293-D: assignment in condition
H:\tempInstall\StellarisWare\third_party\fatfs\src\ff.c(651): warning:  #1293-D: assignment in condition
H:\tempInstall\StellarisWare\third_party\fatfs\src\ff.c(1258): warning:  #188-D: enumerated type mixed with another type
linking...
Program Size: Code=31112 RO-data=6532 RW-data=3988 ZI-data=11756  
"Experiment.axf" - 0 Error(s), 4 Warning(s).
Build target 'Target 1'
compiling ff.c...
H:\tempInstall\StellarisWare\third_party\fatfs\src\ff.c(577): warning:  #1293-D: assignment in condition
H:\tempInstall\StellarisWare\third_party\fatfs\src\ff.c(652): warning:  #1293-D: assignment in condition
H:\tempInstall\StellarisWare\third_party\fatfs\src\ff.c(1259): warning:  #188-D: enumerated type mixed with another type
linking...
Program Size: Code=31112 RO-data=6532 RW-data=3988 ZI-data=11756  
"Experiment.axf" - 0 Error(s), 3 Warning(s).
Load "C:\\Users\\Administrator\\Desktop\\OpenProject2\\Experiment.AXF" 
Connecting: Mode=JTAG, Speed=1000000Hz
Erase Done.
Programming Done.
Verify OK.
Build target 'Target 1'
compiling ff.c...
H:\tempInstall\StellarisWare\third_party\fatfs\src\ff.c(573): warning:  #1293-D: assignment in condition
H:\tempInstall\StellarisWare\third_party\fatfs\src\ff.c(648): warning:  #1293-D: assignment in condition
H:\tempInstall\StellarisWare\third_party\fatfs\src\ff.c(1255): warning:  #188-D: enumerated type mixed with another type
compiling main.c...
linking...
Program Size: Code=31112 RO-data=6532 RW-data=3988 ZI-data=11756  
"Experiment.axf" - 0 Error(s), 3 Warning(s).
