ARM Linker, 4.1 [Build 644] [Standard]

==============================================================================

Section Cross References

    startup_rvmdk.o(STACK) refers (Special) to heapauxi.o(.text) for __use_two_region_memory
    startup_rvmdk.o(HEAP) refers (Special) to heapauxi.o(.text) for __use_two_region_memory
    startup_rvmdk.o(RESET) refers (Special) to heapauxi.o(.text) for __use_two_region_memory
    startup_rvmdk.o(RESET) refers to startup_rvmdk.o(STACK) for StackMem
    startup_rvmdk.o(RESET) refers to main.o(i.SysTickHandler) for SysTickHandler
    startup_rvmdk.o(RESET) refers to uartisr.o(i.UART0_ISR) for UART0_ISR
    startup_rvmdk.o(RESET) refers to touch.o(i.TouchScreenIntHandler) for TouchScreenIntHandler
    startup_rvmdk.o(RESET) refers to sound.o(i.SoundIntHandler) for SoundIntHandler
    startup_rvmdk.o(RESET) refers to __main.o(!!!main) for __main
    startup_rvmdk.o(.text) refers (Special) to heapauxi.o(.text) for __use_two_region_memory
    startup_rvmdk.o(.text) refers to startup_rvmdk.o(HEAP) for HeapMem
    startup_rvmdk.o(.text) refers to startup_rvmdk.o(STACK) for StackMem
    kitronix320x240x16_ssd2119_8bit.o(i.InitFPGADaughterLCDInterface) refers to sysctl.o(.emb_text) for SysCtlDelay
    kitronix320x240x16_ssd2119_8bit.o(i.InitFPGADaughterLCDInterface) refers to kitronix320x240x16_ssd2119_8bit.o(i.WriteDataFPGA) for WriteDataFPGA
    kitronix320x240x16_ssd2119_8bit.o(i.InitFPGADaughterLCDInterface) refers to kitronix320x240x16_ssd2119_8bit.o(.data) for WriteData
    kitronix320x240x16_ssd2119_8bit.o(i.InitFPGADaughterLCDInterface) refers to kitronix320x240x16_ssd2119_8bit.o(i.WriteCommandFPGA) for WriteCommandFPGA
    kitronix320x240x16_ssd2119_8bit.o(i.InitGPIOLCDInterface) refers to gpio.o(i.GPIODirModeSet) for GPIODirModeSet
    kitronix320x240x16_ssd2119_8bit.o(i.InitGPIOLCDInterface) refers to gpio.o(i.GPIOPadConfigSet) for GPIOPadConfigSet
    kitronix320x240x16_ssd2119_8bit.o(i.InitGPIOLCDInterface) refers to gpio.o(i.GPIOPinWrite) for GPIOPinWrite
    kitronix320x240x16_ssd2119_8bit.o(i.InitGPIOLCDInterface) refers to sysctl.o(.emb_text) for SysCtlDelay
    kitronix320x240x16_ssd2119_8bit.o(i.InitSRAMDaughterLCDInterface) refers to sysctl.o(.emb_text) for SysCtlDelay
    kitronix320x240x16_ssd2119_8bit.o(i.InitSRAMDaughterLCDInterface) refers to gpio.o(i.GPIOPinTypeGPIOOutput) for GPIOPinTypeGPIOOutput
    kitronix320x240x16_ssd2119_8bit.o(i.InitSRAMDaughterLCDInterface) refers to gpio.o(i.GPIOPinWrite) for GPIOPinWrite
    kitronix320x240x16_ssd2119_8bit.o(i.InitSRAMDaughterLCDInterface) refers to kitronix320x240x16_ssd2119_8bit.o(i.WriteDataEPI) for WriteDataEPI
    kitronix320x240x16_ssd2119_8bit.o(i.InitSRAMDaughterLCDInterface) refers to kitronix320x240x16_ssd2119_8bit.o(.data) for WriteData
    kitronix320x240x16_ssd2119_8bit.o(i.InitSRAMDaughterLCDInterface) refers to kitronix320x240x16_ssd2119_8bit.o(i.WriteCommandEPI) for WriteCommandEPI
    kitronix320x240x16_ssd2119_8bit.o(i.Kitronix320x240x16_SSD2119Init) refers to sysctl.o(i.SysCtlClockGet) for SysCtlClockGet
    kitronix320x240x16_ssd2119_8bit.o(i.Kitronix320x240x16_SSD2119Init) refers to kitronix320x240x16_ssd2119_8bit.o(i.InitGPIOLCDInterface) for InitGPIOLCDInterface
    kitronix320x240x16_ssd2119_8bit.o(i.Kitronix320x240x16_SSD2119Init) refers to kitronix320x240x16_ssd2119_8bit.o(i.InitSRAMDaughterLCDInterface) for InitSRAMDaughterLCDInterface
    kitronix320x240x16_ssd2119_8bit.o(i.Kitronix320x240x16_SSD2119Init) refers to kitronix320x240x16_ssd2119_8bit.o(i.InitFPGADaughterLCDInterface) for InitFPGADaughterLCDInterface
    kitronix320x240x16_ssd2119_8bit.o(i.Kitronix320x240x16_SSD2119Init) refers to sysctl.o(.emb_text) for SysCtlDelay
    kitronix320x240x16_ssd2119_8bit.o(i.Kitronix320x240x16_SSD2119Init) refers to set_pinout.o(.data) for g_eDaughterType
    kitronix320x240x16_ssd2119_8bit.o(i.Kitronix320x240x16_SSD2119Init) refers to kitronix320x240x16_ssd2119_8bit.o(.data) for WriteCommand
    kitronix320x240x16_ssd2119_8bit.o(i.Kitronix320x240x16_SSD2119LineDrawH) refers to kitronix320x240x16_ssd2119_8bit.o(.data) for WriteCommand
    kitronix320x240x16_ssd2119_8bit.o(i.Kitronix320x240x16_SSD2119LineDrawV) refers to kitronix320x240x16_ssd2119_8bit.o(.data) for WriteCommand
    kitronix320x240x16_ssd2119_8bit.o(i.Kitronix320x240x16_SSD2119PixelDraw) refers to kitronix320x240x16_ssd2119_8bit.o(.data) for WriteCommand
    kitronix320x240x16_ssd2119_8bit.o(i.Kitronix320x240x16_SSD2119PixelDrawMultiple) refers to kitronix320x240x16_ssd2119_8bit.o(.data) for WriteCommand
    kitronix320x240x16_ssd2119_8bit.o(i.Kitronix320x240x16_SSD2119RectFill) refers to kitronix320x240x16_ssd2119_8bit.o(.data) for WriteCommand
    kitronix320x240x16_ssd2119_8bit.o(i.WriteCommandFPGA) refers to sysctl.o(.emb_text) for SysCtlDelay
    kitronix320x240x16_ssd2119_8bit.o(i.WriteDataFPGA) refers to sysctl.o(.emb_text) for SysCtlDelay
[...]
    i.WriteCommandFPGA                       0x0000581c   Section        0  kitronix320x240x16_ssd2119_8bit.o(i.WriteCommandFPGA)
    WriteCommandFPGA                         0x0000581d   Thumb Code    20  kitronix320x240x16_ssd2119_8bit.o(i.WriteCommandFPGA)
    i.WriteCommandGPIO                       0x00005830   Section        0  kitronix320x240x16_ssd2119_8bit.o(i.WriteCommandGPIO)
    WriteCommandGPIO                         0x00005831   Thumb Code    62  kitronix320x240x16_ssd2119_8bit.o(i.WriteCommandGPIO)
    i.WriteDataEPI                           0x0000587c   Section        0  kitronix320x240x16_ssd2119_8bit.o(i.WriteDataEPI)
    WriteDataEPI                             0x0000587d   Thumb Code    14  kitronix320x240x16_ssd2119_8bit.o(i.WriteDataEPI)
    i.WriteDataFPGA                          0x0000588a   Section        0  kitronix320x240x16_ssd2119_8bit.o(i.WriteDataFPGA)
    WriteDataFPGA                            0x0000588b   Thumb Code    20  kitronix320x240x16_ssd2119_8bit.o(i.WriteDataFPGA)
    i.WriteDataGPIO                          0x000058a0   Section        0  kitronix320x240x16_ssd2119_8bit.o(i.WriteDataGPIO)
    WriteDataGPIO                            0x000058a1   Thumb Code    58  kitronix320x240x16_ssd2119_8bit.o(i.WriteDataGPIO)
    i.auto_mount                             0x000058e8   Section        0  ff.o(i.auto_mount)
    auto_mount                               0x000058e9   Thumb Code   508  ff.o(i.auto_mount)
    i.check_fs                               0x00005aec   Section        0  ff.o(i.check_fs)
    check_fs                                 0x00005aed   Thumb Code    98  ff.o(i.check_fs)
    i.chk_power                              0x00005b5c   Section        0  mmc-dk-lm3s9b96.o(i.chk_power)
    chk_power                                0x00005b5d   Thumb Code     6  mmc-dk-lm3s9b96.o(i.chk_power)
    i.clust2sect                             0x00005b68   Section        0  ff.o(i.clust2sect)
    clust2sect                               0x00005b69   Thumb Code    34  ff.o(i.clust2sect)
    i.create_chain                           0x00005b8a   Section        0  ff.o(i.create_chain)
    create_chain                             0x00005b8b   Thumb Code   184  ff.o(i.create_chain)
    i.disk_initialize                        0x00005c44   Section        0  mmc-dk-lm3s9b96.o(i.disk_initialize)
    i.disk_ioctl                             0x00005dd4   Section        0  mmc-dk-lm3s9b96.o(i.disk_ioctl)
    i.disk_read                              0x00005fac   Section        0  mmc-dk-lm3s9b96.o(i.disk_read)
    i.disk_status                            0x00006054   Section        0  mmc-dk-lm3s9b96.o(i.disk_status)
    i.disk_timerproc                         0x00006068   Section        0  mmc-dk-lm3s9b96.o(i.disk_timerproc)
    i.disk_write                             0x0000609c   Section        0  mmc-dk-lm3s9b96.o(i.disk_write)
    i.f_close                                0x00006174   Section        0  ff.o(i.f_close)
    i.f_mount                                0x0000618c   Section        0  ff.o(i.f_mount)
    i.f_open                                 0x000061c4   Section        0  ff.o(i.f_open)
    i.f_opendir                              0x00006356   Section        0  ff.o(i.f_opendir)
    i.f_read                                 0x000063c6   Section        0  ff.o(i.f_read)
    i.f_readdir                              0x00006574   Section        0  ff.o(i.f_readdir)
    i.f_sync                                 0x000065f8   Section        0  ff.o(i.f_sync)
    i.get_cluster                            0x0000668e   Section        0  ff.o(i.get_cluster)
    get_cluster                              0x0000668f   Thumb Code   236  ff.o(i.get_cluster)
    i.get_fattime                            0x0000677c   Section        0  mmc-dk-lm3s9b96.o(i.get_fattime)
    i.get_fileinfo                           0x00006784   Section        0  ff.o(i.get_fileinfo)
    get_fileinfo                             0x00006785   Thumb Code   190  ff.o(i.get_fileinfo)
    i.main                                   0x00006844   Section        0  main.o(i.main)
    i.make_dirfile                           0x00006aa8   Section        0  ff.o(i.make_dirfile)
    make_dirfile                             0x00006aa9   Thumb Code   318  ff.o(i.make_dirfile)
    i.move_window                            0x00006be6   Section        0  ff.o(i.move_window)
    move_window                              0x00006be7   Thumb Code   144  ff.o(i.move_window)
    i.next_dir_entry                         0x00006c76   Section        0  ff.o(i.next_dir_entry)
    next_dir_entry                           0x00006c77   Thumb Code   116  ff.o(i.next_dir_entry)
    i.parseCmd                               0x00006cec   Section        0  uartisr.o(i.parseCmd)
    i.power_off                              0x00006d58   Section        0  mmc-dk-lm3s9b96.o(i.power_off)
    power_off                                0x00006d59   Thumb Code    10  mmc-dk-lm3s9b96.o(i.power_off)
    i.power_on                               0x00006d68   Section        0  mmc-dk-lm3s9b96.o(i.power_on)
    power_on                                 0x00006d69   Thumb Code   164  mmc-dk-lm3s9b96.o(i.power_on)
    i.put_cluster                            0x00006e24   Section        0  ff.o(i.put_cluster)
    put_cluster                              0x00006e25   Thumb Code   292  ff.o(i.put_cluster)
    i.rcvr_datablock                         0x00006f48   Section        0  mmc-dk-lm3s9b96.o(i.rcvr_datablock)
    rcvr_datablock                           0x00006f49   Thumb Code    88  mmc-dk-lm3s9b96.o(i.rcvr_datablock)
    i.rcvr_spi                               0x00006fa4   Section        0  mmc-dk-lm3s9b96.o(i.rcvr_spi)
    rcvr_spi                                 0x00006fa5   Thumb Code    24  mmc-dk-lm3s9b96.o(i.rcvr_spi)
    i.rcvr_spi_m                             0x00006fc0   Section        0  mmc-dk-lm3s9b96.o(i.rcvr_spi_m)
    rcvr_spi_m                               0x00006fc1   Thumb Code    12  mmc-dk-lm3s9b96.o(i.rcvr_spi_m)
    i.remove_chain                           0x00006fcc   Section        0  ff.o(i.remove_chain)
    remove_chain                             0x00006fcd   Thumb Code    72  ff.o(i.remove_chain)
    i.reserve_direntry                       0x00007014   Section        0  ff.o(i.reserve_direntry)
    reserve_direntry                         0x00007015   Thumb Code   242  ff.o(i.reserve_direntry)
    i.send_cmd                               0x00007106   Section        0  mmc-dk-lm3s9b96.o(i.send_cmd)
    send_cmd                                 0x00007107   Thumb Code   134  mmc-dk-lm3s9b96.o(i.send_cmd)
    i.send_initial_clock_train               0x0000718c   Section        0  mmc-dk-lm3s9b96.o(i.send_initial_clock_train)
    send_initial_clock_train                 0x0000718d   Thumb Code    74  mmc-dk-lm3s9b96.o(i.send_initial_clock_train)
    i.set_max_speed                          0x000071dc   Section        0  mmc-dk-lm3s9b96.o(i.set_max_speed)
    set_max_speed                            0x000071dd   Thumb Code    58  mmc-dk-lm3s9b96.o(i.set_max_speed)
    i.sync                                   0x00007220   Section        0  ff.o(i.sync)
    sync                                     0x00007221   Thumb Code    52  ff.o(i.sync)
    i.trace_path                             0x00007254   Section        0  ff.o(i.trace_path)
    trace_path                               0x00007255   Thumb Code   262  ff.o(i.trace_path)
    i.uDMAChannelAttributeDisable            0x0000735c   Section        0  udma.o(i.uDMAChannelAttributeDisable)
    i.uDMAChannelAttributeEnable             0x0000738c   Section        0  udma.o(i.uDMAChannelAttributeEnable)
    i.uDMAChannelControlSet                  0x000073bc   Section        0  udma.o(i.uDMAChannelControlSet)
    i.uDMAChannelEnable                      0x000073d8   Section        0  udma.o(i.uDMAChannelEnable)
    i.uDMAChannelModeGet                     0x000073e8   Section        0  udma.o(i.uDMAChannelModeGet)
    i.uDMAChannelTransferSet                 0x0000740c   Section        0  udma.o(i.uDMAChannelTransferSet)
    i.uDMAControlBaseSet                     0x00007494   Section        0  udma.o(i.uDMAControlBaseSet)
    i.uDMAEnable                             0x000074a0   Section        0  udma.o(i.uDMAEnable)
    i.usprintf                               0x000074ac   Section        0  ustdlib.o(i.usprintf)
    i.uvsnprintf                             0x000074d4   Section        0  ustdlib.o(i.uvsnprintf)
    i.validate                               0x00007898   Section        0  ff.o(i.validate)
    validate                                 0x00007899   Thumb Code    42  ff.o(i.validate)
    i.wait_ready                             0x000078c4   Section        0  mmc-dk-lm3s9b96.o(i.wait_ready)
    wait_ready                               0x000078c5   Thumb Code    38  mmc-dk-lm3s9b96.o(i.wait_ready)
    i.xmit_datablock                         0x000078f0   Section        0  mmc-dk-lm3s9b96.o(i.xmit_datablock)
    xmit_datablock                           0x000078f1   Thumb Code   106  mmc-dk-lm3s9b96.o(i.xmit_datablock)
    i.xmit_spi                               0x0000795c   Section        0  mmc-dk-lm3s9b96.o(i.xmit_spi)
    xmit_spi                                 0x0000795d   Thumb Code    22  mmc-dk-lm3s9b96.o(i.xmit_spi)
    x$fpl$fpinit                             0x00007978   Section       14  fpinit.o(x$fpl$fpinit)
    .constdata                               0x00007988   Section       40  kitronix320x240x16_ssd2119_8bit.o(.constdata)
    .constdata                               0x000079b0   Section      132  set_pinout.o(.constdata)
    g_psEPIPinInfo                           0x000079d4   Data          96  set_pinout.o(.constdata)
    .constdata                               0x00007a34   Section       84  touch.o(.constdata)
    .constdata                               0x00007a88   Section       13  tlv320aic23b.o(.constdata)
    pucVolumeTable                           0x00007a88   Data          13  tlv320aic23b.o(.constdata)
    .constdata                               0x00007a98   Section       28  ustdlib.o(.constdata)
    g_pcHex                                  0x00007a98   Data           4  ustdlib.o(.constdata)
    g_psDaysToMonth                          0x00007a9c   Data          24  ustdlib.o(.constdata)
    .constdata                               0x00007ab4   Section       28  uartstdio.o(.constdata)
    g_pcHex                                  0x00007ab4   Data           4  uartstdio.o(.constdata)
    g_ulUARTBase                             0x00007ab8   Data          12  uartstdio.o(.constdata)
    g_ulUARTPeriph                           0x00007ac4   Data          12  uartstdio.o(.constdata)
    .constdata                               0x00007ad0   Section       72  gpio.o(.constdata)
    g_pulGPIOBaseAddrs                       0x00007ad0   Data          72  gpio.o(.constdata)
    .constdata                               0x00007b18   Section      156  sysctl.o(.constdata)
    g_pulDCRegs                              0x00007b18   Data          16  sysctl.o(.constdata)
    g_pulSRCRRegs                            0x00007b28   Data          12  sysctl.o(.constdata)
    g_pulRCGCRegs                            0x00007b34   Data          12  sysctl.o(.constdata)
    g_pulSCGCRegs                            0x00007b40   Data          12  sysctl.o(.constdata)
    g_pulDCGCRegs                            0x00007b4c   Data          12  sysctl.o(.constdata)
    g_pulXtals                               0x00007b58   Data          92  sysctl.o(.constdata)
    .constdata                               0x00007bb4   Section     1375  fontcm12.o(.constdata)
    g_pucCm12Data                            0x00007bb4   Data        1375  fontcm12.o(.constdata)
    .constdata                               0x00008114   Section      200  fontcm12.o(.constdata)
    .constdata                               0x000081dc   Section     2398  fontcm20.o(.constdata)
    g_pucCm20Data                            0x000081dc   Data        2398  fontcm20.o(.constdata)
    .constdata                               0x00008b3c   Section      200  fontcm20.o(.constdata)
    .constdata                               0x00008c04   Section     1300  fontcmss12.o(.constdata)
    g_pucCmss12Data                          0x00008c04   Data        1300  fontcmss12.o(.constdata)
    .constdata                               0x00009118   Section      200  fontcmss12.o(.constdata)
    .conststring                             0x000091e0   Section       17  ustdlib.o(.conststring)
    .conststring                             0x000091f1   Section      251  main.o(.conststring)
    .data                                    0x20000000   Section        8  kitronix320x240x16_ssd2119_8bit.o(.data)
    .data                                    0x20000008   Section        2  set_pinout.o(.data)
    .data                                    0x2000000c   Section       60  sound.o(.data)
    g_ucVolume                               0x2000000c   Data           1  sound.o(.data)
    g_pusMusic                               0x20000010   Data           4  sound.o(.data)
    g_ulFrequency                            0x20000014   Data           4  sound.o(.data)
    g_ulDACStep                              0x20000018   Data           4  sound.o(.data)
    g_ulSize                                 0x2000001c   Data           4  sound.o(.data)
    g_ulTicks                                0x20000020   Data           4  sound.o(.data)
    g_ulMusicCount                           0x20000024   Data           2  sound.o(.data)
    g_ulMusicSize                            0x20000026   Data           2  sound.o(.data)
    g_pvFIFORecord                           0x20000030   Data           4  sound.o(.data)
    g_ulDMAFlags                             0x20000034   Data           4  sound.o(.data)
    g_ulPlaying                              0x20000038   Data           4  sound.o(.data)
    g_ulRecording                            0x2000003c   Data           4  sound.o(.data)
    g_ulSampleRate                           0x20000040   Data           4  sound.o(.data)
    g_usChannels                             0x20000044   Data           2  sound.o(.data)
    g_usBitsPerSample                        0x20000046   Data           2  sound.o(.data)
    .data                                    0x20000048   Section       20  touch.o(.data)
    g_cState                                 0x2000004a   Data           1  touch.o(.data)
    g_cIndex                                 0x2000004b   Data           1  touch.o(.data)
    g_ulTSState                              0x20000050   Data           4  touch.o(.data)
    g_pfnTSHandler                           0x20000058   Data           4  touch.o(.data)
    .data                                    0x2000005c   Section        2  tlv320aic23b.o(.data)
    g_ucHPVolume                             0x2000005c   Data           1  tlv320aic23b.o(.data)
    g_ucEnabled                              0x2000005d   Data           1  tlv320aic23b.o(.data)
    .data                                    0x20000060   Section       10  ff.o(.data)
    FatFs                                    0x20000060   Data           8  ff.o(.data)
    fsid                                     0x20000068   Data           2  ff.o(.data)
    .data                                    0x2000006a   Section        5  mmc-dk-lm3s9b96.o(.data)
    Stat                                     0x2000006a   Data           1  mmc-dk-lm3s9b96.o(.data)
    PowerFlag                                0x2000006b   Data           1  mmc-dk-lm3s9b96.o(.data)
    Timer1                                   0x2000006c   Data           1  mmc-dk-lm3s9b96.o(.data)
    Timer2                                   0x2000006d   Data           1  mmc-dk-lm3s9b96.o(.data)
    CardType                                 0x2000006e   Data           1  mmc-dk-lm3s9b96.o(.data)
    .data                                    0x20000070   Section     3812  main.o(.data)
    g_cCwdBuf                                0x200000e0   Data          80  main.o(.data)
    usCount                                  0x20000f30   Data           2  main.o(.data)
    g_ulBytesPlayed                          0x20000f34   Data           4  main.o(.data)
    g_ulMaxBufferSize                        0x20000f38   Data           4  main.o(.data)
    g_ulBytesRemaining                       0x20000f40   Data           4  main.o(.data)
    g_usMinutes                              0x20000f44   Data           2  main.o(.data)
    g_usSeconds                              0x20000f46   Data           2  main.o(.data)
    pPlay                                    0x20000f48   Data           4  main.o(.data)
    a                                        0x20000f4c   Data           4  main.o(.data)
    b                                        0x20000f50   Data           4  main.o(.data)
    .data                                    0x20000f54   Section        5  uartstdio.o(.data)
    g_ulBase                                 0x20000f54   Data           4  uartstdio.o(.data)
    bLastWasCR                               0x20000f58   Data           1  uartstdio.o(.data)
    .data                                    0x20000f5c   Section        4  uartconfigure.o(.data)
    .data                                    0x20000f60   Section        4  sysctlconfigure.o(.data)
    .data                                    0x20000f64   Section       48  widget.o(.data)
    g_ucMQMutex                              0x20000f64   Data           1  widget.o(.data)
    g_pPointerWidget                         0x20000f68   Data           4  widget.o(.data)
    g_ulMQRead                               0x20000f6c   Data           4  widget.o(.data)
    g_ulMQWrite                              0x20000f70   Data           4  widget.o(.data)
    .bss                                     0x20000f94   Section     2096  sound.o(.bss)
    g_pulTxBuf                               0x20000f94   Data        2048  sound.o(.bss)
    g_sOutBuffers                            0x20001794   Data          24  sound.o(.bss)
    g_sInBuffers                             0x200017ac   Data          24  sound.o(.bss)
    .bss                                     0x200017c4   Section       16  touch.o(.bss)
    g_psSamples                              0x200017c4   Data          16  touch.o(.bss)
    .bss                                     0x20001800   Section     7104  main.o(.bss)
    g_sFatFs                                 0x20001c00   Data         556  main.o(.bss)
    g_sDirObject                             0x20001e2c   Data          20  main.o(.bss)
    g_sFileInfo                              0x20001e40   Data          24  main.o(.bss)
    g_ppcDirListStrings                      0x2000207c   Data         192  main.o(.bss)
    g_pcFilenames                            0x2000213c   Data         624  main.o(.bss)
    g_pucBuffer                              0x200023ac   Data        4096  main.o(.bss)
    .bss                                     0x200033c0   Section     1024  uartconfigure.o(.bss)
    .bss                                     0x200037c0   Section      320  widget.o(.bss)
    g_pMQ                                    0x200037c0   Data         320  widget.o(.bss)
    .bss                                     0x20003900   Section       32  image.o(.bss)
    g_pucDictionary                          0x20003900   Data          32  image.o(.bss)
    .bss                                     0x20003920   Section       96  libspace.o(.bss)
    HEAP                                     0x20003980   Section        0  startup_rvmdk.o(HEAP)
    STACK                                    0x20003980   Section     1024  startup_rvmdk.o(STACK)
    HeapMem                                  0x20003980   Data           0  startup_rvmdk.o(HEAP)
    StackMem                                 0x20003980   Data           0  startup_rvmdk.o(STACK)

    Global Symbols

    Symbol Name                              Value     Ov Type        Size  Object(Section)

    BuildAttributes$$THM_ISAv4$P$D$K$B$S$PE$A:L22UL41UL21$X:L11$S22US41US21$IEEE1$IW$USESV6$~STKCKD$USESV7$~SHL$OTIME$ROPI$EBA8$UX$STANDARDLIB$REQ8$PRES8$EABIv2 0x00000000   Number         0  anon$$obj.o ABSOLUTE
    __ARM_use_no_argv                        0x00000000   Number         0  main.o ABSOLUTE
    __Vectors                                0x00000000   Data           0  startup_rvmdk.o(RESET)
    __ARM_exceptions_init                     - Undefined Weak Reference
    __alloca_initialize                       - Undefined Weak Reference
    __cpp_initialize__aeabi_                  - Undefined Weak Reference
    __cxa_finalize                            - Undefined Weak Reference
    __rt_locale                               - Undefined Weak Reference
    __sigvec_lookup                           - Undefined Weak Reference
    _atexit_init                              - Undefined Weak Reference
    _call_atexit_fns                          - Undefined Weak Reference
    _clock_init                               - Undefined Weak Reference
    _fp_trap_init                             - Undefined Weak Reference
    _fp_trap_shutdown                         - Undefined Weak Reference
    _get_lc_collate                           - Undefined Weak Reference
    _get_lc_ctype                             - Undefined Weak Reference
    _get_lc_monetary                          - Undefined Weak Reference
    _get_lc_numeric                           - Undefined Weak Reference
    _get_lc_time                              - Undefined Weak Reference
    _getenv_init                              - Undefined Weak Reference
    _handle_redirection                       - Undefined Weak Reference
    _init_alloc                               - Undefined Weak Reference
    _init_user_alloc                          - Undefined Weak Reference
    _initio                                   - Undefined Weak Reference
    _rand_init                                - Undefined Weak Reference
    _signal_finish                            - Undefined Weak Reference
    _signal_init                              - Undefined Weak Reference
    _terminate_alloc                          - Undefined Weak Reference
    _terminate_user_alloc                     - Undefined Weak Reference
    _terminateio                              - Undefined Weak Reference
    Reset_Handler                            0x0000011d   Thumb Code     0  startup_rvmdk.o(RESET)
    __main                                   0x00000129   Thumb Code     8  __main.o(!!!main)
    __scatterload                            0x00000131   Thumb Code     0  __scatter.o(!!!scatter)
    __scatterload_rt2                        0x00000131   Thumb Code    44  __scatter.o(!!!scatter)
    __scatterload_rt2_thumb_only             0x00000131   Thumb Code     0  __scatter.o(!!!scatter)
    __scatterload_null                       0x0000013f   Thumb Code     0  __scatter.o(!!!scatter)
    __decompress                             0x00000165   Thumb Code    90  __dczerorl2.o(!!dczerorl2)
    __decompress1                            0x00000165   Thumb Code     0  __dczerorl2.o(!!dczerorl2)
    __scatterload_zeroinit                   0x000001c1   Thumb Code    28  __scatter_zi.o(!!handler_zi)
    __rt_lib_init                            0x000001dd   Thumb Code     0  libinit.o(.ARM.Collect$$libinit$$00000000)
    __rt_lib_init_alloca_1                   0x000001e3   Thumb Code     0  libinit2.o(.ARM.Collect$$libinit$$0000002A)
    __rt_lib_init_argv_1                     0x000001e3   Thumb Code     0  libinit2.o(.ARM.Collect$$libinit$$00000028)
    __rt_lib_init_atexit_1                   0x000001e3   Thumb Code     0  libinit2.o(.ARM.Collect$$libinit$$00000017)
    __rt_lib_init_clock_1                    0x000001e3   Thumb Code     0  libinit2.o(.ARM.Collect$$libinit$$0000001D)
    __rt_lib_init_cpp_1                      0x000001e3   Thumb Code     0  libinit2.o(.ARM.Collect$$libinit$$0000002E)
    __rt_lib_init_exceptions_1               0x000001e3   Thumb Code     0  libinit2.o(.ARM.Collect$$libinit$$0000002C)
    __rt_lib_init_fp_trap_1                  0x000001e3   Thumb Code     0  libinit2.o(.ARM.Collect$$libinit$$0000001B)
    __rt_lib_init_getenv_1                   0x000001e3   Thumb Code     0  libinit2.o(.ARM.Collect$$libinit$$0000001F)
    __rt_lib_init_heap_1                     0x000001e3   Thumb Code     0  libinit2.o(.ARM.Collect$$libinit$$00000006)
    __rt_lib_init_lc_collate_1               0x000001e3   Thumb Code     0  libinit2.o(.ARM.Collect$$libinit$$0000000D)
    __rt_lib_init_lc_ctype_1                 0x000001e3   Thumb Code     0  libinit2.o(.ARM.Collect$$libinit$$0000000F)
    __rt_lib_init_lc_monetary_1              0x000001e3   Thumb Code     0  libinit2.o(.ARM.Collect$$libinit$$00000011)
    __rt_lib_init_lc_numeric_1               0x000001e3   Thumb Code     0  libinit2.o(.ARM.Collect$$libinit$$00000013)
    __rt_lib_init_lc_time_1                  0x000001e3   Thumb Code     0  libinit2.o(.ARM.Collect$$libinit$$00000015)
    __rt_lib_init_rand_1                     0x000001e3   Thumb Code     0  libinit2.o(.ARM.Collect$$libinit$$0000000A)
    __rt_lib_init_return                     0x000001e3   Thumb Code     0  libinit2.o(.ARM.Collect$$libinit$$0000002F)
    __rt_lib_init_signal_1                   0x000001e3   Thumb Code     0  libinit2.o(.ARM.Collect$$libinit$$00000019)
    __rt_lib_init_stdio_1                    0x000001e3   Thumb Code     0  libinit2.o(.ARM.Collect$$libinit$$00000021)
    __rt_lib_init_user_alloc_1               0x000001e3   Thumb Code     0  libinit2.o(.ARM.Collect$$libinit$$00000008)
    __rt_lib_shutdown                        0x000001e5   Thumb Code     0  libshutdown.o(.ARM.Collect$$libshutdown$$00000000)
    __rt_lib_shutdown_fp_trap_1              0x000001e7   Thumb Code     0  libshutdown2.o(.ARM.Collect$$libshutdown$$00000006)
    __rt_lib_shutdown_heap_1                 0x000001e7   Thumb Code     0  libshutdown2.o(.ARM.Collect$$libshutdown$$0000000E)
    __rt_lib_shutdown_return                 0x000001e7   Thumb Code     0  libshutdown2.o(.ARM.Collect$$libshutdown$$0000000F)
    __rt_lib_shutdown_signal_1               0x000001e7   Thumb Code     0  libshutdown2.o(.ARM.Collect$$libshutdown$$00000009)
    __rt_lib_shutdown_stdio_1                0x000001e7   Thumb Code     0  libshutdown2.o(.ARM.Collect$$libshutdown$$00000003)
    __rt_lib_shutdown_user_alloc_1           0x000001e7   Thumb Code     0  libshutdown2.o(.ARM.Collect$$libshutdown$$0000000B)
    __rt_entry                               0x000001e9   Thumb Code     0  rtentry.o(.ARM.Collect$$rtentry$$00000000)
    __rt_entry_presh_1                       0x000001e9   Thumb Code     0  rtentry2.o(.ARM.Collect$$rtentry$$00000002)
    __rt_entry_sh                            0x000001e9   Thumb Code     0  rtentry4.o(.ARM.Collect$$rtentry$$00000004)
    __rt_entry_li                            0x000001ef   Thumb Code     0  rtentry2.o(.ARM.Collect$$rtentry$$0000000A)
    __rt_entry_postsh_1                      0x000001ef   Thumb Code     0  rtentry2.o(.ARM.Collect$$rtentry$$00000009)
    __rt_entry_main                          0x000001f3   Thumb Code     0  rtentry2.o(.ARM.Collect$$rtentry$$0000000D)
    __rt_entry_postli_1                      0x000001f3   Thumb Code     0  rtentry2.o(.ARM.Collect$$rtentry$$0000000C)
    __rt_exit                                0x000001fb   Thumb Code     0  rtexit.o(.ARM.Collect$$rtexit$$00000000)
    __rt_exit_ls                             0x000001fd   Thumb Code     0  rtexit2.o(.ARM.Collect$$rtexit$$00000003)
    __rt_exit_prels_1                        0x000001fd   Thumb Code     0  rtexit2.o(.ARM.Collect$$rtexit$$00000002)
    __rt_exit_exit                           0x00000201   Thumb Code     0  rtexit2.o(.ARM.Collect$$rtexit$$00000004)
    SysCtlDelay                              0x00000209   Thumb Code     6  sysctl.o(.emb_text)
    WidgetMutexGet                           0x00000211   Thumb Code    20  widget.o(.emb_text)
    __user_initial_stackheap                 0x00000225   Thumb Code     0  startup_rvmdk.o(.text)
    memcmp                                   0x0000023d   Thumb Code    78  memcmp.o(.text)
    strncmp                                  0x0000028b   Thumb Code   140  strncmp.o(.text)
    __aeabi_memcpy                           0x00000317   Thumb Code     0  rt_memcpy_v6.o(.text)
    __rt_memcpy                              0x00000317   Thumb Code   138  rt_memcpy_v6.o(.text)
    _memcpy_lastbytes                        0x0000037d   Thumb Code     0  rt_memcpy_v6.o(.text)
    __aeabi_memset                           0x000003a1   Thumb Code    16  aeabi_memset.o(.text)
    __aeabi_memclr                           0x000003b1   Thumb Code     0  rt_memclr.o(.text)
    __rt_memclr                              0x000003b1   Thumb Code    68  rt_memclr.o(.text)
    _memset                                  0x000003b5   Thumb Code     0  rt_memclr.o(.text)
    __aeabi_memclr4                          0x000003f5   Thumb Code     0  rt_memclr_w.o(.text)
    __aeabi_memclr8                          0x000003f5   Thumb Code     0  rt_memclr_w.o(.text)
    __rt_memclr_w                            0x000003f5   Thumb Code    78  rt_memclr_w.o(.text)
    _memset_w                                0x000003f9   Thumb Code     0  rt_memclr_w.o(.text)
    strncpy                                  0x00000443   Thumb Code    86  strncpy.o(.text)
    __use_two_region_memory                  0x00000499   Thumb Code     2  heapauxi.o(.text)
    __rt_heap_escrow$2region                 0x0000049b   Thumb Code     2  heapauxi.o(.text)
    __rt_heap_expand$2region                 0x0000049d   Thumb Code     2  heapauxi.o(.text)
    __aeabi_memcpy4                          0x0000049f   Thumb Code     0  rt_memcpy_w.o(.text)
    __aeabi_memcpy8                          0x0000049f   Thumb Code     0  rt_memcpy_w.o(.text)
    __rt_memcpy_w                            0x0000049f   Thumb Code   100  rt_memcpy_w.o(.text)
    _memcpy_lastbytes_aligned                0x000004e7   Thumb Code     0  rt_memcpy_w.o(.text)
    __user_setup_stackheap                   0x00000503   Thumb Code    74  sys_stackheap_outer.o(.text)
    exit                                     0x0000054d   Thumb Code    12  exit.o(.text)
    __user_libspace                          0x00000559   Thumb Code     8  libspace.o(.text)
    __user_perproc_libspace                  0x00000559   Thumb Code     0  libspace.o(.text)
    __user_perthread_libspace                0x00000559   Thumb Code     0  libspace.o(.text)
    __rt_fp_status_addr                      0x00000561   Thumb Code     8  rt_fp_status_addr_intlibspace.o(.text)
    _sys_exit                                0x00000569   Thumb Code     8  sys_exit.o(.text)
    __I$use$semihosting                      0x00000575   Thumb Code     0  use_no_semi.o(.text)
    __use_no_semihosting_swi                 0x00000575   Thumb Code     2  use_no_semi.o(.text)
    ADCHardwareOversampleConfigure           0x00000577   Thumb Code    14  adc.o(i.ADCHardwareOversampleConfigure)
    ADCIntEnable                             0x00000585   Thumb Code    16  adc.o(i.ADCIntEnable)
    ADCSequenceConfigure                     0x00000595   Thumb Code    50  adc.o(i.ADCSequenceConfigure)
    ADCSequenceEnable                        0x000005c7   Thumb Code    14  adc.o(i.ADCSequenceEnable)
    ADCSequenceStepConfigure                 0x000005d5   Thumb Code   110  adc.o(i.ADCSequenceStepConfigure)
    BufferCallback                           0x00000645   Thumb Code    52  main.o(i.BufferCallback)
    CanvasMsgProc                            0x000006bf   Thumb Code   430  canvas.o(i.CanvasMsgProc)
    Cmd_ls                                   0x0000086d   Thumb Code   350  main.o(i.Cmd_ls)
    Convert8Bit                              0x00000a59   Thumb Code    34  main.o(i.Convert8Bit)
    EPIAddressMapSet                         0x00000c31   Thumb Code     4  epi.o(i.EPIAddressMapSet)
    EPIConfigGPModeSet                       0x00000c35   Thumb Code    34  epi.o(i.EPIConfigGPModeSet)
    EPIConfigHB8Set                          0x00000c57   Thumb Code    46  epi.o(i.EPIConfigHB8Set)
    EPIConfigSDRAMSet                        0x00000c85   Thumb Code    12  epi.o(i.EPIConfigSDRAMSet)
    EPIDividerSet                            0x00000cd1   Thumb Code     4  epi.o(i.EPIDividerSet)
    EPIModeSet                               0x00000cd5   Thumb Code     4  epi.o(i.EPIModeSet)
    GPIODirModeSet                           0x00000e31   Thumb Code    40  gpio.o(i.GPIODirModeSet)
    GPIOInitial                              0x00000e59   Thumb Code   436  gpiodriverconfigure.o(i.GPIOInitial)
    GPIOPadConfigSet                         0x0000103d   Thumb Code   176  gpio.o(i.GPIOPadConfigSet)
    GPIOPinConfigure                         0x000010ed   Thumb Code    62  gpio.o(i.GPIOPinConfigure)
    GPIOPinRead                              0x00001135   Thumb Code     6  gpio.o(i.GPIOPinRead)
    GPIOPinTypeADC                           0x0000113b   Thumb Code    28  gpio.o(i.GPIOPinTypeADC)
    GPIOPinTypeGPIOInput                     0x00001157   Thumb Code    28  gpio.o(i.GPIOPinTypeGPIOInput)
    GPIOPinTypeGPIOOutput                    0x00001173   Thumb Code    28  gpio.o(i.GPIOPinTypeGPIOOutput)
    GPIOPinTypeI2C                           0x0000118f   Thumb Code    28  gpio.o(i.GPIOPinTypeI2C)
    GPIOPinTypeI2S                           0x000011ab   Thumb Code    28  gpio.o(i.GPIOPinTypeI2S)
    GPIOPinTypePWM                           0x000011c7   Thumb Code    28  gpio.o(i.GPIOPinTypePWM)
    GPIOPinTypeSSI                           0x000011e3   Thumb Code    28  gpio.o(i.GPIOPinTypeSSI)
    GPIOPinTypeUART                          0x000011ff   Thumb Code    28  gpio.o(i.GPIOPinTypeUART)
    GPIOPinWrite                             0x0000121b   Thumb Code     6  gpio.o(i.GPIOPinWrite)
    GrContextClipRegionSet                   0x00001221   Thumb Code   112  context.o(i.GrContextClipRegionSet)
    GrContextInit                            0x00001291   Thumb Code    32  context.o(i.GrContextInit)
    GrImageDraw                              0x000012b1   Thumb Code   728  image.o(i.GrImageDraw)
    GrLineDrawH                              0x0000158d   Thumb Code    80  line.o(i.GrLineDrawH)
    GrLineDrawV                              0x000015dd   Thumb Code    74  line.o(i.GrLineDrawV)
    GrRectDraw                               0x00001627   Thumb Code   108  rectangle.o(i.GrRectDraw)
    GrRectFill                               0x00001693   Thumb Code   180  rectangle.o(i.GrRectFill)
    GrRectIntersectGet                       0x00001747   Thumb Code   138  rectangle.o(i.GrRectIntersectGet)
    GrStringDraw                             0x000017d1   Thumb Code   748  string.o(i.GrStringDraw)
    GrStringWidthGet                         0x00001abd   Thumb Code   112  string.o(i.GrStringWidthGet)
    I2CMasterControl                         0x00001bf9   Thumb Code     4  i2c.o(i.I2CMasterControl)
    I2CMasterDataGet                         0x00001bfd   Thumb Code     4  i2c.o(i.I2CMasterDataGet)
    I2CMasterDataPut                         0x00001c01   Thumb Code     4  i2c.o(i.I2CMasterDataPut)
    I2CMasterEnable                          0x00001c05   Thumb Code    10  i2c.o(i.I2CMasterEnable)
    I2CMasterErr                             0x00001c0f   Thumb Code    24  i2c.o(i.I2CMasterErr)
    I2CMasterInitExpClk                      0x00001c29   Thumb Code    42  i2c.o(i.I2CMasterInitExpClk)
    I2CMasterIntClear                        0x00001c5d   Thumb Code     8  i2c.o(i.I2CMasterIntClear)
    I2CMasterIntStatus                       0x00001c65   Thumb Code    24  i2c.o(i.I2CMasterIntStatus)
    I2CMasterSlaveAddrSet                    0x00001c7d   Thumb Code     8  i2c.o(i.I2CMasterSlaveAddrSet)
    I2SIntClear                              0x00001c85   Thumb Code     6  i2s.o(i.I2SIntClear)
    I2SIntStatus                             0x00001c8b   Thumb Code    14  i2s.o(i.I2SIntStatus)
    I2SMasterClockSelect                     0x00001c99   Thumb Code    16  i2s.o(i.I2SMasterClockSelect)
    I2SRxConfigSet                           0x00001ca9   Thumb Code    58  i2s.o(i.I2SRxConfigSet)
    I2SRxFIFOLimitSet                        0x00001ce3   Thumb Code     6  i2s.o(i.I2SRxFIFOLimitSet)
    I2STxConfigSet                           0x00001ce9   Thumb Code    22  i2s.o(i.I2STxConfigSet)
    I2STxEnable                              0x00001cff   Thumb Code    18  i2s.o(i.I2STxEnable)
    I2STxFIFOLimitSet                        0x00001d11   Thumb Code     4  i2s.o(i.I2STxFIFOLimitSet)
    I2STxRxEnable                            0x00001d15   Thumb Code    22  i2s.o(i.I2STxRxEnable)
    IntDisable                               0x00001ee5   Thumb Code   108  interrupt.o(i.IntDisable)
    IntEnable                                0x00001f51   Thumb Code   108  interrupt.o(i.IntEnable)
    Kitronix320x240x16_SSD2119Init           0x00001fdd   Thumb Code   604  kitronix320x240x16_ssd2119_8bit.o(i.Kitronix320x240x16_SSD2119Init)
    ListBoxMsgProc                           0x0000262d   Thumb Code   850  listbox.o(i.ListBoxMsgProc)
    ListBoxTextAdd                           0x0000297f   Thumb Code   104  listbox.o(i.ListBoxTextAdd)
    OnBtnPlay1                               0x000029e9   Thumb Code    74  main.o(i.OnBtnPlay1)
    OnBtnPlay111                             0x00002a51   Thumb Code    78  main.o(i.OnBtnPlay111)
    OnBtnPlay2                               0x00002abd   Thumb Code    78  main.o(i.OnBtnPlay2)
    OnBtnPlay222                             0x00002b29   Thumb Code    78  main.o(i.OnBtnPlay222)
    OnBtnPlay3                               0x00002b95   Thumb Code    78  main.o(i.OnBtnPlay3)
    OnBtnPlay4                               0x00002c01   Thumb Code    78  main.o(i.OnBtnPlay4)
    OnBtnPlay444                             0x00002c6d   Thumb Code    78  main.o(i.OnBtnPlay444)
    OnBtnPlay5                               0x00002cd9   Thumb Code    78  main.o(i.OnBtnPlay5)
    OnBtnPlay555                             0x00002d45   Thumb Code    78  main.o(i.OnBtnPlay555)
    OnBtnPlay6                               0x00002db1   Thumb Code    78  main.o(i.OnBtnPlay6)
    OnBtnPlay666                             0x00002e1d   Thumb Code    78  main.o(i.OnBtnPlay666)
    OnBtnPlay7                               0x00002e89   Thumb Code    78  main.o(i.OnBtnPlay7)
    OnSliderChange                           0x00002ef5   Thumb Code    14  main.o(i.OnSliderChange)
    PinoutSet                                0x00002f05   Thumb Code   176  set_pinout.o(i.PinoutSet)
    QuaChoose1                               0x00003181   Thumb Code    10  main.o(i.QuaChoose1)
    QuaChoose2                               0x00003191   Thumb Code    10  main.o(i.QuaChoose2)
    QuaChoose3                               0x000031a1   Thumb Code    10  main.o(i.QuaChoose3)
    RectangularButtonMsgProc                 0x000031b1   Thumb Code   288  pushbutton.o(i.RectangularButtonMsgProc)
    SSIConfigSetExpClk                       0x000034d5   Thumb Code    74  ssi.o(i.SSIConfigSetExpClk)
    SSIDataGet                               0x0000351f   Thumb Code    14  ssi.o(i.SSIDataGet)
    SSIDataPut                               0x0000352d   Thumb Code    12  ssi.o(i.SSIDataPut)
    SSIDisable                               0x00003539   Thumb Code    10  ssi.o(i.SSIDisable)
    SSIEnable                                0x00003543   Thumb Code    10  ssi.o(i.SSIEnable)
    SliderMsgProc                            0x0000354d   Thumb Code   342  slider.o(i.SliderMsgProc)
    SoundBufferPlay                          0x00003a51   Thumb Code   312  sound.o(i.SoundBufferPlay)
    SoundInit                                0x00003ba1   Thumb Code   174  sound.o(i.SoundInit)
    SoundIntHandler                          0x00003c75   Thumb Code   324  sound.o(i.SoundIntHandler)
    SoundSetFormat                           0x00003dc9   Thumb Code   540  sound.o(i.SoundSetFormat)
    SoundVolumeSet                           0x00004051   Thumb Code    16  sound.o(i.SoundVolumeSet)
    SysCtlClockGet                           0x000040a9   Thumb Code   444  sysctl.o(i.SysCtlClockGet)
    SysCtlI2SMClkSet                         0x00004291   Thumb Code   204  sysctl.o(i.SysCtlI2SMClkSet)
    SysCtlPeripheralEnable                   0x00004369   Thumb Code    26  sysctl.o(i.SysCtlPeripheralEnable)
    SysCtlPeripheralReset                    0x00004389   Thumb Code    52  sysctl.o(i.SysCtlPeripheralReset)
    SysTickHandler                           0x000043c1   Thumb Code     8  main.o(i.SysTickHandler)
    TLV320AIC23BHeadPhoneVolumeSet           0x000043c9   Thumb Code    72  tlv320aic23b.o(i.TLV320AIC23BHeadPhoneVolumeSet)
    TLV320AIC23BInit                         0x0000441d   Thumb Code   188  tlv320aic23b.o(i.TLV320AIC23BInit)
    TLV320AIC23BLineInVolumeSet              0x000044e9   Thumb Code    24  tlv320aic23b.o(i.TLV320AIC23BLineInVolumeSet)
    TimerConfigure                           0x000045a5   Thumb Code    28  timer.o(i.TimerConfigure)
    TimerControlTrigger                      0x000045c1   Thumb Code    22  timer.o(i.TimerControlTrigger)
    TimerEnable                              0x000045d7   Thumb Code    14  timer.o(i.TimerEnable)
    TimerLoadSet                             0x000045e5   Thumb Code    18  timer.o(i.TimerLoadSet)
    TouchScreenCallbackSet                   0x000045f9   Thumb Code     6  touch.o(i.TouchScreenCallbackSet)
    TouchScreenInit                          0x00004809   Thumb Code   306  touch.o(i.TouchScreenInit)
    TouchScreenIntHandler                    0x00004971   Thumb Code   514  touch.o(i.TouchScreenIntHandler)
    TuneChoose1                              0x00004ba1   Thumb Code    10  main.o(i.TuneChoose1)
    TuneChoose2                              0x00004bb1   Thumb Code    10  main.o(i.TuneChoose2)
    TuneChoose3                              0x00004bc1   Thumb Code    10  main.o(i.TuneChoose3)
    UART0Initial                             0x00004bd1   Thumb Code    68  uartconfigure.o(i.UART0Initial)
    UART0_ISR                                0x00004c21   Thumb Code    88  uartisr.o(i.UART0_ISR)
    UARTCharGetNonBlocking                   0x00004c85   Thumb Code    16  uart.o(i.UARTCharGetNonBlocking)
    UARTConfigSetExpClk                      0x00004c95   Thumb Code   110  uart.o(i.UARTConfigSetExpClk)
    UARTEnable                               0x00004d03   Thumb Code    20  uart.o(i.UARTEnable)
    UARTFIFOLevelSet                         0x00004d17   Thumb Code     6  uart.o(i.UARTFIFOLevelSet)
    UARTIntClear                             0x00004d1d   Thumb Code     4  uart.o(i.UARTIntClear)
    UARTIntEnable                            0x00004d21   Thumb Code     8  uart.o(i.UARTIntEnable)
    UARTIntStatus                            0x00004d29   Thumb Code    10  uart.o(i.UARTIntStatus)
    UARTStdioInit                            0x00004d33   Thumb Code    16  uartstdio.o(i.UARTStdioInit)
    UARTStdioInitExpClk                      0x00004d45   Thumb Code   120  uartstdio.o(i.UARTStdioInitExpClk)
    UARTprintf                               0x00004dc9   Thumb Code   722  uartstdio.o(i.UARTprintf)
    UARTwrite                                0x000050ad   Thumb Code    72  uartstdio.o(i.UARTwrite)
    WaveClose                                0x000050f9   Thumb Code    12  main.o(i.WaveClose)
    WaveOpen                                 0x00005105   Thumb Code   512  main.o(i.WaveOpen)
    WavePlay                                 0x0000540d   Thumb Code   184  main.o(i.WavePlay)
    WaveRead                                 0x000054e1   Thumb Code    86  main.o(i.WaveRead)
    WidgetAdd                                0x00005545   Thumb Code    38  widget.o(i.WidgetAdd)
    WidgetDefaultMsgProc                     0x0000556b   Thumb Code     4  widget.o(i.WidgetDefaultMsgProc)
    WidgetMessageQueueAdd                    0x00005571   Thumb Code   218  widget.o(i.WidgetMessageQueueAdd)
    WidgetMessageQueueProcess                0x00005655   Thumb Code   176  widget.o(i.WidgetMessageQueueProcess)
    WidgetMessageSendPostOrder               0x0000570d   Thumb Code   216  widget.o(i.WidgetMessageSendPostOrder)
    WidgetPointerMessage                     0x000057ed   Thumb Code    26  widget.o(i.WidgetPointerMessage)
    disk_initialize                          0x00005c45   Thumb Code   386  mmc-dk-lm3s9b96.o(i.disk_initialize)
    disk_ioctl                               0x00005dd5   Thumb Code   466  mmc-dk-lm3s9b96.o(i.disk_ioctl)
    disk_read                                0x00005fad   Thumb Code   160  mmc-dk-lm3s9b96.o(i.disk_read)
    disk_status                              0x00006055   Thumb Code    14  mmc-dk-lm3s9b96.o(i.disk_status)
    disk_timerproc                           0x00006069   Thumb Code    42  mmc-dk-lm3s9b96.o(i.disk_timerproc)
    disk_write                               0x0000609d   Thumb Code   206  mmc-dk-lm3s9b96.o(i.disk_write)
    f_close                                  0x00006175   Thumb Code    24  ff.o(i.f_close)
    f_mount                                  0x0000618d   Thumb Code    52  ff.o(i.f_mount)
    f_open                                   0x000061c5   Thumb Code   402  ff.o(i.f_open)
    f_opendir                                0x00006357   Thumb Code   112  ff.o(i.f_opendir)
    f_read                                   0x000063c7   Thumb Code   430  ff.o(i.f_read)
    f_readdir                                0x00006575   Thumb Code   132  ff.o(i.f_readdir)
    f_sync                                   0x000065f9   Thumb Code   150  ff.o(i.f_sync)
    get_fattime                              0x0000677d   Thumb Code     4  mmc-dk-lm3s9b96.o(i.get_fattime)
    main                                     0x00006845   Thumb Code   464  main.o(i.main)
    parseCmd                                 0x00006ced   Thumb Code    72  uartisr.o(i.parseCmd)
    uDMAChannelAttributeDisable              0x0000735d   Thumb Code    44  udma.o(i.uDMAChannelAttributeDisable)
    uDMAChannelAttributeEnable               0x0000738d   Thumb Code    44  udma.o(i.uDMAChannelAttributeEnable)
    uDMAChannelControlSet                    0x000073bd   Thumb Code    20  udma.o(i.uDMAChannelControlSet)
    uDMAChannelEnable                        0x000073d9   Thumb Code    12  udma.o(i.uDMAChannelEnable)
    uDMAChannelModeGet                       0x000073e9   Thumb Code    30  udma.o(i.uDMAChannelModeGet)
    uDMAChannelTransferSet                   0x0000740d   Thumb Code   132  udma.o(i.uDMAChannelTransferSet)
    uDMAControlBaseSet                       0x00007495   Thumb Code     6  udma.o(i.uDMAControlBaseSet)
    uDMAEnable                               0x000074a1   Thumb Code     8  udma.o(i.uDMAEnable)
    usprintf                                 0x000074ad   Thumb Code    40  ustdlib.o(i.usprintf)
    uvsnprintf                               0x000074d5   Thumb Code   950  ustdlib.o(i.uvsnprintf)
    _fp_init                                 0x00007979   Thumb Code    14  fpinit.o(x$fpl$fpinit)
    __fplib_config_pureend_doubles           0x00007985   Thumb Code     0  fpinit.o(x$fpl$fpinit)
    g_sKitronix320x240x16_SSD2119            0x00007988   Data          40  kitronix320x240x16_ssd2119_8bit.o(.constdata)
    g_pulGPIOBase                            0x000079b0   Data          36  set_pinout.o(.constdata)
    g_lTouchParameters                       0x00007a34   Data          84  touch.o(.constdata)
    g_sFontCm12                              0x00008114   Data         200  fontcm12.o(.constdata)
    g_sFontCm20                              0x00008b3c   Data         200  fontcm20.o(.constdata)
    g_sFontCmss12                            0x00009118   Data         200  fontcmss12.o(.constdata)
    Region$$Table$$Base                      0x000092ec   Number         0  anon$$obj.o(Region$$Table)
    Region$$Table$$Limit                     0x0000930c   Number         0  anon$$obj.o(Region$$Table)
    WriteData                                0x20000000   Data           4  kitronix320x240x16_ssd2119_8bit.o(.data)
    WriteCommand                             0x20000004   Data           4  kitronix320x240x16_ssd2119_8bit.o(.data)
    g_eDaughterType                          0x20000008   Data           2  set_pinout.o(.data)
    g_sSample                                0x20000028   Data           8  sound.o(.data)
    g_sTouchMin                              0x20000048   Data           2  touch.o(.data)
    g_plParmSet                              0x2000004c   Data           4  touch.o(.data)
    g_sTouchX                                0x20000054   Data           2  touch.o(.data)
    g_sTouchY                                0x20000056   Data           2  touch.o(.data)
    g_sFresultStrings                        0x20000070   Data         112  main.o(.data)
    g_sDirList                               0x20000130   Data          84  main.o(.data)
    g_sQuaBtn1                               0x20000184   Data          80  main.o(.data)
    g_sQuaBtn2                               0x200001d4   Data          80  main.o(.data)
    g_sQuaBtn3                               0x20000224   Data          80  main.o(.data)
    g_sTuneBtn1                              0x20000274   Data          80  main.o(.data)
    g_sTuneBtn2                              0x200002c4   Data          80  main.o(.data)
    g_sTuneBtn3                              0x20000314   Data          80  main.o(.data)
    g_sChooseBackground                      0x20000364   Data          64  main.o(.data)
    g_sSlider                                0x200003a4   Data          92  main.o(.data)
    g_sListBackground                        0x20000400   Data          64  main.o(.data)
    g_sPlayBtn1                              0x20000440   Data          80  main.o(.data)
    g_sPlayBackground1                       0x20000490   Data          64  main.o(.data)
    g_sPlayBtn11                             0x200004d0   Data          80  main.o(.data)
    g_sPlayBackground11                      0x20000520   Data          64  main.o(.data)
    g_sPlayBtn111                            0x20000560   Data          80  main.o(.data)
    g_sPlayBackground111                     0x200005b0   Data          64  main.o(.data)
    g_sPlayBtn2                              0x200005f0   Data          80  main.o(.data)
    g_sPlayBackground2                       0x20000640   Data          64  main.o(.data)
    g_sPlayBtn22                             0x20000680   Data          80  main.o(.data)
    g_sPlayBackground22                      0x200006d0   Data          64  main.o(.data)
    g_sPlayBtn222                            0x20000710   Data          80  main.o(.data)
    g_sPlayBackground222                     0x20000760   Data          64  main.o(.data)
    g_sPlayBtn3                              0x200007a0   Data          80  main.o(.data)
    g_sPlayBackground3                       0x200007f0   Data          64  main.o(.data)
    g_sPlayBtn33                             0x20000830   Data          80  main.o(.data)
    g_sPlayBackground33                      0x20000880   Data          64  main.o(.data)
    g_sPlayBtn4                              0x200008c0   Data          80  main.o(.data)
    g_sPlayBackground4                       0x20000910   Data          64  main.o(.data)
    g_sPlayBtn44                             0x20000950   Data          80  main.o(.data)
    g_sPlayBackground44                      0x200009a0   Data          64  main.o(.data)
    g_sPlayBtn444                            0x200009e0   Data          80  main.o(.data)
    g_sPlayBackground444                     0x20000a30   Data          64  main.o(.data)
    g_sPlayBtn5                              0x20000a70   Data          80  main.o(.data)
    g_sPlayBackground5                       0x20000ac0   Data          64  main.o(.data)
    g_sPlayBtn55                             0x20000b00   Data          80  main.o(.data)
    g_sPlayBackground55                      0x20000b50   Data          64  main.o(.data)
    g_sPlayBtn555                            0x20000b90   Data          80  main.o(.data)
    g_sPlayBackground555                     0x20000be0   Data          64  main.o(.data)
    g_sPlayBtn6                              0x20000c20   Data          80  main.o(.data)
    g_sPlayBackground6                       0x20000c70   Data          64  main.o(.data)
    g_sPlayBtn66                             0x20000cb0   Data          80  main.o(.data)
    g_sPlayBackground66                      0x20000d00   Data          64  main.o(.data)
    g_sPlayBtn666                            0x20000d40   Data          80  main.o(.data)
    g_sPlayBackground666                     0x20000d90   Data          64  main.o(.data)
    g_sPlayBtn7                              0x20000dd0   Data          80  main.o(.data)
    g_sPlayBackground7                       0x20000e20   Data          64  main.o(.data)
    g_sPlayBtn77                             0x20000e60   Data          80  main.o(.data)
    g_sPlayBackground77                      0x20000eb0   Data          64  main.o(.data)
    g_sHeading                               0x20000ef0   Data          64  main.o(.data)
    g_ulFlags                                0x20000f3c   Data           4  main.o(.data)
    buffer_ptr                               0x20000f5c   Data           4  uartconfigure.o(.data)
    TheSysClock                              0x20000f60   Data           4  sysctlconfigure.o(.data)
    g_sRoot                                  0x20000f74   Data          32  widget.o(.data)
    sDMAControlTable                         0x20001800   Data        1024  main.o(.bss)
    g_sFileObject                            0x20001e58   Data         548  main.o(.bss)
    g_sWaveHeader                            0x200033ac   Data          20  main.o(.bss)
    uart_buffer                              0x200033c0   Data        1024  uartconfigure.o(.bss)
    __libspace_start                         0x20003920   Data          96  libspace.o(.bss)
    __temporary_stack_top$libspace           0x20003980   Data           0  libspace.o(.bss)



==============================================================================

Memory Map of the image

  Image Entry point : 0x0000011d

  Load Region LR_IROM (Base: 0x00000000, Size: 0x0000a2a0, Max: 0x00040000, ABSOLUTE, COMPRESSED[0x00009654])

    Execution Region ER_IROM (Base: 0x00000000, Size: 0x0000930c, Max: 0x00040000, ABSOLUTE)

    Base Addr    Size         Type   Attr      Idx    E Section Name        Object

    0x00000000   0x00000128   Code   RO            3  * RESET               startup_rvmdk.o
    0x00000128   0x00000008   Code   RO         3678  * !!!main             c_w.l(__main.o)
    0x00000130   0x00000034   Code   RO         3844    !!!scatter          c_w.l(__scatter.o)
    0x00000164   0x0000005a   Code   RO         3842    !!dczerorl2         c_w.l(__dczerorl2.o)
    0x000001be   0x00000002   PAD
    0x000001c0   0x0000001c   Code   RO         3846    !!handler_zi        c_w.l(__scatter_zi.o)
    0x000001dc   0x00000006   Code   RO         3712    .ARM.Collect$$libinit$$00000000  c_w.l(libinit.o)
    0x000001e2   0x00000000   Code   RO         3720    .ARM.Collect$$libinit$$00000006  c_w.l(libinit2.o)
    0x000001e2   0x00000000   Code   RO         3722    .ARM.Collect$$libinit$$00000008  c_w.l(libinit2.o)
    0x000001e2   0x00000000   Code   RO         3724    .ARM.Collect$$libinit$$0000000A  c_w.l(libinit2.o)
    0x000001e2   0x00000000   Code   RO         3727    .ARM.Collect$$libinit$$0000000D  c_w.l(libinit2.o)
    0x000001e2   0x00000000   Code   RO         3729    .ARM.Collect$$libinit$$0000000F  c_w.l(libinit2.o)
    0x000001e2   0x00000000   Code   RO         3731    .ARM.Collect$$libinit$$00000011  c_w.l(libinit2.o)
    0x000001e2   0x00000000   Code   RO         3733    .ARM.Collect$$libinit$$00000013  c_w.l(libinit2.o)
    0x000001e2   0x00000000   Code   RO         3735    .ARM.Collect$$libinit$$00000015  c_w.l(libinit2.o)
    0x000001e2   0x00000000   Code   RO         3737    .ARM.Collect$$libinit$$00000017  c_w.l(libinit2.o)
    0x000001e2   0x00000000   Code   RO         3739    .ARM.Collect$$libinit$$00000019  c_w.l(libinit2.o)
    0x000001e2   0x00000000   Code   RO         3741    .ARM.Collect$$libinit$$0000001B  c_w.l(libinit2.o)
    0x000001e2   0x00000000   Code   RO         3743    .ARM.Collect$$libinit$$0000001D  c_w.l(libinit2.o)
    0x000001e2   0x00000000   Code   RO         3745    .ARM.Collect$$libinit$$0000001F  c_w.l(libinit2.o)
    0x000001e2   0x00000000   Code   RO         3747    .ARM.Collect$$libinit$$00000021  c_w.l(libinit2.o)
    0x000001e2   0x00000000   Code   RO         3751    .ARM.Collect$$libinit$$00000028  c_w.l(libinit2.o)
    0x000001e2   0x00000000   Code   RO         3753    .ARM.Collect$$libinit$$0000002A  c_w.l(libinit2.o)
    0x000001e2   0x00000000   Code   RO         3755    .ARM.Collect$$libinit$$0000002C  c_w.l(libinit2.o)
    0x000001e2   0x00000000   Code   RO         3757    .ARM.Collect$$libinit$$0000002E  c_w.l(libinit2.o)
    0x000001e2   0x00000002   Code   RO         3758    .ARM.Collect$$libinit$$0000002F  c_w.l(libinit2.o)
    0x000001e4   0x00000002   Code   RO         3784    .ARM.Collect$$libshutdown$$00000000  c_w.l(libshutdown.o)
    0x000001e6   0x00000000   Code   RO         3797    .ARM.Collect$$libshutdown$$00000003  c_w.l(libshutdown2.o)
    0x000001e6   0x00000000   Code   RO         3800    .ARM.Collect$$libshutdown$$00000006  c_w.l(libshutdown2.o)
    0x000001e6   0x00000000   Code   RO         3803    .ARM.Collect$$libshutdown$$00000009  c_w.l(libshutdown2.o)
    0x000001e6   0x00000000   Code   RO         3805    .ARM.Collect$$libshutdown$$0000000B  c_w.l(libshutdown2.o)
    0x000001e6   0x00000000   Code   RO         3808    .ARM.Collect$$libshutdown$$0000000E  c_w.l(libshutdown2.o)
    0x000001e6   0x00000002   Code   RO         3809    .ARM.Collect$$libshutdown$$0000000F  c_w.l(libshutdown2.o)
    0x000001e8   0x00000000   Code   RO         3680    .ARM.Collect$$rtentry$$00000000  c_w.l(rtentry.o)
    0x000001e8   0x00000000   Code   RO         3685    .ARM.Collect$$rtentry$$00000002  c_w.l(rtentry2.o)
    0x000001e8   0x00000006   Code   RO         3700    .ARM.Collect$$rtentry$$00000004  c_w.l(rtentry4.o)
    0x000001ee   0x00000000   Code   RO         3687    .ARM.Collect$$rtentry$$00000009  c_w.l(rtentry2.o)
    0x000001ee   0x00000004   Code   RO         3688    .ARM.Collect$$rtentry$$0000000A  c_w.l(rtentry2.o)
    0x000001f2   0x00000000   Code   RO         3690    .ARM.Collect$$rtentry$$0000000C  c_w.l(rtentry2.o)
    0x000001f2   0x00000008   Code   RO         3691    .ARM.Collect$$rtentry$$0000000D  c_w.l(rtentry2.o)
    0x000001fa   0x00000002   Code   RO         3716    .ARM.Collect$$rtexit$$00000000  c_w.l(rtexit.o)
    0x000001fc   0x00000000   Code   RO         3762    .ARM.Collect$$rtexit$$00000002  c_w.l(rtexit2.o)
    0x000001fc   0x00000004   Code   RO         3763    .ARM.Collect$$rtexit$$00000003  c_w.l(rtexit2.o)
    0x00000200   0x00000006   Code   RO         3764    .ARM.Collect$$rtexit$$00000004  c_w.l(rtexit2.o)
    0x00000206   0x00000002   PAD
    0x00000208   0x00000006   Code   RO         2420    .emb_text           driverlib.lib(sysctl.o)
    0x0000020e   0x00000002   PAD
    0x00000210   0x00000014   Code   RO         3428    .emb_text           grlib.lib(widget.o)
    0x00000224   0x00000018   Code   RO            4    .text               startup_rvmdk.o
    0x0000023c   0x0000004e   Code   RO         3660    .text               c_w.l(memcmp.o)
    0x0000028a   0x0000008c   Code   RO         3664    .text               c_w.l(strncmp.o)
    0x00000316   0x0000008a   Code   RO         3666    .text               c_w.l(rt_memcpy_v6.o)
    0x000003a0   0x00000010   Code   RO         3668    .text               c_w.l(aeabi_memset.o)
    0x000003b0   0x00000044   Code   RO         3670    .text               c_w.l(rt_memclr.o)
    0x000003f4   0x0000004e   Code   RO         3672    .text               c_w.l(rt_memclr_w.o)
    0x00000442   0x00000056   Code   RO         3674    .text               c_w.l(strncpy.o)
    0x00000498   0x00000006   Code   RO         3676    .text               c_w.l(heapauxi.o)
    0x0000049e   0x00000064   Code   RO         3682    .text               c_w.l(rt_memcpy_w.o)
    0x00000502   0x0000004a   Code   RO         3702    .text               c_w.l(sys_stackheap_outer.o)
    0x0000054c   0x0000000c   Code   RO         3704    .text               c_w.l(exit.o)
    0x00000558   0x00000008   Code   RO         3713    .text               c_w.l(libspace.o)
    0x00000560   0x00000008   Code   RO         3772    .text               c_w.l(rt_fp_status_addr_intlibspace.o)
    0x00000568   0x0000000c   Code   RO         3776    .text               c_w.l(sys_exit.o)
    0x00000574   0x00000002   Code   RO         3787    .text               c_w.l(use_no_semi.o)
    0x00000576   0x0000000e   Code   RO         1268    i.ADCHardwareOversampleConfigure  driverlib.lib(adc.o)
    0x00000584   0x00000010   Code   RO         1271    i.ADCIntEnable      driverlib.lib(adc.o)
    0x00000594   0x00000032   Code   RO         1280    i.ADCSequenceConfigure  driverlib.lib(adc.o)
    0x000005c6   0x0000000e   Code   RO         1283    i.ADCSequenceEnable  driverlib.lib(adc.o)
    0x000005d4   0x0000006e   Code   RO         1286    i.ADCSequenceStepConfigure  driverlib.lib(adc.o)
    0x00000642   0x00000002   PAD
    0x00000644   0x00000040   Code   RO          804    i.BufferCallback    main.o
    0x00000684   0x0000003a   Code   RO          149    i.CalcEPIDivider    set_pinout.o
    0x000006be   0x000001ae   Code   RO         3254    i.CanvasMsgProc     grlib.lib(canvas.o)
    0x0000086c   0x000001ec   Code   RO          805    i.Cmd_ls            main.o
    0x00000a58   0x00000022   Code   RO          806    i.Convert8Bit       main.o
    0x00000a7a   0x00000010   Code   RO          609    i.DESELECT          mmc-dk-lm3s9b96.o
    0x00000a8a   0x00000002   PAD
    0x00000a8c   0x000000ac   Code   RO          150    i.DaughterBoardTypeGet  set_pinout.o
    0x00000b38   0x000000f8   Code   RO          151    i.EEPROMReadPolled  set_pinout.o
    0x00000c30   0x00000004   Code   RO         1476    i.EPIAddressMapSet  driverlib.lib(epi.o)
    0x00000c34   0x00000022   Code   RO         1477    i.EPIConfigGPModeSet  driverlib.lib(epi.o)
    0x00000c56   0x0000002e   Code   RO         1479    i.EPIConfigHB8Set   driverlib.lib(epi.o)
    0x00000c84   0x0000000c   Code   RO         1480    i.EPIConfigSDRAMSet  driverlib.lib(epi.o)
    0x00000c90   0x00000040   Code   RO          152    i.EPIDividerFromRate  set_pinout.o
    0x00000cd0   0x00000004   Code   RO         1481    i.EPIDividerSet     driverlib.lib(epi.o)
    0x00000cd4   0x00000004   Code   RO         1490    i.EPIModeSet        driverlib.lib(epi.o)
    0x00000cd8   0x00000158   Code   RO          153    i.EPIPinConfigSet   set_pinout.o
    0x00000e30   0x00000028   Code   RO         1633    i.GPIODirModeSet    driverlib.lib(gpio.o)
    0x00000e58   0x000001e4   Code   RO         1197    i.GPIOInitial       gpiodriverconfigure.o
    0x0000103c   0x000000b0   Code   RO         1638    i.GPIOPadConfigSet  driverlib.lib(gpio.o)
    0x000010ec   0x00000048   Code   RO         1639    i.GPIOPinConfigure  driverlib.lib(gpio.o)
    0x00001134   0x00000006   Code   RO         1644    i.GPIOPinRead       driverlib.lib(gpio.o)
    0x0000113a   0x0000001c   Code   RO         1645    i.GPIOPinTypeADC    driverlib.lib(gpio.o)
    0x00001156   0x0000001c   Code   RO         1650    i.GPIOPinTypeGPIOInput  driverlib.lib(gpio.o)
    0x00001172   0x0000001c   Code   RO         1651    i.GPIOPinTypeGPIOOutput  driverlib.lib(gpio.o)
    0x0000118e   0x0000001c   Code   RO         1653    i.GPIOPinTypeI2C    driverlib.lib(gpio.o)
    0x000011aa   0x0000001c   Code   RO         1654    i.GPIOPinTypeI2S    driverlib.lib(gpio.o)
    0x000011c6   0x0000001c   Code   RO         1655    i.GPIOPinTypePWM    driverlib.lib(gpio.o)
    0x000011e2   0x0000001c   Code   RO         1657    i.GPIOPinTypeSSI    driverlib.lib(gpio.o)
    0x000011fe   0x0000001c   Code   RO         1659    i.GPIOPinTypeUART   driverlib.lib(gpio.o)
    0x0000121a   0x00000006   Code   RO         1662    i.GPIOPinWrite      driverlib.lib(gpio.o)
    0x00001220   0x00000070   Code   RO         3532    i.GrContextClipRegionSet  grlib.lib(context.o)
    0x00001290   0x00000020   Code   RO         3533    i.GrContextInit     grlib.lib(context.o)
    0x000012b0   0x000002dc   Code   RO         3550    i.GrImageDraw       grlib.lib(image.o)
    0x0000158c   0x00000050   Code   RO         3636    i.GrLineDrawH       grlib.lib(line.o)
    0x000015dc   0x0000004a   Code   RO         3637    i.GrLineDrawV       grlib.lib(line.o)
    0x00001626   0x0000006c   Code   RO         3564    i.GrRectDraw        grlib.lib(rectangle.o)
    0x00001692   0x000000b4   Code   RO         3565    i.GrRectFill        grlib.lib(rectangle.o)
    0x00001746   0x0000008a   Code   RO         3566    i.GrRectIntersectGet  grlib.lib(rectangle.o)
    0x000017d0   0x000002ec   Code   RO         3594    i.GrStringDraw      grlib.lib(string.o)
    0x00001abc   0x00000070   Code   RO         3598    i.GrStringWidthGet  grlib.lib(string.o)
    0x00001b2c   0x000000cc   Code   RO          154    i.HB8ConfigGet      set_pinout.o
    0x00001bf8   0x00000004   Code   RO         1850    i.I2CMasterControl  driverlib.lib(i2c.o)
    0x00001bfc   0x00000004   Code   RO         1851    i.I2CMasterDataGet  driverlib.lib(i2c.o)
    0x00001c00   0x00000004   Code   RO         1852    i.I2CMasterDataPut  driverlib.lib(i2c.o)
    0x00001c04   0x0000000a   Code   RO         1854    i.I2CMasterEnable   driverlib.lib(i2c.o)
    0x00001c0e   0x00000018   Code   RO         1855    i.I2CMasterErr      driverlib.lib(i2c.o)
    0x00001c26   0x00000002   PAD
    0x00001c28   0x00000034   Code   RO         1856    i.I2CMasterInitExpClk  driverlib.lib(i2c.o)
    0x00001c5c   0x00000008   Code   RO         1857    i.I2CMasterIntClear  driverlib.lib(i2c.o)
    0x00001c64   0x00000018   Code   RO         1860    i.I2CMasterIntStatus  driverlib.lib(i2c.o)
    0x00001c7c   0x00000008   Code   RO         1861    i.I2CMasterSlaveAddrSet  driverlib.lib(i2c.o)
    0x00001c84   0x00000006   Code   RO         2040    i.I2SIntClear       driverlib.lib(i2s.o)
    0x00001c8a   0x0000000e   Code   RO         2044    i.I2SIntStatus      driverlib.lib(i2s.o)
    0x00001c98   0x00000010   Code   RO         2046    i.I2SMasterClockSelect  driverlib.lib(i2s.o)
    0x00001ca8   0x0000003a   Code   RO         2047    i.I2SRxConfigSet    driverlib.lib(i2s.o)
    0x00001ce2   0x00000006   Code   RO         2054    i.I2SRxFIFOLimitSet  driverlib.lib(i2s.o)
    0x00001ce8   0x00000016   Code   RO         2055    i.I2STxConfigSet    driverlib.lib(i2s.o)
    0x00001cfe   0x00000012   Code   RO         2059    i.I2STxEnable       driverlib.lib(i2s.o)
    0x00001d10   0x00000004   Code   RO         2062    i.I2STxFIFOLimitSet  driverlib.lib(i2s.o)
    0x00001d14   0x00000016   Code   RO         2065    i.I2STxRxEnable     driverlib.lib(i2s.o)
    0x00001d2a   0x00000002   PAD
    0x00001d2c   0x00000054   Code   RO           11    i.InitFPGADaughterLCDInterface  kitronix320x240x16_ssd2119_8bit.o
    0x00001d80   0x0000010c   Code   RO           12    i.InitGPIOLCDInterface  kitronix320x240x16_ssd2119_8bit.o
    0x00001e8c   0x00000058   Code   RO           13    i.InitSRAMDaughterLCDInterface  kitronix320x240x16_ssd2119_8bit.o
    0x00001ee4   0x0000006c   Code   RO         2209    i.IntDisable        driverlib.lib(interrupt.o)
    0x00001f50   0x0000006c   Code   RO         2210    i.IntEnable         driverlib.lib(interrupt.o)
    0x00001fbc   0x0000001c   Code   RO           14    i.Kitronix320x240x16_SSD2119ColorTranslate  kitronix320x240x16_ssd2119_8bit.o
    0x00001fd8   0x00000002   Code   RO           15    i.Kitronix320x240x16_SSD2119Flush  kitronix320x240x16_ssd2119_8bit.o
    0x00001fda   0x00000002   PAD
    0x00001fdc   0x00000268   Code   RO           16    i.Kitronix320x240x16_SSD2119Init  kitronix320x240x16_ssd2119_8bit.o
    0x00002244   0x0000006c   Code   RO           17    i.Kitronix320x240x16_SSD2119LineDrawH  kitronix320x240x16_ssd2119_8bit.o
    0x000022b0   0x0000006c   Code   RO           18    i.Kitronix320x240x16_SSD2119LineDrawV  kitronix320x240x16_ssd2119_8bit.o
    0x0000231c   0x0000004c   Code   RO           19    i.Kitronix320x240x16_SSD2119PixelDraw  kitronix320x240x16_ssd2119_8bit.o
    0x00002368   0x000001bc   Code   RO           20    i.Kitronix320x240x16_SSD2119PixelDrawMultiple  kitronix320x240x16_ssd2119_8bit.o
    0x00002524   0x00000108   Code   RO           21    i.Kitronix320x240x16_SSD2119RectFill  kitronix320x240x16_ssd2119_8bit.o
    0x0000262c   0x00000352   Code   RO         3328    i.ListBoxMsgProc    grlib.lib(listbox.o)
    0x0000297e   0x00000068   Code   RO         3329    i.ListBoxTextAdd    grlib.lib(listbox.o)
    0x000029e6   0x00000002   PAD
    0x000029e8   0x00000068   Code   RO          807    i.OnBtnPlay1        main.o
    0x00002a50   0x0000006c   Code   RO          808    i.OnBtnPlay111      main.o
    0x00002abc   0x0000006c   Code   RO          809    i.OnBtnPlay2        main.o
    0x00002b28   0x0000006c   Code   RO          810    i.OnBtnPlay222      main.o
    0x00002b94   0x0000006c   Code   RO          811    i.OnBtnPlay3        main.o
    0x00002c00   0x0000006c   Code   RO          812    i.OnBtnPlay4        main.o
    0x00002c6c   0x0000006c   Code   RO          813    i.OnBtnPlay444      main.o
    0x00002cd8   0x0000006c   Code   RO          814    i.OnBtnPlay5        main.o
    0x00002d44   0x0000006c   Code   RO          815    i.OnBtnPlay555      main.o
    0x00002db0   0x0000006c   Code   RO          816    i.OnBtnPlay6        main.o
    0x00002e1c   0x0000006c   Code   RO          817    i.OnBtnPlay666      main.o
    0x00002e88   0x0000006c   Code   RO          818    i.OnBtnPlay7        main.o
    0x00002ef4   0x0000000e   Code   RO          819    i.OnSliderChange    main.o
    0x00002f02   0x00000002   PAD
    0x00002f04   0x000000c0   Code   RO          155    i.PinoutSet         set_pinout.o
    0x00002fc4   0x000000d0   Code   RO          820    i.PopulateFileListBox  main.o
    0x00003094   0x000000ec   Code   RO          156    i.PortControlSet    set_pinout.o
    0x00003180   0x00000010   Code   RO          821    i.QuaChoose1        main.o
    0x00003190   0x00000010   Code   RO          822    i.QuaChoose2        main.o
    0x000031a0   0x00000010   Code   RO          823    i.QuaChoose3        main.o
    0x000031b0   0x00000120   Code   RO         3358    i.RectangularButtonMsgProc  grlib.lib(pushbutton.o)
    0x000032d0   0x0000018e   Code   RO         3359    i.RectangularButtonPaint  grlib.lib(pushbutton.o)
    0x0000345e   0x00000002   PAD
    0x00003460   0x00000054   Code   RO          157    i.SDRAMConfigGet    set_pinout.o
    0x000034b4   0x00000020   Code   RO          610    i.SELECT            mmc-dk-lm3s9b96.o
    0x000034d4   0x0000004a   Code   RO         2313    i.SSIConfigSetExpClk  driverlib.lib(ssi.o)
    0x0000351e   0x0000000e   Code   RO         2316    i.SSIDataGet        driverlib.lib(ssi.o)
    0x0000352c   0x0000000c   Code   RO         2318    i.SSIDataPut        driverlib.lib(ssi.o)
    0x00003538   0x0000000a   Code   RO         2320    i.SSIDisable        driverlib.lib(ssi.o)
    0x00003542   0x0000000a   Code   RO         2321    i.SSIEnable         driverlib.lib(ssi.o)
    0x0000354c   0x00000156   Code   RO         3398    i.SliderMsgProc     grlib.lib(slider.o)
    0x000036a2   0x000002ea   Code   RO         3399    i.SliderPaint       grlib.lib(slider.o)
    0x0000398c   0x000000c2   Code   RO         3400    i.SliderValueToPosition  grlib.lib(slider.o)
    0x00003a4e   0x00000002   PAD
    0x00003a50   0x00000150   Code   RO          219    i.SoundBufferPlay   sound.o
    0x00003ba0   0x000000d4   Code   RO          221    i.SoundInit         sound.o
    0x00003c74   0x00000154   Code   RO          222    i.SoundIntHandler   sound.o
    0x00003dc8   0x00000288   Code   RO          226    i.SoundSetFormat    sound.o
    0x00004050   0x00000014   Code   RO          229    i.SoundVolumeSet    sound.o
    0x00004064   0x00000044   Code   RO          824    i.StringFromFresult  main.o
    0x000040a8   0x000001e8   Code   RO         2425    i.SysCtlClockGet    driverlib.lib(sysctl.o)
    0x00004290   0x000000d8   Code   RO         2431    i.SysCtlI2SMClkSet  driverlib.lib(sysctl.o)
    0x00004368   0x00000020   Code   RO         2450    i.SysCtlPeripheralEnable  driverlib.lib(sysctl.o)
    0x00004388   0x00000038   Code   RO         2452    i.SysCtlPeripheralReset  driverlib.lib(sysctl.o)
    0x000043c0   0x00000008   Code   RO          825    i.SysTickHandler    main.o
    0x000043c8   0x00000054   Code   RO          384    i.TLV320AIC23BHeadPhoneVolumeSet  tlv320aic23b.o
    0x0000441c   0x000000cc   Code   RO          385    i.TLV320AIC23BInit  tlv320aic23b.o
    0x000044e8   0x00000018   Code   RO          386    i.TLV320AIC23BLineInVolumeSet  tlv320aic23b.o
    0x00004500   0x000000a4   Code   RO          387    i.TLV320AIC23BWriteRegister  tlv320aic23b.o
    0x000045a4   0x0000001c   Code   RO         2684    i.TimerConfigure    driverlib.lib(timer.o)
    0x000045c0   0x00000016   Code   RO         2688    i.TimerControlTrigger  driverlib.lib(timer.o)
    0x000045d6   0x0000000e   Code   RO         2691    i.TimerEnable       driverlib.lib(timer.o)
    0x000045e4   0x00000012   Code   RO         2699    i.TimerLoadSet      driverlib.lib(timer.o)
    0x000045f6   0x00000002   PAD
    0x000045f8   0x0000000c   Code   RO          332    i.TouchScreenCallbackSet  touch.o
    0x00004604   0x00000204   Code   RO          333    i.TouchScreenDebouncer  touch.o
    0x00004808   0x00000168   Code   RO          334    i.TouchScreenInit   touch.o
    0x00004970   0x00000230   Code   RO          335    i.TouchScreenIntHandler  touch.o
    0x00004ba0   0x00000010   Code   RO          826    i.TuneChoose1       main.o
    0x00004bb0   0x00000010   Code   RO          827    i.TuneChoose2       main.o
    0x00004bc0   0x00000010   Code   RO          828    i.TuneChoose3       main.o
    0x00004bd0   0x00000050   Code   RO         1133    i.UART0Initial      uartconfigure.o
    0x00004c20   0x00000064   Code   RO         1168    i.UART0_ISR         uartisr.o
    0x00004c84   0x00000010   Code   RO         2855    i.UARTCharGetNonBlocking  driverlib.lib(uart.o)
    0x00004c94   0x0000006e   Code   RO         2860    i.UARTConfigSetExpClk  driverlib.lib(uart.o)
    0x00004d02   0x00000014   Code   RO         2865    i.UARTEnable        driverlib.lib(uart.o)
    0x00004d16   0x00000006   Code   RO         2870    i.UARTFIFOLevelSet  driverlib.lib(uart.o)
    0x00004d1c   0x00000004   Code   RO         2873    i.UARTIntClear      driverlib.lib(uart.o)
    0x00004d20   0x00000008   Code   RO         2875    i.UARTIntEnable     driverlib.lib(uart.o)
    0x00004d28   0x0000000a   Code   RO         2877    i.UARTIntStatus     driverlib.lib(uart.o)
    0x00004d32   0x00000010   Code   RO         1087    i.UARTStdioInit     uartstdio.o
    0x00004d42   0x00000002   PAD
    0x00004d44   0x00000084   Code   RO         1088    i.UARTStdioInitExpClk  uartstdio.o
    0x00004dc8   0x000002e4   Code   RO         1091    i.UARTprintf        uartstdio.o
    0x000050ac   0x0000004c   Code   RO         1092    i.UARTwrite         uartstdio.o
    0x000050f8   0x0000000c   Code   RO          829    i.WaveClose         main.o
    0x00005104   0x00000308   Code   RO          830    i.WaveOpen          main.o
    0x0000540c   0x000000d4   Code   RO          831    i.WavePlay          main.o
    0x000054e0   0x00000064   Code   RO          832    i.WaveRead          main.o
    0x00005544   0x00000026   Code   RO         3429    i.WidgetAdd         grlib.lib(widget.o)
    0x0000556a   0x00000004   Code   RO         3430    i.WidgetDefaultMsgProc  grlib.lib(widget.o)
    0x0000556e   0x00000002   PAD
    0x00005570   0x000000e4   Code   RO         3431    i.WidgetMessageQueueAdd  grlib.lib(widget.o)
    0x00005654   0x000000b8   Code   RO         3432    i.WidgetMessageQueueProcess  grlib.lib(widget.o)
    0x0000570c   0x000000e0   Code   RO         3433    i.WidgetMessageSendPostOrder  grlib.lib(widget.o)
    0x000057ec   0x00000020   Code   RO         3437    i.WidgetPointerMessage  grlib.lib(widget.o)
    0x0000580c   0x00000010   Code   RO           22    i.WriteCommandEPI   kitronix320x240x16_ssd2119_8bit.o
    0x0000581c   0x00000014   Code   RO           23    i.WriteCommandFPGA  kitronix320x240x16_ssd2119_8bit.o
    0x00005830   0x0000004c   Code   RO           24    i.WriteCommandGPIO  kitronix320x240x16_ssd2119_8bit.o
    0x0000587c   0x0000000e   Code   RO           25    i.WriteDataEPI      kitronix320x240x16_ssd2119_8bit.o
    0x0000588a   0x00000014   Code   RO           26    i.WriteDataFPGA     kitronix320x240x16_ssd2119_8bit.o
    0x0000589e   0x00000002   PAD
    0x000058a0   0x00000048   Code   RO           27    i.WriteDataGPIO     kitronix320x240x16_ssd2119_8bit.o
    0x000058e8   0x00000204   Code   RO          424    i.auto_mount        ff.o
    0x00005aec   0x00000070   Code   RO          425    i.check_fs          ff.o
    0x00005b5c   0x0000000c   Code   RO          611    i.chk_power         mmc-dk-lm3s9b96.o
    0x00005b68   0x00000022   Code   RO          426    i.clust2sect        ff.o
    0x00005b8a   0x000000b8   Code   RO          427    i.create_chain      ff.o
    0x00005c42   0x00000002   PAD
    0x00005c44   0x00000190   Code   RO          612    i.disk_initialize   mmc-dk-lm3s9b96.o
    0x00005dd4   0x000001d8   Code   RO          613    i.disk_ioctl        mmc-dk-lm3s9b96.o
    0x00005fac   0x000000a8   Code   RO          614    i.disk_read         mmc-dk-lm3s9b96.o
    0x00006054   0x00000014   Code   RO          615    i.disk_status       mmc-dk-lm3s9b96.o
    0x00006068   0x00000034   Code   RO          616    i.disk_timerproc    mmc-dk-lm3s9b96.o
    0x0000609c   0x000000d8   Code   RO          617    i.disk_write        mmc-dk-lm3s9b96.o
    0x00006174   0x00000018   Code   RO          429    i.f_close           ff.o
    0x0000618c   0x00000038   Code   RO          433    i.f_mount           ff.o
    0x000061c4   0x00000192   Code   RO          434    i.f_open            ff.o
    0x00006356   0x00000070   Code   RO          435    i.f_opendir         ff.o
    0x000063c6   0x000001ae   Code   RO          436    i.f_read            ff.o
    0x00006574   0x00000084   Code   RO          437    i.f_readdir         ff.o
    0x000065f8   0x00000096   Code   RO          440    i.f_sync            ff.o
    0x0000668e   0x000000ec   Code   RO          443    i.get_cluster       ff.o
    0x0000677a   0x00000002   PAD
    0x0000677c   0x00000008   Code   RO          618    i.get_fattime       mmc-dk-lm3s9b96.o
    0x00006784   0x000000be   Code   RO          444    i.get_fileinfo      ff.o
    0x00006842   0x00000002   PAD
    0x00006844   0x00000264   Code   RO          833    i.main              main.o
    0x00006aa8   0x0000013e   Code   RO          445    i.make_dirfile      ff.o
    0x00006be6   0x00000090   Code   RO          446    i.move_window       ff.o
    0x00006c76   0x00000074   Code   RO          447    i.next_dir_entry    ff.o
    0x00006cea   0x00000002   PAD
    0x00006cec   0x0000006c   Code   RO         1169    i.parseCmd          uartisr.o
    0x00006d58   0x00000010   Code   RO          619    i.power_off         mmc-dk-lm3s9b96.o
    0x00006d68   0x000000bc   Code   RO          620    i.power_on          mmc-dk-lm3s9b96.o
    0x00006e24   0x00000124   Code   RO          448    i.put_cluster       ff.o
    0x00006f48   0x0000005c   Code   RO          621    i.rcvr_datablock    mmc-dk-lm3s9b96.o
    0x00006fa4   0x0000001c   Code   RO          622    i.rcvr_spi          mmc-dk-lm3s9b96.o
    0x00006fc0   0x0000000c   Code   RO          623    i.rcvr_spi_m        mmc-dk-lm3s9b96.o
    0x00006fcc   0x00000048   Code   RO          449    i.remove_chain      ff.o
    0x00007014   0x000000f2   Code   RO          450    i.reserve_direntry  ff.o
    0x00007106   0x00000086   Code   RO          624    i.send_cmd          mmc-dk-lm3s9b96.o
    0x0000718c   0x00000050   Code   RO          625    i.send_initial_clock_train  mmc-dk-lm3s9b96.o
    0x000071dc   0x00000044   Code   RO          626    i.set_max_speed     mmc-dk-lm3s9b96.o
    0x00007220   0x00000034   Code   RO          451    i.sync              ff.o
    0x00007254   0x00000106   Code   RO          452    i.trace_path        ff.o
    0x0000735a   0x00000002   PAD
    0x0000735c   0x00000030   Code   RO         3103    i.uDMAChannelAttributeDisable  driverlib.lib(udma.o)
    0x0000738c   0x00000030   Code   RO         3104    i.uDMAChannelAttributeEnable  driverlib.lib(udma.o)
    0x000073bc   0x0000001c   Code   RO         3106    i.uDMAChannelControlSet  driverlib.lib(udma.o)
    0x000073d8   0x00000010   Code   RO         3108    i.uDMAChannelEnable  driverlib.lib(udma.o)
    0x000073e8   0x00000024   Code   RO         3110    i.uDMAChannelModeGet  driverlib.lib(udma.o)
    0x0000740c   0x00000088   Code   RO         3116    i.uDMAChannelTransferSet  driverlib.lib(udma.o)
    0x00007494   0x0000000c   Code   RO         3119    i.uDMAControlBaseSet  driverlib.lib(udma.o)
    0x000074a0   0x0000000c   Code   RO         3121    i.uDMAEnable        driverlib.lib(udma.o)
    0x000074ac   0x00000028   Code   RO          743    i.usprintf          ustdlib.o
    0x000074d4   0x000003c4   Code   RO          748    i.uvsnprintf        ustdlib.o
    0x00007898   0x0000002a   Code   RO          453    i.validate          ff.o
    0x000078c2   0x00000002   PAD
    0x000078c4   0x0000002c   Code   RO          627    i.wait_ready        mmc-dk-lm3s9b96.o
    0x000078f0   0x0000006a   Code   RO          628    i.xmit_datablock    mmc-dk-lm3s9b96.o
    0x0000795a   0x00000002   PAD
    0x0000795c   0x0000001c   Code   RO          629    i.xmit_spi          mmc-dk-lm3s9b96.o
    0x00007978   0x0000000e   Code   RO         3759    x$fpl$fpinit        fz_ws.l(fpinit.o)
    0x00007986   0x00000002   PAD
    0x00007988   0x00000028   Data   RO           28    .constdata          kitronix320x240x16_ssd2119_8bit.o
    0x000079b0   0x00000084   Data   RO          158    .constdata          set_pinout.o
    0x00007a34   0x00000054   Data   RO          337    .constdata          touch.o
    0x00007a88   0x0000000d   Data   RO          388    .constdata          tlv320aic23b.o
    0x00007a95   0x00000003   PAD
    0x00007a98   0x0000001c   Data   RO          749    .constdata          ustdlib.o
    0x00007ab4   0x0000001c   Data   RO         1093    .constdata          uartstdio.o
    0x00007ad0   0x00000048   Data   RO         1665    .constdata          driverlib.lib(gpio.o)
    0x00007b18   0x0000009c   Data   RO         2463    .constdata          driverlib.lib(sysctl.o)
    0x00007bb4   0x0000055f   Data   RO         3285    .constdata          grlib.lib(fontcm12.o)
    0x00008113   0x00000001   PAD
    0x00008114   0x000000c8   Data   RO         3286    .constdata          grlib.lib(fontcm12.o)
    0x000081dc   0x0000095e   Data   RO         3299    .constdata          grlib.lib(fontcm20.o)
    0x00008b3a   0x00000002   PAD
    0x00008b3c   0x000000c8   Data   RO         3300    .constdata          grlib.lib(fontcm20.o)
    0x00008c04   0x00000514   Data   RO         3313    .constdata          grlib.lib(fontcmss12.o)
    0x00009118   0x000000c8   Data   RO         3314    .constdata          grlib.lib(fontcmss12.o)
    0x000091e0   0x00000011   Data   RO          750    .conststring        ustdlib.o
    0x000091f1   0x000000fb   Data   RO          835    .conststring        main.o
    0x000092ec   0x00000020   Data   RO         3840    Region$$Table       anon$$obj.o


    Execution Region RW_IRAM (Base: 0x20000000, Size: 0x00003d80, Max: 0x00018000, ABSOLUTE, COMPRESSED[0x00000348])

    Base Addr    Size         Type   Attr      Idx    E Section Name        Object

    0x20000000   0x00000008   Data   RW           29    .data               kitronix320x240x16_ssd2119_8bit.o
    0x20000008   0x00000002   Data   RW          159    .data               set_pinout.o
    0x2000000a   0x00000002   PAD
    0x2000000c   0x0000003c   Data   RW          232    .data               sound.o
    0x20000048   0x00000014   Data   RW          338    .data               touch.o
    0x2000005c   0x00000002   Data   RW          389    .data               tlv320aic23b.o
    0x2000005e   0x00000002   PAD
    0x20000060   0x0000000a   Data   RW          454    .data               ff.o
    0x2000006a   0x00000005   Data   RW          630    .data               mmc-dk-lm3s9b96.o
    0x2000006f   0x00000001   PAD
    0x20000070   0x00000ee4   Data   RW          836    .data               main.o
    0x20000f54   0x00000005   Data   RW         1095    .data               uartstdio.o
    0x20000f59   0x00000003   PAD
    0x20000f5c   0x00000004   Data   RW         1137    .data               uartconfigure.o
    0x20000f60   0x00000004   Data   RW         1244    .data               sysctlconfigure.o
    0x20000f64   0x00000030   Data   RW         3440    .data               grlib.lib(widget.o)
    0x20000f94   0x00000830   Zero   RW          231    .bss                sound.o
    0x200017c4   0x00000010   Zero   RW          336    .bss                touch.o
    0x200017d4   0x0000002c   PAD
    0x20001800   0x00001bc0   Zero   RW          834    .bss                main.o
    0x200033c0   0x00000400   Zero   RW         1136    .bss                uartconfigure.o
    0x200037c0   0x00000140   Zero   RW         3439    .bss                grlib.lib(widget.o)
    0x20003900   0x00000020   Zero   RW         3551    .bss                grlib.lib(image.o)
    0x20003920   0x00000060   Zero   RW         3714    .bss                c_w.l(libspace.o)
    0x20003980   0x00000000   Zero   RW            2    HEAP                startup_rvmdk.o
    0x20003980   0x00000400   Zero   RW            1    STACK               startup_rvmdk.o


==============================================================================

Image component sizes


      Code (inc. data)   RO Data    RW Data    ZI Data      Debug   Object Name

      4118         26          0         10          0      21743   ff.o
       484         48          0          0          0        594   gpiodriverconfigure.o
      2304        146         40          8          0      32612   kitronix320x240x16_ssd2119_8bit.o
      3988       1050        251       3812       7104      43290   main.o
      2192        136          0          5          0      14377   mmc-dk-lm3s9b96.o
      1602        112        132          2          0       8000   set_pinout.o
      1556        190          0         60       2096      11634   sound.o
       320        300          0          0       1024        416   startup_rvmdk.o
         0          0          0          4          0        190   sysctlconfigure.o
       476         32         13          2          0       5062   tlv320aic23b.o
      1448        144         84         20         16       4790   touch.o
        80         12          0          4       1024       1008   uartconfigure.o
       208         48          0          0          0        955   uartisr.o
       964         34         28          5          0       4322   uartstdio.o
      1004         14         45          0          0       3452   ustdlib.o

    ----------------------------------------------------------------------
     20768       2292        628       3940      11308     152445   Object Totals
         0          0         32          0          0          0   (incl. Generated)
        24          0          3          8         44          1   (incl. Padding)

    ----------------------------------------------------------------------

      Code (inc. data)   RO Data    RW Data    ZI Data      Debug   Library Member Name

        90          0          0          0          0          0   __dczerorl2.o
         8          0          0          0          0         68   __main.o
        52          8          0          0          0          0   __scatter.o
        28          0          0          0          0          0   __scatter_zi.o
        16          0          0          0          0         68   aeabi_memset.o
        12          0          0          0          0         68   exit.o
         6          0          0          0          0        152   heapauxi.o
         6          0          0          0          0          0   libinit.o
         2          0          0          0          0          0   libinit2.o
         2          0          0          0          0          0   libshutdown.o
         2          0          0          0          0          0   libshutdown2.o
         8          4          0          0         96         68   libspace.o
        78          0          0          0          0         76   memcmp.o
         8          4          0          0          0         68   rt_fp_status_addr_intlibspace.o
        68          0          0          0          0         68   rt_memclr.o
        78          0          0          0          0         80   rt_memclr_w.o
       138          0          0          0          0         68   rt_memcpy_v6.o
       100          0          0          0          0         80   rt_memcpy_w.o
         0          0          0          0          0          0   rtentry.o
        12          0          0          0          0          0   rtentry2.o
         6          0          0          0          0          0   rtentry4.o
         2          0          0          0          0          0   rtexit.o
        10          0          0          0          0          0   rtexit2.o
       140          0          0          0          0         80   strncmp.o
        86          0          0          0          0         76   strncpy.o
        12          4          0          0          0         68   sys_exit.o
        74          0          0          0          0         80   sys_stackheap_outer.o
         2          0          0          0          0         68   use_no_semi.o
       204          0          0          0          0       5442   adc.o
       104          0          0          0          0       2891   epi.o
       524         10         72          0          0       7846   gpio.o
       138         10          0          0          0       4884   i2c.o
       166          0          0          0          0       4140   i2s.o
       216          0          0          0          0       1169   interrupt.o
       120          0          0          0          0       2568   ssi.o
       798         66        156          0          0       4225   sysctl.o
        82          0          0          0          0       1936   timer.o
       174          0          0          0          0       4090   uart.o
       336         40          0          0          0       9503   udma.o
        14          0          0          0          0         76   fpinit.o
       430          0          0          0          0      21934   canvas.o
       144          0          0          0          0       1369   context.o
         0          0       1575          0          0      15518   fontcm12.o
         0          0       2598          0          0      15518   fontcm20.o
         0          0       1500          0          0      15526   fontcmss12.o
       732          4          0          0         32       2898   image.o
       154          0          0          0          0       1794   line.o
       954          0          0          0          0       7642   listbox.o
       686          0          0          0          0       8587   pushbutton.o
       426          0          0          0          0       2660   rectangle.o
      1282          0          0          0          0      10724   slider.o
       860          0          0          0          0       3854   string.o
       730         32          0         48        320       7128   widget.o

    ----------------------------------------------------------------------
     10344        182       5904         48        448     165158   Library Totals
        24          0          3          0          0          0   (incl. Padding)

    ----------------------------------------------------------------------

      Code (inc. data)   RO Data    RW Data    ZI Data      Debug   Library Name

      1046         20          0          0         96       1236   c_w.l
      2862        126        228          0          0      48694   driverlib.lib
        14          0          0          0          0         76   fz_ws.l
      6398         36       5673         48        352     115152   grlib.lib

    ----------------------------------------------------------------------
     10344        182       5904         48        448     165158   Library Totals

    ----------------------------------------------------------------------

==============================================================================


      Code (inc. data)   RO Data    RW Data    ZI Data      Debug   

     31112       2474       6532       3988      11756     305748   Grand Totals
     31112       2474       6532        840      11756     305748   ELF Image Totals (compressed)
     31112       2474       6532        840          0          0   ROM Totals

==============================================================================

    Total RO  Size (Code + RO Data)                37644 (  36.76kB)
    Total RW  Size (RW Data + ZI Data)             15744 (  15.38kB)
    Total ROM Size (Code + RO Data + RW Data)      38484 (  37.58kB)

==============================================================================

