<html>
<body>
<pre>
<h1>µVision Build Log</h1>
<h2>Project:</h2>
C:\Users\Administrator\Documents\lm3s9b92-music-player-new\musicplayer\Experiment.uvproj
Project File Date:  06/22/2015

<h2>Output:</h2>
Build target 'Target 1'
linking...
Program Size: Code=63900 RO-data=5200 RW-data=1912 ZI-data=48640  
"Experiment.axf" - 0 Error(s), 0 Warning(s).
Load "C:\\Users\\Administrator\\Documents\\lm3s9b92-music-player-new\\musicplayer\\Experiment.AXF" 
Connecting: Mode=JTAG, Speed=1000000Hz
Erase Done.
Programming Done.
Verify OK.
Clean started: Project: 'Experiment'
   deleting intermediate output files for target 'Target 1'
