<html>
<body>
<pre>
<h1>µVision Build Log</h1>
<h2>Project:</h2>
C:\Users\Administrator\Documents\lm3s9b92-music-player\musicplayer\Experiment.uvproj
Project File Date:  06/04/2015

<h2>Output:</h2>
Build target 'Target 1'
compiling kitronix320x240x16_ssd2119_8bit.c...
compiling set_pinout.c...
compiling sound.c...
compiling touch.c...
compiling tlv320aic23b.c...
compiling ff.c...
H:\tempInstall\StellarisWare\third_party\fatfs\src\ff.c(573): warning:  #1293-D: assignment in condition
H:\tempInstall\StellarisWare\third_party\fatfs\src\ff.c(648): warning:  #1293-D: assignment in condition
H:\tempInstall\StellarisWare\third_party\fatfs\src\ff.c(1255): warning:  #188-D: enumerated type mixed with another type
compiling mmc-dk-lm3s9b96.c...
compiling ustdlib.c...
compiling main.c...
compiling uartstdio.c...
compiling UARTISR.c...
UARTISR.c(33): warning:  #167-D: argument of type "unsigned char *" is incompatible with parameter of type "const char *"
compiling TCPhandler.c...
TCPhandler.c(15): warning:  #177-D: variable "testdata" was declared but never referenced
compiling SysCtlConfigure.c...
compiling UARTConfigure.c...
compiling GPIODriverConfigure.c...
compiling TimerConfigure.c...
compiling EthernetConfigure.c...
linking...
Experiment.axf: Error: L6218E: Undefined symbol lwIPEthernetIntHandler (referred from startup_rvmdk.o).
Experiment.axf: Error: L6218E: Undefined symbol lwIPTimer (referred from main.o).
Experiment.axf: Error: L6218E: Undefined symbol ip_addr_any (referred from tcphandler.o).
Experiment.axf: Error: L6218E: Undefined symbol pbuf_free (referred from tcphandler.o).
Experiment.axf: Error: L6218E: Undefined symbol tcp_accept (referred from tcphandler.o).
Experiment.axf: Error: L6218E: Undefined symbol tcp_bind (referred from tcphandler.o).
Experiment.axf: Error: L6218E: Undefined symbol tcp_listen_with_backlog (referred from tcphandler.o).
Experiment.axf: Error: L6218E: Undefined symbol tcp_new (referred from tcphandler.o).
Experiment.axf: Error: L6218E: Undefined symbol tcp_recv (referred from tcphandler.o).
Experiment.axf: Error: L6218E: Undefined symbol tcp_recved (referred from tcphandler.o).
Experiment.axf: Error: L6218E: Undefined symbol tcp_write (referred from tcphandler.o).
Experiment.axf: Error: L6218E: Undefined symbol LocatorAppTitleSet (referred from ethernetconfigure.o).
Experiment.axf: Error: L6218E: Undefined symbol LocatorInit (referred from ethernetconfigure.o).
Experiment.axf: Error: L6218E: Undefined symbol LocatorMACAddrSet (referred from ethernetconfigure.o).
Experiment.axf: Error: L6218E: Undefined symbol lwIPInit (referred from ethernetconfigure.o).
Experiment.axf: Error: L6218E: Undefined symbol lwIPLocalGWAddrGet (referred from ethernetconfigure.o).
Experiment.axf: Error: L6218E: Undefined symbol lwIPLocalIPAddrGet (referred from ethernetconfigure.o).
Experiment.axf: Error: L6218E: Undefined symbol lwIPLocalNetMaskGet (referred from ethernetconfigure.o).
Target not created
Build target 'Target 1'
compiling locator.c...
compiling lwiplib.c...
linking...
Program Size: Code=61244 RO-data=7652 RW-data=1172 ZI-data=47636  
"Experiment.axf" - 0 Error(s), 0 Warning(s).
Load "C:\\Users\\Administrator\\Documents\\lm3s9b92-music-player\\musicplayer\\Experiment.AXF" 
Connecting: Mode=JTAG, Speed=1000000Hz
Erase Done.
Programming Done.
Verify OK.
Build target 'Target 1'
compiling TCPhandler.c...
TCPhandler.c(15): warning:  #177-D: variable "testdata" was declared but never referenced
linking...
Program Size: Code=61272 RO-data=7652 RW-data=1172 ZI-data=47636  
"Experiment.axf" - 0 Error(s), 1 Warning(s).
Load "C:\\Users\\Administrator\\Documents\\lm3s9b92-music-player\\musicplayer\\Experiment.AXF" 
Connecting: Mode=JTAG, Speed=1000000Hz
Erase Done.
Programming Done.
Verify OK.
Build target 'Target 1'
compiling TCPhandler.c...
TCPhandler.c(15): warning:  #177-D: variable "testdata" was declared but never referenced
linking...
Program Size: Code=61260 RO-data=7652 RW-data=1172 ZI-data=47636  
"Experiment.axf" - 0 Error(s), 1 Warning(s).
Load "C:\\Users\\Administrator\\Documents\\lm3s9b92-music-player\\musicplayer\\Experiment.AXF" 
Connecting: Mode=JTAG, Speed=1000000Hz
Erase Done.
Programming Done.
Verify OK.
Build target 'Target 1'
compiling TCPhandler.c...
TCPhandler.c(15): warning:  #177-D: variable "testdata" was declared but never referenced
linking...
Program Size: Code=61284 RO-data=7652 RW-data=1172 ZI-data=47636  
"Experiment.axf" - 0 Error(s), 1 Warning(s).
Load "C:\\Users\\Administrator\\Documents\\lm3s9b92-music-player\\musicplayer\\Experiment.AXF" 
Connecting: Mode=JTAG, Speed=1000000Hz
Erase Done.
Programming Done.
Verify OK.
Build target 'Target 1'
compiling TCPhandler.c...
TCPhandler.c(15): warning:  #177-D: variable "testdata" was declared but never referenced
linking...
Program Size: Code=61336 RO-data=7652 RW-data=1172 ZI-data=47636  
"Experiment.axf" - 0 Error(s), 1 Warning(s).
Load "C:\\Users\\Administrator\\Documents\\lm3s9b92-music-player\\musicplayer\\Experiment.AXF" 
Connecting: Mode=JTAG, Speed=1000000Hz
Erase Done.
Programming Done.
Verify OK.
Build target 'Target 1'
compiling TCPhandler.c...
TCPhandler.c(43): warning:  #177-D: variable "data" was declared but never referenced
TCPhandler.c(15): warning:  #177-D: variable "testdata" was declared but never referenced
linking...
Program Size: Code=61344 RO-data=7652 RW-data=1172 ZI-data=47636  
"Experiment.axf" - 0 Error(s), 2 Warning(s).
Load "C:\\Users\\Administrator\\Documents\\lm3s9b92-music-player\\musicplayer\\Experiment.AXF" 
Connecting: Mode=JTAG, Speed=1000000Hz
Erase Done.
Programming Done.
Verify OK.
Build target 'Target 1'
compiling TCPhandler.c...
TCPhandler.c(43): warning:  #177-D: variable "data" was declared but never referenced
TCPhandler.c(15): warning:  #177-D: variable "testdata" was declared but never referenced
linking...
Program Size: Code=61308 RO-data=7652 RW-data=1172 ZI-data=47636  
"Experiment.axf" - 0 Error(s), 2 Warning(s).
Load "C:\\Users\\Administrator\\Documents\\lm3s9b92-music-player\\musicplayer\\Experiment.AXF" 
Connecting: Mode=JTAG, Speed=1000000Hz
Erase Done.
Programming Done.
Verify OK.
Build target 'Target 1'
compiling TCPhandler.c...
TCPhandler.c(43): warning:  #177-D: variable "data" was declared but never referenced
TCPhandler.c(15): warning:  #177-D: variable "testdata" was declared but never referenced
linking...
Program Size: Code=61312 RO-data=7652 RW-data=1172 ZI-data=47636  
"Experiment.axf" - 0 Error(s), 2 Warning(s).
Load "C:\\Users\\Administrator\\Documents\\lm3s9b92-music-player\\musicplayer\\Experiment.AXF" 
Connecting: Mode=JTAG, Speed=1000000Hz
Erase Done.
Programming Done.
Verify OK.
Build target 'Target 1'
compiling TCPhandler.c...
TCPhandler.c(52): warning:  #177-D: variable "data" was declared but never referenced
TCPhandler.c(15): warning:  #177-D: variable "testdata" was declared but never referenced
linking...
Program Size: Code=61360 RO-data=7652 RW-data=1172 ZI-data=47636  
"Experiment.axf" - 0 Error(s), 2 Warning(s).
Load "C:\\Users\\Administrator\\Documents\\lm3s9b92-music-player\\musicplayer\\Experiment.AXF" 
Connecting: Mode=JTAG, Speed=1000000Hz
Erase Done.
Programming Done.
Verify OK.
Build target 'Target 1'
compiling TCPhandler.c...
TCPhandler.c(52): warning:  #177-D: variable "data" was declared but never referenced
TCPhandler.c(15): warning:  #177-D: variable "testdata" was declared but never referenced
linking...
Program Size: Code=61360 RO-data=7652 RW-data=1172 ZI-data=47636  
"Experiment.axf" - 0 Error(s), 2 Warning(s).
Load "C:\\Users\\Administrator\\Documents\\lm3s9b92-music-player\\musicplayer\\Experiment.AXF" 
Connecting: Mode=JTAG, Speed=1000000Hz
Erase Done.
Programming Done.
Verify OK.
Build target 'Target 1'
compiling TCPhandler.c...
TCPhandler.c(54): warning:  #177-D: variable "data" was declared but never referenced
TCPhandler.c(15): warning:  #177-D: variable "testdata" was declared but never referenced
linking...
Program Size: Code=61360 RO-data=7652 RW-data=1172 ZI-data=47636  
"Experiment.axf" - 0 Error(s), 2 Warning(s).
Load "C:\\Users\\Administrator\\Documents\\lm3s9b92-music-player\\musicplayer\\Experiment.AXF" 
Connecting: Mode=JTAG, Speed=1000000Hz
Erase Done.
Programming Done.
Verify OK.
Build target 'Target 1'
compiling TCPhandler.c...
TCPhandler.c(55): warning:  #177-D: variable "data" was declared but never referenced
TCPhandler.c(15): warning:  #177-D: variable "testdata" was declared but never referenced
linking...
Program Size: Code=61360 RO-data=7652 RW-data=1172 ZI-data=47636  
"Experiment.axf" - 0 Error(s), 2 Warning(s).
Build target 'Target 1'
compiling TCPhandler.c...
TCPhandler.c(55): warning:  #177-D: variable "data" was declared but never referenced
TCPhandler.c(15): warning:  #177-D: variable "testdata" was declared but never referenced
linking...
Program Size: Code=61364 RO-data=7652 RW-data=1172 ZI-data=47636  
"Experiment.axf" - 0 Error(s), 2 Warning(s).
Load "C:\\Users\\Administrator\\Documents\\lm3s9b92-music-player\\musicplayer\\Experiment.AXF" 
Connecting: Mode=JTAG, Speed=1000000Hz
Erase Done.
Programming Done.
Verify OK.
Build target 'Target 1'
compiling TCPhandler.c...
TCPhandler.c(55): warning:  #177-D: variable "data" was declared but never referenced
TCPhandler.c(15): warning:  #177-D: variable "testdata" was declared but never referenced
linking...
Program Size: Code=61364 RO-data=7652 RW-data=1172 ZI-data=47636  
"Experiment.axf" - 0 Error(s), 2 Warning(s).
Load "C:\\Users\\Administrator\\Documents\\lm3s9b92-music-player\\musicplayer\\Experiment.AXF" 
Connecting: Mode=JTAG, Speed=1000000Hz
Erase Done.
Programming Done.
Verify OK.
Build target 'Target 1'
compiling TCPhandler.c...
TCPhandler.c(55): warning:  #177-D: variable "data" was declared but never referenced
TCPhandler.c(15): warning:  #177-D: variable "testdata" was declared but never referenced
linking...
Program Size: Code=61348 RO-data=7652 RW-data=1172 ZI-data=47636  
"Experiment.axf" - 0 Error(s), 2 Warning(s).
Load "C:\\Users\\Administrator\\Documents\\lm3s9b92-music-player\\musicplayer\\Experiment.AXF" 
Connecting: Mode=JTAG, Speed=1000000Hz
Erase Done.
Programming Done.
Verify OK.
Build target 'Target 1'
compiling TCPhandler.c...
TCPhandler.c(55): warning:  #177-D: variable "data" was declared but never referenced
TCPhandler.c(15): warning:  #177-D: variable "testdata" was declared but never referenced
linking...
Program Size: Code=61340 RO-data=7652 RW-data=1172 ZI-data=47636  
"Experiment.axf" - 0 Error(s), 2 Warning(s).
Load "C:\\Users\\Administrator\\Documents\\lm3s9b92-music-player\\musicplayer\\Experiment.AXF" 
Connecting: Mode=JTAG, Speed=1000000Hz
Erase Done.
Programming Done.
Verify OK.
Build target 'Target 1'
compiling TCPhandler.c...
TCPhandler.c(15): warning:  #177-D: variable "testdata" was declared but never referenced
linking...
Program Size: Code=61304 RO-data=7652 RW-data=1172 ZI-data=47636  
"Experiment.axf" - 0 Error(s), 1 Warning(s).
Load "C:\\Users\\Administrator\\Documents\\lm3s9b92-music-player\\musicplayer\\Experiment.AXF" 
Connecting: Mode=JTAG, Speed=1000000Hz
Erase Done.
Programming Done.
Verify OK.
Build target 'Target 1'
compiling TCPhandler.c...
TCPhandler.c(15): warning:  #177-D: variable "testdata" was declared but never referenced
linking...
Program Size: Code=61664 RO-data=7652 RW-data=1172 ZI-data=47636  
"Experiment.axf" - 0 Error(s), 1 Warning(s).
Load "C:\\Users\\Administrator\\Documents\\lm3s9b92-music-player\\musicplayer\\Experiment.AXF" 
Connecting: Mode=JTAG, Speed=1000000Hz
Erase Done.
Programming Done.
Verify OK.
