ARM Linker, 4.1 [Build 644] [Standard]

==============================================================================

Section Cross References

    startup_rvmdk.o(STACK) refers (Special) to heapauxi.o(.text) for __use_two_region_memory
    startup_rvmdk.o(HEAP) refers (Special) to heapauxi.o(.text) for __use_two_region_memory
    startup_rvmdk.o(RESET) refers (Special) to heapauxi.o(.text) for __use_two_region_memory
    startup_rvmdk.o(RESET) refers to startup_rvmdk.o(STACK) for StackMem
    startup_rvmdk.o(RESET) refers to main.o(i.SysTickHandler) for SysTickHandler
    startup_rvmdk.o(RESET) refers to uartisr.o(i.UART0_ISR) for UART0_ISR
    startup_rvmdk.o(RESET) refers to touch.o(i.TouchScreenIntHandler) for TouchScreenIntHandler
    startup_rvmdk.o(RESET) refers to main.o(i.Timer_ISR) for Timer_ISR
    startup_rvmdk.o(RESET) refers to sound.o(i.SoundIntHandler) for SoundIntHandler
    startup_rvmdk.o(RESET) refers to __main.o(!!!main) for __main
    startup_rvmdk.o(.text) refers (Special) to heapauxi.o(.text) for __use_two_region_memory
    startup_rvmdk.o(.text) refers to startup_rvmdk.o(HEAP) for HeapMem
    startup_rvmdk.o(.text) refers to startup_rvmdk.o(STACK) for StackMem
    kitronix320x240x16_ssd2119_8bit.o(i.InitFPGADaughterLCDInterface) refers to sysctl.o(.emb_text) for SysCtlDelay
    kitronix320x240x16_ssd2119_8bit.o(i.InitFPGADaughterLCDInterface) refers to kitronix320x240x16_ssd2119_8bit.o(i.WriteDataFPGA) for WriteDataFPGA
    kitronix320x240x16_ssd2119_8bit.o(i.InitFPGADaughterLCDInterface) refers to kitronix320x240x16_ssd2119_8bit.o(.data) for WriteData
    kitronix320x240x16_ssd2119_8bit.o(i.InitFPGADaughterLCDInterface) refers to kitronix320x240x16_ssd2119_8bit.o(i.WriteCommandFPGA) for WriteCommandFPGA
    kitronix320x240x16_ssd2119_8bit.o(i.InitGPIOLCDInterface) refers to gpio.o(i.GPIODirModeSet) for GPIODirModeSet
    kitronix320x240x16_ssd2119_8bit.o(i.InitGPIOLCDInterface) refers to gpio.o(i.GPIOPadConfigSet) for GPIOPadConfigSet
    kitronix320x240x16_ssd2119_8bit.o(i.InitGPIOLCDInterface) refers to gpio.o(i.GPIOPinWrite) for GPIOPinWrite
    kitronix320x240x16_ssd2119_8bit.o(i.InitGPIOLCDInterface) refers to sysctl.o(.emb_text) for SysCtlDelay
    kitronix320x240x16_ssd2119_8bit.o(i.InitSRAMDaughterLCDInterface) refers to sysctl.o(.emb_text) for SysCtlDelay
    kitronix320x240x16_ssd2119_8bit.o(i.InitSRAMDaughterLCDInterface) refers to gpio.o(i.GPIOPinTypeGPIOOutput) for GPIOPinTypeGPIOOutput
    kitronix320x240x16_ssd2119_8bit.o(i.InitSRAMDaughterLCDInterface) refers to gpio.o(i.GPIOPinWrite) for GPIOPinWrite
    kitronix320x240x16_ssd2119_8bit.o(i.InitSRAMDaughterLCDInterface) refers to kitronix320x240x16_ssd2119_8bit.o(i.WriteDataEPI) for WriteDataEPI
    kitronix320x240x16_ssd2119_8bit.o(i.InitSRAMDaughterLCDInterface) refers to kitronix320x240x16_ssd2119_8bit.o(.data) for WriteData
    kitronix320x240x16_ssd2119_8bit.o(i.InitSRAMDaughterLCDInterface) refers to kitronix320x240x16_ssd2119_8bit.o(i.WriteCommandEPI) for WriteCommandEPI
    kitronix320x240x16_ssd2119_8bit.o(i.Kitronix320x240x16_SSD2119Init) refers to sysctl.o(i.SysCtlClockGet) for SysCtlClockGet
    kitronix320x240x16_ssd2119_8bit.o(i.Kitronix320x240x16_SSD2119Init) refers to kitronix320x240x16_ssd2119_8bit.o(i.InitGPIOLCDInterface) for InitGPIOLCDInterface
    kitronix320x240x16_ssd2119_8bit.o(i.Kitronix320x240x16_SSD2119Init) refers to kitronix320x240x16_ssd2119_8bit.o(i.InitSRAMDaughterLCDInterface) for InitSRAMDaughterLCDInterface
    kitronix320x240x16_ssd2119_8bit.o(i.Kitronix320x240x16_SSD2119Init) refers to kitronix320x240x16_ssd2119_8bit.o(i.InitFPGADaughterLCDInterface) for InitFPGADaughterLCDInterface
    kitronix320x240x16_ssd2119_8bit.o(i.Kitronix320x240x16_SSD2119Init) refers to sysctl.o(.emb_text) for SysCtlDelay
    kitronix320x240x16_ssd2119_8bit.o(i.Kitronix320x240x16_SSD2119Init) refers to set_pinout.o(.data) for g_eDaughterType
    kitronix320x240x16_ssd2119_8bit.o(i.Kitronix320x240x16_SSD2119Init) refers to kitronix320x240x16_ssd2119_8bit.o(.data) for WriteCommand
    kitronix320x240x16_ssd2119_8bit.o(i.Kitronix320x240x16_SSD2119LineDrawH) refers to kitronix320x240x16_ssd2119_8bit.o(.data) for WriteCommand
    kitronix320x240x16_ssd2119_8bit.o(i.Kitronix320x240x16_SSD2119LineDrawV) refers to kitronix320x240x16_ssd2119_8bit.o(.data) for WriteCommand
    kitronix320x240x16_ssd2119_8bit.o(i.Kitronix320x240x16_SSD2119PixelDraw) refers to kitronix320x240x16_ssd2119_8bit.o(.data) for WriteCommand
    kitronix320x240x16_ssd2119_8bit.o(i.Kitronix320x240x16_SSD2119PixelDrawMultiple) refers to kitronix320x240x16_ssd2119_8bit.o(.data) for WriteCommand
    kitronix320x240x16_ssd2119_8bit.o(i.Kitronix320x240x16_SSD2119RectFill) refers to kitronix320x240x16_ssd2119_8bit.o(.data) for WriteCommand
    kitronix320x240x16_ssd2119_8bit.o(i.WriteCommandFPGA) refers to sysctl.o(.emb_text) for SysCtlDelay
    kitronix320x240x16_ssd2119_8bit.o(i.WriteDataFPGA) refers to sysctl.o(.emb_text) for SysCtlDelay
[...]
    i.SysCtlClockGet                         0x00003684   Section        0  sysctl.o(i.SysCtlClockGet)
    i.SysCtlI2SMClkSet                       0x0000386c   Section        0  sysctl.o(i.SysCtlI2SMClkSet)
    i.SysCtlPeripheralEnable                 0x00003944   Section        0  sysctl.o(i.SysCtlPeripheralEnable)
    i.SysCtlPeripheralReset                  0x00003964   Section        0  sysctl.o(i.SysCtlPeripheralReset)
    i.SysTickEnable                          0x0000399c   Section        0  systick.o(i.SysTickEnable)
    i.SysTickHandler                         0x000039aa   Section        0  main.o(i.SysTickHandler)
    i.TLV320AIC23BHeadPhoneVolumeSet         0x000039b4   Section        0  tlv320aic23b.o(i.TLV320AIC23BHeadPhoneVolumeSet)
    i.TLV320AIC23BInit                       0x00003a08   Section        0  tlv320aic23b.o(i.TLV320AIC23BInit)
    i.TLV320AIC23BLineInVolumeSet            0x00003ad4   Section        0  tlv320aic23b.o(i.TLV320AIC23BLineInVolumeSet)
    i.TLV320AIC23BWriteRegister              0x00003aec   Section        0  tlv320aic23b.o(i.TLV320AIC23BWriteRegister)
    TLV320AIC23BWriteRegister                0x00003aed   Thumb Code   160  tlv320aic23b.o(i.TLV320AIC23BWriteRegister)
    i.TimerConfigure                         0x00003b90   Section        0  timer.o(i.TimerConfigure)
    i.TimerControlTrigger                    0x00003bac   Section        0  timer.o(i.TimerControlTrigger)
    i.TimerEnable                            0x00003bc2   Section        0  timer.o(i.TimerEnable)
    i.TimerInitial                           0x00003bd0   Section        0  timerconfigure.o(i.TimerInitial)
    i.TimerIntClear                          0x00003c18   Section        0  timer.o(i.TimerIntClear)
    i.TimerIntEnable                         0x00003c1c   Section        0  timer.o(i.TimerIntEnable)
    i.TimerIntStatus                         0x00003c24   Section        0  timer.o(i.TimerIntStatus)
    i.TimerLoadSet                           0x00003c2e   Section        0  timer.o(i.TimerLoadSet)
    i.Timer_ISR                              0x00003c40   Section        0  main.o(i.Timer_ISR)
    i.TouchScreenCallbackSet                 0x00003c5c   Section        0  touch.o(i.TouchScreenCallbackSet)
    i.TouchScreenDebouncer                   0x00003c68   Section        0  touch.o(i.TouchScreenDebouncer)
    TouchScreenDebouncer                     0x00003c69   Thumb Code   484  touch.o(i.TouchScreenDebouncer)
    i.TouchScreenInit                        0x00003e6c   Section        0  touch.o(i.TouchScreenInit)
    i.TouchScreenIntHandler                  0x00003fd4   Section        0  touch.o(i.TouchScreenIntHandler)
    i.UART0Initial                           0x00004204   Section        0  uartconfigure.o(i.UART0Initial)
    i.UART0_ISR                              0x00004254   Section        0  uartisr.o(i.UART0_ISR)
    i.UARTCharGetNonBlocking                 0x000042c4   Section        0  uart.o(i.UARTCharGetNonBlocking)
    i.UARTCharsAvail                         0x000042d4   Section        0  uart.o(i.UARTCharsAvail)
    i.UARTConfigSetExpClk                    0x000042de   Section        0  uart.o(i.UARTConfigSetExpClk)
    i.UARTEnable                             0x0000434c   Section        0  uart.o(i.UARTEnable)
    i.UARTFIFOLevelSet                       0x00004360   Section        0  uart.o(i.UARTFIFOLevelSet)
    i.UARTIntClear                           0x00004366   Section        0  uart.o(i.UARTIntClear)
    i.UARTIntEnable                          0x0000436a   Section        0  uart.o(i.UARTIntEnable)
    i.UARTIntStatus                          0x00004372   Section        0  uart.o(i.UARTIntStatus)
    i.UARTStdioInit                          0x0000437c   Section        0  uartstdio.o(i.UARTStdioInit)
    i.UARTStdioInitExpClk                    0x0000438c   Section        0  uartstdio.o(i.UARTStdioInitExpClk)
    i.UARTprintf                             0x00004410   Section        0  uartstdio.o(i.UARTprintf)
    i.UARTwrite                              0x000046f4   Section        0  uartstdio.o(i.UARTwrite)
    i.WaveClose                              0x00004740   Section        0  main.o(i.WaveClose)
    i.WaveOpen                               0x0000474c   Section        0  main.o(i.WaveOpen)
    i.WavePlay                               0x00004af0   Section        0  main.o(i.WavePlay)
    i.WaveRead                               0x00004bc4   Section        0  main.o(i.WaveRead)
    i.WidgetAdd                              0x00004c28   Section        0  widget.o(i.WidgetAdd)
    i.WidgetDefaultMsgProc                   0x00004c4e   Section        0  widget.o(i.WidgetDefaultMsgProc)
    i.WidgetMessageQueueAdd                  0x00004c54   Section        0  widget.o(i.WidgetMessageQueueAdd)
    i.WidgetMessageQueueProcess              0x00004d38   Section        0  widget.o(i.WidgetMessageQueueProcess)
    i.WidgetMessageSendPostOrder             0x00004df0   Section        0  widget.o(i.WidgetMessageSendPostOrder)
    i.WidgetPointerMessage                   0x00004ed0   Section        0  widget.o(i.WidgetPointerMessage)
    i.WidgetRemove                           0x00004ef0   Section        0  widget.o(i.WidgetRemove)
    i.WriteCommandEPI                        0x00004f8c   Section        0  kitronix320x240x16_ssd2119_8bit.o(i.WriteCommandEPI)
    WriteCommandEPI                          0x00004f8d   Thumb Code    16  kitronix320x240x16_ssd2119_8bit.o(i.WriteCommandEPI)
    i.WriteCommandFPGA                       0x00004f9c   Section        0  kitronix320x240x16_ssd2119_8bit.o(i.WriteCommandFPGA)
    WriteCommandFPGA                         0x00004f9d   Thumb Code    20  kitronix320x240x16_ssd2119_8bit.o(i.WriteCommandFPGA)
    i.WriteCommandGPIO                       0x00004fb0   Section        0  kitronix320x240x16_ssd2119_8bit.o(i.WriteCommandGPIO)
    WriteCommandGPIO                         0x00004fb1   Thumb Code    62  kitronix320x240x16_ssd2119_8bit.o(i.WriteCommandGPIO)
    i.WriteDataEPI                           0x00004ffc   Section        0  kitronix320x240x16_ssd2119_8bit.o(i.WriteDataEPI)
    WriteDataEPI                             0x00004ffd   Thumb Code    14  kitronix320x240x16_ssd2119_8bit.o(i.WriteDataEPI)
    i.WriteDataFPGA                          0x0000500a   Section        0  kitronix320x240x16_ssd2119_8bit.o(i.WriteDataFPGA)
    WriteDataFPGA                            0x0000500b   Thumb Code    20  kitronix320x240x16_ssd2119_8bit.o(i.WriteDataFPGA)
    i.WriteDataGPIO                          0x00005020   Section        0  kitronix320x240x16_ssd2119_8bit.o(i.WriteDataGPIO)
    WriteDataGPIO                            0x00005021   Thumb Code    58  kitronix320x240x16_ssd2119_8bit.o(i.WriteDataGPIO)
    i.auto_mount                             0x00005068   Section        0  ff.o(i.auto_mount)
    auto_mount                               0x00005069   Thumb Code   508  ff.o(i.auto_mount)
    i.check_fs                               0x0000526c   Section        0  ff.o(i.check_fs)
    check_fs                                 0x0000526d   Thumb Code    98  ff.o(i.check_fs)
    i.chk_power                              0x000052dc   Section        0  mmc-dk-lm3s9b96.o(i.chk_power)
    chk_power                                0x000052dd   Thumb Code     6  mmc-dk-lm3s9b96.o(i.chk_power)
    i.clust2sect                             0x000052e8   Section        0  ff.o(i.clust2sect)
    clust2sect                               0x000052e9   Thumb Code    34  ff.o(i.clust2sect)
    i.create_chain                           0x0000530a   Section        0  ff.o(i.create_chain)
    create_chain                             0x0000530b   Thumb Code   184  ff.o(i.create_chain)
    i.disk_initialize                        0x000053c4   Section        0  mmc-dk-lm3s9b96.o(i.disk_initialize)
    i.disk_ioctl                             0x00005554   Section        0  mmc-dk-lm3s9b96.o(i.disk_ioctl)
    i.disk_read                              0x0000572c   Section        0  mmc-dk-lm3s9b96.o(i.disk_read)
    i.disk_status                            0x000057d4   Section        0  mmc-dk-lm3s9b96.o(i.disk_status)
    i.disk_timerproc                         0x000057e8   Section        0  mmc-dk-lm3s9b96.o(i.disk_timerproc)
    i.disk_write                             0x0000581c   Section        0  mmc-dk-lm3s9b96.o(i.disk_write)
    i.f_close                                0x000058f4   Section        0  ff.o(i.f_close)
    i.f_mount                                0x0000590c   Section        0  ff.o(i.f_mount)
    i.f_open                                 0x00005944   Section        0  ff.o(i.f_open)
    i.f_opendir                              0x00005ad6   Section        0  ff.o(i.f_opendir)
    i.f_read                                 0x00005b46   Section        0  ff.o(i.f_read)
    i.f_readdir                              0x00005cf4   Section        0  ff.o(i.f_readdir)
    i.f_sync                                 0x00005d78   Section        0  ff.o(i.f_sync)
    i.get_cluster                            0x00005e0e   Section        0  ff.o(i.get_cluster)
    get_cluster                              0x00005e0f   Thumb Code   236  ff.o(i.get_cluster)
    i.get_fattime                            0x00005efc   Section        0  mmc-dk-lm3s9b96.o(i.get_fattime)
    i.get_fileinfo                           0x00005f04   Section        0  ff.o(i.get_fileinfo)
    get_fileinfo                             0x00005f05   Thumb Code   190  ff.o(i.get_fileinfo)
    i.main                                   0x00005fc4   Section        0  main.o(i.main)
    i.make_dirfile                           0x000060e8   Section        0  ff.o(i.make_dirfile)
    make_dirfile                             0x000060e9   Thumb Code   318  ff.o(i.make_dirfile)
    i.move_window                            0x00006226   Section        0  ff.o(i.move_window)
    move_window                              0x00006227   Thumb Code   144  ff.o(i.move_window)
    i.next_dir_entry                         0x000062b6   Section        0  ff.o(i.next_dir_entry)
    next_dir_entry                           0x000062b7   Thumb Code   116  ff.o(i.next_dir_entry)
    i.parseCmd                               0x0000632c   Section        0  uartisr.o(i.parseCmd)
    i.power_off                              0x00006368   Section        0  mmc-dk-lm3s9b96.o(i.power_off)
    power_off                                0x00006369   Thumb Code    10  mmc-dk-lm3s9b96.o(i.power_off)
    i.power_on                               0x00006378   Section        0  mmc-dk-lm3s9b96.o(i.power_on)
    power_on                                 0x00006379   Thumb Code   164  mmc-dk-lm3s9b96.o(i.power_on)
    i.put_cluster                            0x00006434   Section        0  ff.o(i.put_cluster)
    put_cluster                              0x00006435   Thumb Code   292  ff.o(i.put_cluster)
    i.rcvr_datablock                         0x00006558   Section        0  mmc-dk-lm3s9b96.o(i.rcvr_datablock)
    rcvr_datablock                           0x00006559   Thumb Code    88  mmc-dk-lm3s9b96.o(i.rcvr_datablock)
    i.rcvr_spi                               0x000065b4   Section        0  mmc-dk-lm3s9b96.o(i.rcvr_spi)
    rcvr_spi                                 0x000065b5   Thumb Code    24  mmc-dk-lm3s9b96.o(i.rcvr_spi)
    i.rcvr_spi_m                             0x000065d0   Section        0  mmc-dk-lm3s9b96.o(i.rcvr_spi_m)
    rcvr_spi_m                               0x000065d1   Thumb Code    12  mmc-dk-lm3s9b96.o(i.rcvr_spi_m)
    i.remove_chain                           0x000065dc   Section        0  ff.o(i.remove_chain)
    remove_chain                             0x000065dd   Thumb Code    72  ff.o(i.remove_chain)
    i.reserve_direntry                       0x00006624   Section        0  ff.o(i.reserve_direntry)
    reserve_direntry                         0x00006625   Thumb Code   242  ff.o(i.reserve_direntry)
    i.send_cmd                               0x00006716   Section        0  mmc-dk-lm3s9b96.o(i.send_cmd)
    send_cmd                                 0x00006717   Thumb Code   134  mmc-dk-lm3s9b96.o(i.send_cmd)
    i.send_initial_clock_train               0x0000679c   Section        0  mmc-dk-lm3s9b96.o(i.send_initial_clock_train)
    send_initial_clock_train                 0x0000679d   Thumb Code    74  mmc-dk-lm3s9b96.o(i.send_initial_clock_train)
    i.set_max_speed                          0x000067ec   Section        0  mmc-dk-lm3s9b96.o(i.set_max_speed)
    set_max_speed                            0x000067ed   Thumb Code    58  mmc-dk-lm3s9b96.o(i.set_max_speed)
    i.switchMusic                            0x00006830   Section        0  main.o(i.switchMusic)
    i.sync                                   0x00006890   Section        0  ff.o(i.sync)
    sync                                     0x00006891   Thumb Code    52  ff.o(i.sync)
    i.trace_path                             0x000068c4   Section        0  ff.o(i.trace_path)
    trace_path                               0x000068c5   Thumb Code   262  ff.o(i.trace_path)
    i.uDMAChannelAttributeDisable            0x000069cc   Section        0  udma.o(i.uDMAChannelAttributeDisable)
    i.uDMAChannelAttributeEnable             0x000069fc   Section        0  udma.o(i.uDMAChannelAttributeEnable)
    i.uDMAChannelControlSet                  0x00006a2c   Section        0  udma.o(i.uDMAChannelControlSet)
    i.uDMAChannelEnable                      0x00006a48   Section        0  udma.o(i.uDMAChannelEnable)
    i.uDMAChannelModeGet                     0x00006a58   Section        0  udma.o(i.uDMAChannelModeGet)
    i.uDMAChannelTransferSet                 0x00006a7c   Section        0  udma.o(i.uDMAChannelTransferSet)
    i.uDMAControlBaseSet                     0x00006b04   Section        0  udma.o(i.uDMAControlBaseSet)
    i.uDMAEnable                             0x00006b10   Section        0  udma.o(i.uDMAEnable)
    i.usprintf                               0x00006b1c   Section        0  ustdlib.o(i.usprintf)
    i.uvsnprintf                             0x00006b44   Section        0  ustdlib.o(i.uvsnprintf)
    i.validate                               0x00006f08   Section        0  ff.o(i.validate)
    validate                                 0x00006f09   Thumb Code    42  ff.o(i.validate)
    i.wait_ready                             0x00006f34   Section        0  mmc-dk-lm3s9b96.o(i.wait_ready)
    wait_ready                               0x00006f35   Thumb Code    38  mmc-dk-lm3s9b96.o(i.wait_ready)
    i.xmit_datablock                         0x00006f60   Section        0  mmc-dk-lm3s9b96.o(i.xmit_datablock)
    xmit_datablock                           0x00006f61   Thumb Code   106  mmc-dk-lm3s9b96.o(i.xmit_datablock)
    i.xmit_spi                               0x00006fcc   Section        0  mmc-dk-lm3s9b96.o(i.xmit_spi)
    xmit_spi                                 0x00006fcd   Thumb Code    22  mmc-dk-lm3s9b96.o(i.xmit_spi)
    x$fpl$fpinit                             0x00006fe8   Section       14  fpinit.o(x$fpl$fpinit)
    .constdata                               0x00006ff8   Section       40  kitronix320x240x16_ssd2119_8bit.o(.constdata)
    .constdata                               0x00007020   Section      132  set_pinout.o(.constdata)
    g_psEPIPinInfo                           0x00007044   Data          96  set_pinout.o(.constdata)
    .constdata                               0x000070a4   Section       84  touch.o(.constdata)
    .constdata                               0x000070f8   Section       13  tlv320aic23b.o(.constdata)
    pucVolumeTable                           0x000070f8   Data          13  tlv320aic23b.o(.constdata)
    .constdata                               0x00007108   Section       28  ustdlib.o(.constdata)
    g_pcHex                                  0x00007108   Data           4  ustdlib.o(.constdata)
    g_psDaysToMonth                          0x0000710c   Data          24  ustdlib.o(.constdata)
    .constdata                               0x00007124   Section       28  uartstdio.o(.constdata)
    g_pcHex                                  0x00007124   Data           4  uartstdio.o(.constdata)
    g_ulUARTBase                             0x00007128   Data          12  uartstdio.o(.constdata)
    g_ulUARTPeriph                           0x00007134   Data          12  uartstdio.o(.constdata)
    .constdata                               0x00007140   Section       72  gpio.o(.constdata)
    g_pulGPIOBaseAddrs                       0x00007140   Data          72  gpio.o(.constdata)
    .constdata                               0x00007188   Section      156  sysctl.o(.constdata)
    g_pulDCRegs                              0x00007188   Data          16  sysctl.o(.constdata)
    g_pulSRCRRegs                            0x00007198   Data          12  sysctl.o(.constdata)
    g_pulRCGCRegs                            0x000071a4   Data          12  sysctl.o(.constdata)
    g_pulSCGCRegs                            0x000071b0   Data          12  sysctl.o(.constdata)
    g_pulDCGCRegs                            0x000071bc   Data          12  sysctl.o(.constdata)
    g_pulXtals                               0x000071c8   Data          92  sysctl.o(.constdata)
    .constdata                               0x00007224   Section     2398  fontcm20.o(.constdata)
    g_pucCm20Data                            0x00007224   Data        2398  fontcm20.o(.constdata)
    .constdata                               0x00007b84   Section      200  fontcm20.o(.constdata)
    .constdata                               0x00007c4c   Section     1300  fontcmss12.o(.constdata)
    g_pucCmss12Data                          0x00007c4c   Data        1300  fontcmss12.o(.constdata)
    .constdata                               0x00008160   Section      200  fontcmss12.o(.constdata)
    .constdata                               0x00008228   Section     2334  fontcmss22b.o(.constdata)
    g_pucCmss22bData                         0x00008228   Data        2334  fontcmss22b.o(.constdata)
    .constdata                               0x00008b48   Section      200  fontcmss22b.o(.constdata)
    .conststring                             0x00008c10   Section       17  ustdlib.o(.conststring)
    .conststring                             0x00008c21   Section      199  main.o(.conststring)
    .data                                    0x20000000   Section        8  kitronix320x240x16_ssd2119_8bit.o(.data)
    .data                                    0x20000008   Section        2  set_pinout.o(.data)
    .data                                    0x2000000c   Section       60  sound.o(.data)
    g_ucVolume                               0x2000000c   Data           1  sound.o(.data)
    g_pusMusic                               0x20000010   Data           4  sound.o(.data)
    g_ulFrequency                            0x20000014   Data           4  sound.o(.data)
    g_ulDACStep                              0x20000018   Data           4  sound.o(.data)
    g_ulSize                                 0x2000001c   Data           4  sound.o(.data)
    g_ulTicks                                0x20000020   Data           4  sound.o(.data)
    g_ulMusicCount                           0x20000024   Data           2  sound.o(.data)
    g_ulMusicSize                            0x20000026   Data           2  sound.o(.data)
    g_pvFIFORecord                           0x20000030   Data           4  sound.o(.data)
    g_ulDMAFlags                             0x20000034   Data           4  sound.o(.data)
    g_ulPlaying                              0x20000038   Data           4  sound.o(.data)
    g_ulRecording                            0x2000003c   Data           4  sound.o(.data)
    g_ulSampleRate                           0x20000040   Data           4  sound.o(.data)
    g_usChannels                             0x20000044   Data           2  sound.o(.data)
    g_usBitsPerSample                        0x20000046   Data           2  sound.o(.data)
    .data                                    0x20000048   Section       20  touch.o(.data)
    g_cState                                 0x2000004a   Data           1  touch.o(.data)
    g_cIndex                                 0x2000004b   Data           1  touch.o(.data)
    g_ulTSState                              0x20000050   Data           4  touch.o(.data)
    g_pfnTSHandler                           0x20000058   Data           4  touch.o(.data)
    .data                                    0x2000005c   Section        2  tlv320aic23b.o(.data)
    g_ucHPVolume                             0x2000005c   Data           1  tlv320aic23b.o(.data)
    g_ucEnabled                              0x2000005d   Data           1  tlv320aic23b.o(.data)
    .data                                    0x20000060   Section       10  ff.o(.data)
    FatFs                                    0x20000060   Data           8  ff.o(.data)
    fsid                                     0x20000068   Data           2  ff.o(.data)
    .data                                    0x2000006a   Section        5  mmc-dk-lm3s9b96.o(.data)
    Stat                                     0x2000006a   Data           1  mmc-dk-lm3s9b96.o(.data)
    PowerFlag                                0x2000006b   Data           1  mmc-dk-lm3s9b96.o(.data)
    Timer1                                   0x2000006c   Data           1  mmc-dk-lm3s9b96.o(.data)
    Timer2                                   0x2000006d   Data           1  mmc-dk-lm3s9b96.o(.data)
    CardType                                 0x2000006e   Data           1  mmc-dk-lm3s9b96.o(.data)
    .data                                    0x20000070   Section      708  main.o(.data)
    g_cCwdBuf                                0x200000e0   Data          80  main.o(.data)
    usCount                                  0x20000314   Data           2  main.o(.data)
    g_ulBytesPlayed                          0x20000318   Data           4  main.o(.data)
    g_ulMaxBufferSize                        0x2000031c   Data           4  main.o(.data)
    g_ulBytesRemaining                       0x20000324   Data           4  main.o(.data)
    g_usMinutes                              0x20000328   Data           2  main.o(.data)
    g_usSeconds                              0x2000032a   Data           2  main.o(.data)
    g_uiMinutes                              0x2000032c   Data           4  main.o(.data)
    g_uiSeconds                              0x20000330   Data           4  main.o(.data)
    .data                                    0x20000334   Section        5  uartstdio.o(.data)
    g_ulBase                                 0x20000334   Data           4  uartstdio.o(.data)
    bLastWasCR                               0x20000338   Data           1  uartstdio.o(.data)
    .data                                    0x2000033c   Section        4  uartconfigure.o(.data)
    .data                                    0x20000340   Section        4  sysctlconfigure.o(.data)
    .data                                    0x20000344   Section       48  widget.o(.data)
    g_ucMQMutex                              0x20000344   Data           1  widget.o(.data)
    g_pPointerWidget                         0x20000348   Data           4  widget.o(.data)
    g_ulMQRead                               0x2000034c   Data           4  widget.o(.data)
    g_ulMQWrite                              0x20000350   Data           4  widget.o(.data)
    .bss                                     0x20000374   Section     2096  sound.o(.bss)
    g_pulTxBuf                               0x20000374   Data        2048  sound.o(.bss)
    g_sOutBuffers                            0x20000b74   Data          24  sound.o(.bss)
    g_sInBuffers                             0x20000b8c   Data          24  sound.o(.bss)
    .bss                                     0x20000ba4   Section       16  touch.o(.bss)
    g_psSamples                              0x20000ba4   Data          16  touch.o(.bss)
    .bss                                     0x20000c00   Section     7308  main.o(.bss)
    g_sFatFs                                 0x20001000   Data         556  main.o(.bss)
    g_sDirObject                             0x2000122c   Data          20  main.o(.bss)
    g_sFileInfo                              0x20001240   Data          24  main.o(.bss)
    g_ppcDirListStrings                      0x2000147c   Data         192  main.o(.bss)
    g_pcFilenames                            0x2000153c   Data         816  main.o(.bss)
    music_progress                           0x2000186c   Data          12  main.o(.bss)
    g_pucBuffer                              0x20001878   Data        4096  main.o(.bss)
    .bss                                     0x2000288c   Section     1024  uartconfigure.o(.bss)
    .bss                                     0x20002c8c   Section      320  widget.o(.bss)
    g_pMQ                                    0x20002c8c   Data         320  widget.o(.bss)
    .bss                                     0x20002dcc   Section       32  image.o(.bss)
    g_pucDictionary                          0x20002dcc   Data          32  image.o(.bss)
    .bss                                     0x20002dec   Section       96  libspace.o(.bss)
    HEAP                                     0x20002e50   Section        0  startup_rvmdk.o(HEAP)
    STACK                                    0x20002e50   Section     1024  startup_rvmdk.o(STACK)
    HeapMem                                  0x20002e50   Data           0  startup_rvmdk.o(HEAP)
    StackMem                                 0x20002e50   Data           0  startup_rvmdk.o(STACK)

    Global Symbols

    Symbol Name                              Value     Ov Type        Size  Object(Section)

    BuildAttributes$$THM_ISAv4$P$D$K$B$S$PE$A:L22UL41UL21$X:L11$S22US41US21$IEEE1$IW$USESV6$~STKCKD$USESV7$~SHL$OTIME$ROPI$EBA8$UX$STANDARDLIB$REQ8$PRES8$EABIv2 0x00000000   Number         0  anon$$obj.o ABSOLUTE
    __ARM_use_no_argv                        0x00000000   Number         0  main.o ABSOLUTE
    __Vectors                                0x00000000   Data           0  startup_rvmdk.o(RESET)
    __ARM_exceptions_init                     - Undefined Weak Reference
    __alloca_initialize                       - Undefined Weak Reference
    __cpp_initialize__aeabi_                  - Undefined Weak Reference
    __cxa_finalize                            - Undefined Weak Reference
    __rt_locale                               - Undefined Weak Reference
    __sigvec_lookup                           - Undefined Weak Reference
    _atexit_init                              - Undefined Weak Reference
    _call_atexit_fns                          - Undefined Weak Reference
    _clock_init                               - Undefined Weak Reference
    _fp_trap_init                             - Undefined Weak Reference
    _fp_trap_shutdown                         - Undefined Weak Reference
    _get_lc_collate                           - Undefined Weak Reference
    _get_lc_ctype                             - Undefined Weak Reference
    _get_lc_monetary                          - Undefined Weak Reference
    _get_lc_numeric                           - Undefined Weak Reference
    _get_lc_time                              - Undefined Weak Reference
    _getenv_init                              - Undefined Weak Reference
    _handle_redirection                       - Undefined Weak Reference
    _init_alloc                               - Undefined Weak Reference
    _init_user_alloc                          - Undefined Weak Reference
    _initio                                   - Undefined Weak Reference
    _rand_init                                - Undefined Weak Reference
    _signal_finish                            - Undefined Weak Reference
    _signal_init                              - Undefined Weak Reference
    _terminate_alloc                          - Undefined Weak Reference
    _terminate_user_alloc                     - Undefined Weak Reference
    _terminateio                              - Undefined Weak Reference
    Reset_Handler                            0x0000011d   Thumb Code     0  startup_rvmdk.o(RESET)
    __main                                   0x00000129   Thumb Code     8  __main.o(!!!main)
    __scatterload                            0x00000131   Thumb Code     0  __scatter.o(!!!scatter)
    __scatterload_rt2                        0x00000131   Thumb Code    44  __scatter.o(!!!scatter)
    __scatterload_rt2_thumb_only             0x00000131   Thumb Code     0  __scatter.o(!!!scatter)
    __scatterload_null                       0x0000013f   Thumb Code     0  __scatter.o(!!!scatter)
    __decompress                             0x00000165   Thumb Code    90  __dczerorl2.o(!!dczerorl2)
    __decompress1                            0x00000165   Thumb Code     0  __dczerorl2.o(!!dczerorl2)
    __scatterload_zeroinit                   0x000001c1   Thumb Code    28  __scatter_zi.o(!!handler_zi)
    __rt_lib_init                            0x000001dd   Thumb Code     0  libinit.o(.ARM.Collect$$libinit$$00000000)
    __rt_lib_init_alloca_1                   0x000001e3   Thumb Code     0  libinit2.o(.ARM.Collect$$libinit$$0000002A)
    __rt_lib_init_argv_1                     0x000001e3   Thumb Code     0  libinit2.o(.ARM.Collect$$libinit$$00000028)
    __rt_lib_init_atexit_1                   0x000001e3   Thumb Code     0  libinit2.o(.ARM.Collect$$libinit$$00000017)
    __rt_lib_init_clock_1                    0x000001e3   Thumb Code     0  libinit2.o(.ARM.Collect$$libinit$$0000001D)
    __rt_lib_init_cpp_1                      0x000001e3   Thumb Code     0  libinit2.o(.ARM.Collect$$libinit$$0000002E)
    __rt_lib_init_exceptions_1               0x000001e3   Thumb Code     0  libinit2.o(.ARM.Collect$$libinit$$0000002C)
    __rt_lib_init_fp_trap_1                  0x000001e3   Thumb Code     0  libinit2.o(.ARM.Collect$$libinit$$0000001B)
    __rt_lib_init_getenv_1                   0x000001e3   Thumb Code     0  libinit2.o(.ARM.Collect$$libinit$$0000001F)
    __rt_lib_init_heap_1                     0x000001e3   Thumb Code     0  libinit2.o(.ARM.Collect$$libinit$$00000006)
    __rt_lib_init_lc_collate_1               0x000001e3   Thumb Code     0  libinit2.o(.ARM.Collect$$libinit$$0000000D)
    __rt_lib_init_lc_ctype_1                 0x000001e3   Thumb Code     0  libinit2.o(.ARM.Collect$$libinit$$0000000F)
    __rt_lib_init_lc_monetary_1              0x000001e3   Thumb Code     0  libinit2.o(.ARM.Collect$$libinit$$00000011)
    __rt_lib_init_lc_numeric_1               0x000001e3   Thumb Code     0  libinit2.o(.ARM.Collect$$libinit$$00000013)
    __rt_lib_init_lc_time_1                  0x000001e3   Thumb Code     0  libinit2.o(.ARM.Collect$$libinit$$00000015)
    __rt_lib_init_rand_1                     0x000001e3   Thumb Code     0  libinit2.o(.ARM.Collect$$libinit$$0000000A)
    __rt_lib_init_return                     0x000001e3   Thumb Code     0  libinit2.o(.ARM.Collect$$libinit$$0000002F)
    __rt_lib_init_signal_1                   0x000001e3   Thumb Code     0  libinit2.o(.ARM.Collect$$libinit$$00000019)
    __rt_lib_init_stdio_1                    0x000001e3   Thumb Code     0  libinit2.o(.ARM.Collect$$libinit$$00000021)
    __rt_lib_init_user_alloc_1               0x000001e3   Thumb Code     0  libinit2.o(.ARM.Collect$$libinit$$00000008)
    __rt_lib_shutdown                        0x000001e5   Thumb Code     0  libshutdown.o(.ARM.Collect$$libshutdown$$00000000)
    __rt_lib_shutdown_fp_trap_1              0x000001e7   Thumb Code     0  libshutdown2.o(.ARM.Collect$$libshutdown$$00000006)
    __rt_lib_shutdown_heap_1                 0x000001e7   Thumb Code     0  libshutdown2.o(.ARM.Collect$$libshutdown$$0000000E)
    __rt_lib_shutdown_return                 0x000001e7   Thumb Code     0  libshutdown2.o(.ARM.Collect$$libshutdown$$0000000F)
    __rt_lib_shutdown_signal_1               0x000001e7   Thumb Code     0  libshutdown2.o(.ARM.Collect$$libshutdown$$00000009)
    __rt_lib_shutdown_stdio_1                0x000001e7   Thumb Code     0  libshutdown2.o(.ARM.Collect$$libshutdown$$00000003)
    __rt_lib_shutdown_user_alloc_1           0x000001e7   Thumb Code     0  libshutdown2.o(.ARM.Collect$$libshutdown$$0000000B)
    __rt_entry                               0x000001e9   Thumb Code     0  rtentry.o(.ARM.Collect$$rtentry$$00000000)
    __rt_entry_presh_1                       0x000001e9   Thumb Code     0  rtentry2.o(.ARM.Collect$$rtentry$$00000002)
    __rt_entry_sh                            0x000001e9   Thumb Code     0  rtentry4.o(.ARM.Collect$$rtentry$$00000004)
    __rt_entry_li                            0x000001ef   Thumb Code     0  rtentry2.o(.ARM.Collect$$rtentry$$0000000A)
    __rt_entry_postsh_1                      0x000001ef   Thumb Code     0  rtentry2.o(.ARM.Collect$$rtentry$$00000009)
    __rt_entry_main                          0x000001f3   Thumb Code     0  rtentry2.o(.ARM.Collect$$rtentry$$0000000D)
    __rt_entry_postli_1                      0x000001f3   Thumb Code     0  rtentry2.o(.ARM.Collect$$rtentry$$0000000C)
    __rt_exit                                0x000001fb   Thumb Code     0  rtexit.o(.ARM.Collect$$rtexit$$00000000)
    __rt_exit_ls                             0x000001fd   Thumb Code     0  rtexit2.o(.ARM.Collect$$rtexit$$00000003)
    __rt_exit_prels_1                        0x000001fd   Thumb Code     0  rtexit2.o(.ARM.Collect$$rtexit$$00000002)
    __rt_exit_exit                           0x00000201   Thumb Code     0  rtexit2.o(.ARM.Collect$$rtexit$$00000004)
    SysCtlDelay                              0x00000209   Thumb Code     6  sysctl.o(.emb_text)
    WidgetMutexGet                           0x00000211   Thumb Code    20  widget.o(.emb_text)
    __user_initial_stackheap                 0x00000225   Thumb Code     0  startup_rvmdk.o(.text)
    memcmp                                   0x0000023d   Thumb Code    78  memcmp.o(.text)
    strlen                                   0x0000028b   Thumb Code    62  strlen.o(.text)
    strncmp                                  0x000002c9   Thumb Code   140  strncmp.o(.text)
    __aeabi_memcpy                           0x00000355   Thumb Code     0  rt_memcpy_v6.o(.text)
    __rt_memcpy                              0x00000355   Thumb Code   138  rt_memcpy_v6.o(.text)
    _memcpy_lastbytes                        0x000003bb   Thumb Code     0  rt_memcpy_v6.o(.text)
    __aeabi_memset                           0x000003df   Thumb Code    16  aeabi_memset.o(.text)
    __aeabi_memclr                           0x000003ef   Thumb Code     0  rt_memclr.o(.text)
    __rt_memclr                              0x000003ef   Thumb Code    68  rt_memclr.o(.text)
    _memset                                  0x000003f3   Thumb Code     0  rt_memclr.o(.text)
    __aeabi_memclr4                          0x00000433   Thumb Code     0  rt_memclr_w.o(.text)
    __aeabi_memclr8                          0x00000433   Thumb Code     0  rt_memclr_w.o(.text)
    __rt_memclr_w                            0x00000433   Thumb Code    78  rt_memclr_w.o(.text)
    _memset_w                                0x00000437   Thumb Code     0  rt_memclr_w.o(.text)
    strncpy                                  0x00000481   Thumb Code    86  strncpy.o(.text)
    __use_two_region_memory                  0x000004d7   Thumb Code     2  heapauxi.o(.text)
    __rt_heap_escrow$2region                 0x000004d9   Thumb Code     2  heapauxi.o(.text)
    __rt_heap_expand$2region                 0x000004db   Thumb Code     2  heapauxi.o(.text)
    __aeabi_memcpy4                          0x000004dd   Thumb Code     0  rt_memcpy_w.o(.text)
    __aeabi_memcpy8                          0x000004dd   Thumb Code     0  rt_memcpy_w.o(.text)
    __rt_memcpy_w                            0x000004dd   Thumb Code   100  rt_memcpy_w.o(.text)
    _memcpy_lastbytes_aligned                0x00000525   Thumb Code     0  rt_memcpy_w.o(.text)
    __user_setup_stackheap                   0x00000541   Thumb Code    74  sys_stackheap_outer.o(.text)
    exit                                     0x0000058b   Thumb Code    12  exit.o(.text)
    __user_libspace                          0x00000599   Thumb Code     8  libspace.o(.text)
    __user_perproc_libspace                  0x00000599   Thumb Code     0  libspace.o(.text)
    __user_perthread_libspace                0x00000599   Thumb Code     0  libspace.o(.text)
    __rt_fp_status_addr                      0x000005a1   Thumb Code     8  rt_fp_status_addr_intlibspace.o(.text)
    _sys_exit                                0x000005a9   Thumb Code     8  sys_exit.o(.text)
    __I$use$semihosting                      0x000005b5   Thumb Code     0  use_no_semi.o(.text)
    __use_no_semihosting_swi                 0x000005b5   Thumb Code     2  use_no_semi.o(.text)
    ADCHardwareOversampleConfigure           0x000005b7   Thumb Code    14  adc.o(i.ADCHardwareOversampleConfigure)
    ADCIntEnable                             0x000005c5   Thumb Code    16  adc.o(i.ADCIntEnable)
    ADCSequenceConfigure                     0x000005d5   Thumb Code    50  adc.o(i.ADCSequenceConfigure)
    ADCSequenceEnable                        0x00000607   Thumb Code    14  adc.o(i.ADCSequenceEnable)
    ADCSequenceStepConfigure                 0x00000615   Thumb Code   110  adc.o(i.ADCSequenceStepConfigure)
    BufferCallback                           0x00000685   Thumb Code    52  main.o(i.BufferCallback)
    CanvasMsgProc                            0x000006ff   Thumb Code   430  canvas.o(i.CanvasMsgProc)
    Cmd_ls                                   0x000008ad   Thumb Code   302  main.o(i.Cmd_ls)
    Convert8Bit                              0x00000a45   Thumb Code    34  main.o(i.Convert8Bit)
    EPIAddressMapSet                         0x00000c1d   Thumb Code     4  epi.o(i.EPIAddressMapSet)
    EPIConfigGPModeSet                       0x00000c21   Thumb Code    34  epi.o(i.EPIConfigGPModeSet)
    EPIConfigHB8Set                          0x00000c43   Thumb Code    46  epi.o(i.EPIConfigHB8Set)
    EPIConfigSDRAMSet                        0x00000c71   Thumb Code    12  epi.o(i.EPIConfigSDRAMSet)
    EPIDividerSet                            0x00000cbd   Thumb Code     4  epi.o(i.EPIDividerSet)
    EPIModeSet                               0x00000cc1   Thumb Code     4  epi.o(i.EPIModeSet)
    GPIODirModeSet                           0x00000e1d   Thumb Code    40  gpio.o(i.GPIODirModeSet)
    GPIOInitial                              0x00000e45   Thumb Code   436  gpiodriverconfigure.o(i.GPIOInitial)
    GPIOPadConfigSet                         0x00001029   Thumb Code   176  gpio.o(i.GPIOPadConfigSet)
    GPIOPinConfigure                         0x000010d9   Thumb Code    62  gpio.o(i.GPIOPinConfigure)
    GPIOPinRead                              0x00001121   Thumb Code     6  gpio.o(i.GPIOPinRead)
    GPIOPinTypeADC                           0x00001127   Thumb Code    28  gpio.o(i.GPIOPinTypeADC)
    GPIOPinTypeGPIOInput                     0x00001143   Thumb Code    28  gpio.o(i.GPIOPinTypeGPIOInput)
    GPIOPinTypeGPIOOutput                    0x0000115f   Thumb Code    28  gpio.o(i.GPIOPinTypeGPIOOutput)
    GPIOPinTypeI2C                           0x0000117b   Thumb Code    28  gpio.o(i.GPIOPinTypeI2C)
    GPIOPinTypeI2S                           0x00001197   Thumb Code    28  gpio.o(i.GPIOPinTypeI2S)
    GPIOPinTypePWM                           0x000011b3   Thumb Code    28  gpio.o(i.GPIOPinTypePWM)
    GPIOPinTypeSSI                           0x000011cf   Thumb Code    28  gpio.o(i.GPIOPinTypeSSI)
    GPIOPinTypeUART                          0x000011eb   Thumb Code    28  gpio.o(i.GPIOPinTypeUART)
    GPIOPinWrite                             0x00001207   Thumb Code     6  gpio.o(i.GPIOPinWrite)
    GrContextClipRegionSet                   0x0000120d   Thumb Code   112  context.o(i.GrContextClipRegionSet)
    GrContextInit                            0x0000127d   Thumb Code    32  context.o(i.GrContextInit)
    GrImageDraw                              0x0000129d   Thumb Code   728  image.o(i.GrImageDraw)
    GrLineDrawH                              0x00001579   Thumb Code    80  line.o(i.GrLineDrawH)
    GrLineDrawV                              0x000015c9   Thumb Code    74  line.o(i.GrLineDrawV)
    GrRectDraw                               0x00001613   Thumb Code   108  rectangle.o(i.GrRectDraw)
    GrRectFill                               0x0000167f   Thumb Code   180  rectangle.o(i.GrRectFill)
    GrStringDraw                             0x00001733   Thumb Code   748  string.o(i.GrStringDraw)
    GrStringWidthGet                         0x00001a1f   Thumb Code   112  string.o(i.GrStringWidthGet)
    I2CMasterControl                         0x00001b5b   Thumb Code     4  i2c.o(i.I2CMasterControl)
    I2CMasterDataGet                         0x00001b5f   Thumb Code     4  i2c.o(i.I2CMasterDataGet)
    I2CMasterDataPut                         0x00001b63   Thumb Code     4  i2c.o(i.I2CMasterDataPut)
    I2CMasterEnable                          0x00001b67   Thumb Code    10  i2c.o(i.I2CMasterEnable)
    I2CMasterErr                             0x00001b71   Thumb Code    24  i2c.o(i.I2CMasterErr)
    I2CMasterInitExpClk                      0x00001b89   Thumb Code    42  i2c.o(i.I2CMasterInitExpClk)
    I2CMasterIntClear                        0x00001bbd   Thumb Code     8  i2c.o(i.I2CMasterIntClear)
    I2CMasterIntStatus                       0x00001bc5   Thumb Code    24  i2c.o(i.I2CMasterIntStatus)
    I2CMasterSlaveAddrSet                    0x00001bdd   Thumb Code     8  i2c.o(i.I2CMasterSlaveAddrSet)
    I2SIntClear                              0x00001be5   Thumb Code     6  i2s.o(i.I2SIntClear)
    I2SIntStatus                             0x00001beb   Thumb Code    14  i2s.o(i.I2SIntStatus)
    I2SMasterClockSelect                     0x00001bf9   Thumb Code    16  i2s.o(i.I2SMasterClockSelect)
    I2SRxConfigSet                           0x00001c09   Thumb Code    58  i2s.o(i.I2SRxConfigSet)
    I2SRxFIFOLimitSet                        0x00001c43   Thumb Code     6  i2s.o(i.I2SRxFIFOLimitSet)
    I2STxConfigSet                           0x00001c49   Thumb Code    22  i2s.o(i.I2STxConfigSet)
    I2STxEnable                              0x00001c5f   Thumb Code    18  i2s.o(i.I2STxEnable)
    I2STxFIFOLimitSet                        0x00001c71   Thumb Code     4  i2s.o(i.I2STxFIFOLimitSet)
    I2STxRxEnable                            0x00001c75   Thumb Code    22  i2s.o(i.I2STxRxEnable)
    IntDisable                               0x00001e45   Thumb Code   108  interrupt.o(i.IntDisable)
    IntEnable                                0x00001eb1   Thumb Code   108  interrupt.o(i.IntEnable)
    Kitronix320x240x16_SSD2119Init           0x00001f3d   Thumb Code   604  kitronix320x240x16_ssd2119_8bit.o(i.Kitronix320x240x16_SSD2119Init)
    ListBoxMsgProc                           0x0000258d   Thumb Code   850  listbox.o(i.ListBoxMsgProc)
    ListBoxTextAdd                           0x000028df   Thumb Code   104  listbox.o(i.ListBoxTextAdd)
    OnBackBtnPress                           0x00002949   Thumb Code    44  main.o(i.OnBackBtnPress)
    OnListBoxChange                          0x00002985   Thumb Code   112  main.o(i.OnListBoxChange)
    PinoutSet                                0x00002a19   Thumb Code   176  set_pinout.o(i.PinoutSet)
    RectangularButtonMsgProc                 0x00002ca5   Thumb Code   288  pushbutton.o(i.RectangularButtonMsgProc)
    SSIConfigSetExpClk                       0x00002fc9   Thumb Code    74  ssi.o(i.SSIConfigSetExpClk)
    SSIDataGet                               0x00003013   Thumb Code    14  ssi.o(i.SSIDataGet)
    SSIDataPut                               0x00003021   Thumb Code    12  ssi.o(i.SSIDataPut)
    SSIDisable                               0x0000302d   Thumb Code    10  ssi.o(i.SSIDisable)
    SSIEnable                                0x00003037   Thumb Code    10  ssi.o(i.SSIEnable)
    SoundBufferPlay                          0x00003041   Thumb Code   312  sound.o(i.SoundBufferPlay)
    SoundInit                                0x00003191   Thumb Code   174  sound.o(i.SoundInit)
    SoundIntHandler                          0x00003265   Thumb Code   324  sound.o(i.SoundIntHandler)
    SoundSetFormat                           0x000033b9   Thumb Code   540  sound.o(i.SoundSetFormat)
    SysCtlClockGet                           0x00003685   Thumb Code   444  sysctl.o(i.SysCtlClockGet)
    SysCtlI2SMClkSet                         0x0000386d   Thumb Code   204  sysctl.o(i.SysCtlI2SMClkSet)
    SysCtlPeripheralEnable                   0x00003945   Thumb Code    26  sysctl.o(i.SysCtlPeripheralEnable)
    SysCtlPeripheralReset                    0x00003965   Thumb Code    52  sysctl.o(i.SysCtlPeripheralReset)
    SysTickEnable                            0x0000399d   Thumb Code    14  systick.o(i.SysTickEnable)
    SysTickHandler                           0x000039ab   Thumb Code     8  main.o(i.SysTickHandler)
    TLV320AIC23BHeadPhoneVolumeSet           0x000039b5   Thumb Code    72  tlv320aic23b.o(i.TLV320AIC23BHeadPhoneVolumeSet)
    TLV320AIC23BInit                         0x00003a09   Thumb Code   188  tlv320aic23b.o(i.TLV320AIC23BInit)
    TLV320AIC23BLineInVolumeSet              0x00003ad5   Thumb Code    24  tlv320aic23b.o(i.TLV320AIC23BLineInVolumeSet)
    TimerConfigure                           0x00003b91   Thumb Code    28  timer.o(i.TimerConfigure)
    TimerControlTrigger                      0x00003bad   Thumb Code    22  timer.o(i.TimerControlTrigger)
    TimerEnable                              0x00003bc3   Thumb Code    14  timer.o(i.TimerEnable)
    TimerInitial                             0x00003bd1   Thumb Code    60  timerconfigure.o(i.TimerInitial)
    TimerIntClear                            0x00003c19   Thumb Code     4  timer.o(i.TimerIntClear)
    TimerIntEnable                           0x00003c1d   Thumb Code     8  timer.o(i.TimerIntEnable)
    TimerIntStatus                           0x00003c25   Thumb Code    10  timer.o(i.TimerIntStatus)
    TimerLoadSet                             0x00003c2f   Thumb Code    18  timer.o(i.TimerLoadSet)
    Timer_ISR                                0x00003c41   Thumb Code    22  main.o(i.Timer_ISR)
    TouchScreenCallbackSet                   0x00003c5d   Thumb Code     6  touch.o(i.TouchScreenCallbackSet)
    TouchScreenInit                          0x00003e6d   Thumb Code   306  touch.o(i.TouchScreenInit)
    TouchScreenIntHandler                    0x00003fd5   Thumb Code   514  touch.o(i.TouchScreenIntHandler)
    UART0Initial                             0x00004205   Thumb Code    68  uartconfigure.o(i.UART0Initial)
    UART0_ISR                                0x00004255   Thumb Code   100  uartisr.o(i.UART0_ISR)
    UARTCharGetNonBlocking                   0x000042c5   Thumb Code    16  uart.o(i.UARTCharGetNonBlocking)
    UARTCharsAvail                           0x000042d5   Thumb Code    10  uart.o(i.UARTCharsAvail)
    UARTConfigSetExpClk                      0x000042df   Thumb Code   110  uart.o(i.UARTConfigSetExpClk)
    UARTEnable                               0x0000434d   Thumb Code    20  uart.o(i.UARTEnable)
    UARTFIFOLevelSet                         0x00004361   Thumb Code     6  uart.o(i.UARTFIFOLevelSet)
    UARTIntClear                             0x00004367   Thumb Code     4  uart.o(i.UARTIntClear)
    UARTIntEnable                            0x0000436b   Thumb Code     8  uart.o(i.UARTIntEnable)
    UARTIntStatus                            0x00004373   Thumb Code    10  uart.o(i.UARTIntStatus)
    UARTStdioInit                            0x0000437d   Thumb Code    16  uartstdio.o(i.UARTStdioInit)
    UARTStdioInitExpClk                      0x0000438d   Thumb Code   120  uartstdio.o(i.UARTStdioInitExpClk)
    UARTprintf                               0x00004411   Thumb Code   722  uartstdio.o(i.UARTprintf)
    UARTwrite                                0x000046f5   Thumb Code    72  uartstdio.o(i.UARTwrite)
    WaveClose                                0x00004741   Thumb Code    12  main.o(i.WaveClose)
    WaveOpen                                 0x0000474d   Thumb Code   630  main.o(i.WaveOpen)
    WavePlay                                 0x00004af1   Thumb Code   184  main.o(i.WavePlay)
    WaveRead                                 0x00004bc5   Thumb Code    86  main.o(i.WaveRead)
    WidgetAdd                                0x00004c29   Thumb Code    38  widget.o(i.WidgetAdd)
    WidgetDefaultMsgProc                     0x00004c4f   Thumb Code     4  widget.o(i.WidgetDefaultMsgProc)
    WidgetMessageQueueAdd                    0x00004c55   Thumb Code   218  widget.o(i.WidgetMessageQueueAdd)
    WidgetMessageQueueProcess                0x00004d39   Thumb Code   176  widget.o(i.WidgetMessageQueueProcess)
    WidgetMessageSendPostOrder               0x00004df1   Thumb Code   216  widget.o(i.WidgetMessageSendPostOrder)
    WidgetPointerMessage                     0x00004ed1   Thumb Code    26  widget.o(i.WidgetPointerMessage)
    WidgetRemove                             0x00004ef1   Thumb Code   150  widget.o(i.WidgetRemove)
    disk_initialize                          0x000053c5   Thumb Code   386  mmc-dk-lm3s9b96.o(i.disk_initialize)
    disk_ioctl                               0x00005555   Thumb Code   466  mmc-dk-lm3s9b96.o(i.disk_ioctl)
    disk_read                                0x0000572d   Thumb Code   160  mmc-dk-lm3s9b96.o(i.disk_read)
    disk_status                              0x000057d5   Thumb Code    14  mmc-dk-lm3s9b96.o(i.disk_status)
    disk_timerproc                           0x000057e9   Thumb Code    42  mmc-dk-lm3s9b96.o(i.disk_timerproc)
    disk_write                               0x0000581d   Thumb Code   206  mmc-dk-lm3s9b96.o(i.disk_write)
    f_close                                  0x000058f5   Thumb Code    24  ff.o(i.f_close)
    f_mount                                  0x0000590d   Thumb Code    52  ff.o(i.f_mount)
    f_open                                   0x00005945   Thumb Code   402  ff.o(i.f_open)
    f_opendir                                0x00005ad7   Thumb Code   112  ff.o(i.f_opendir)
    f_read                                   0x00005b47   Thumb Code   430  ff.o(i.f_read)
    f_readdir                                0x00005cf5   Thumb Code   132  ff.o(i.f_readdir)
    f_sync                                   0x00005d79   Thumb Code   150  ff.o(i.f_sync)
    get_fattime                              0x00005efd   Thumb Code     4  mmc-dk-lm3s9b96.o(i.get_fattime)
    main                                     0x00005fc5   Thumb Code   252  main.o(i.main)
    parseCmd                                 0x0000632d   Thumb Code    34  uartisr.o(i.parseCmd)
    switchMusic                              0x00006831   Thumb Code    66  main.o(i.switchMusic)
    uDMAChannelAttributeDisable              0x000069cd   Thumb Code    44  udma.o(i.uDMAChannelAttributeDisable)
    uDMAChannelAttributeEnable               0x000069fd   Thumb Code    44  udma.o(i.uDMAChannelAttributeEnable)
    uDMAChannelControlSet                    0x00006a2d   Thumb Code    20  udma.o(i.uDMAChannelControlSet)
    uDMAChannelEnable                        0x00006a49   Thumb Code    12  udma.o(i.uDMAChannelEnable)
    uDMAChannelModeGet                       0x00006a59   Thumb Code    30  udma.o(i.uDMAChannelModeGet)
    uDMAChannelTransferSet                   0x00006a7d   Thumb Code   132  udma.o(i.uDMAChannelTransferSet)
    uDMAControlBaseSet                       0x00006b05   Thumb Code     6  udma.o(i.uDMAControlBaseSet)
    uDMAEnable                               0x00006b11   Thumb Code     8  udma.o(i.uDMAEnable)
    usprintf                                 0x00006b1d   Thumb Code    40  ustdlib.o(i.usprintf)
    uvsnprintf                               0x00006b45   Thumb Code   950  ustdlib.o(i.uvsnprintf)
    _fp_init                                 0x00006fe9   Thumb Code    14  fpinit.o(x$fpl$fpinit)
    __fplib_config_pureend_doubles           0x00006ff5   Thumb Code     0  fpinit.o(x$fpl$fpinit)
    g_sKitronix320x240x16_SSD2119            0x00006ff8   Data          40  kitronix320x240x16_ssd2119_8bit.o(.constdata)
    g_pulGPIOBase                            0x00007020   Data          36  set_pinout.o(.constdata)
    g_lTouchParameters                       0x000070a4   Data          84  touch.o(.constdata)
    g_sFontCm20                              0x00007b84   Data         200  fontcm20.o(.constdata)
    g_sFontCmss12                            0x00008160   Data         200  fontcmss12.o(.constdata)
    g_sFontCmss22b                           0x00008b48   Data         200  fontcmss22b.o(.constdata)
    Region$$Table$$Base                      0x00008ce8   Number         0  anon$$obj.o(Region$$Table)
    Region$$Table$$Limit                     0x00008d08   Number         0  anon$$obj.o(Region$$Table)
    WriteData                                0x20000000   Data           4  kitronix320x240x16_ssd2119_8bit.o(.data)
    WriteCommand                             0x20000004   Data           4  kitronix320x240x16_ssd2119_8bit.o(.data)
    g_eDaughterType                          0x20000008   Data           2  set_pinout.o(.data)
    g_sSample                                0x20000028   Data           8  sound.o(.data)
    g_sTouchMin                              0x20000048   Data           2  touch.o(.data)
    g_plParmSet                              0x2000004c   Data           4  touch.o(.data)
    g_sTouchX                                0x20000054   Data           2  touch.o(.data)
    g_sTouchY                                0x20000056   Data           2  touch.o(.data)
    g_sFresultStrings                        0x20000070   Data         112  main.o(.data)
    g_sDirList                               0x20000130   Data          84  main.o(.data)
    g_sHeading                               0x20000184   Data          64  main.o(.data)
    g_sBackBtn                               0x200001c4   Data          80  main.o(.data)
    g_sTextFrame                             0x20000214   Data          64  main.o(.data)
    g_sProgressText                          0x20000254   Data          64  main.o(.data)
    g_sListBackground                        0x20000294   Data          64  main.o(.data)
    g_sDetailBackground                      0x200002d4   Data          64  main.o(.data)
    g_ulFlags                                0x20000320   Data           4  main.o(.data)
    buffer_ptr                               0x2000033c   Data           4  uartconfigure.o(.data)
    TheSysClock                              0x20000340   Data           4  sysctlconfigure.o(.data)
    g_sRoot                                  0x20000354   Data          32  widget.o(.data)
    sDMAControlTable                         0x20000c00   Data        1024  main.o(.bss)
    g_sFileObject                            0x20001258   Data         548  main.o(.bss)
    g_sWaveHeader                            0x20002878   Data          20  main.o(.bss)
    uart_buffer                              0x2000288c   Data        1024  uartconfigure.o(.bss)
    __libspace_start                         0x20002dec   Data          96  libspace.o(.bss)
    __temporary_stack_top$libspace           0x20002e4c   Data           0  libspace.o(.bss)



==============================================================================

Memory Map of the image

  Image Entry point : 0x0000011d

  Load Region LR_IROM (Base: 0x00000000, Size: 0x0000907c, Max: 0x00040000, ABSOLUTE, COMPRESSED[0x00008e14])

    Execution Region ER_IROM (Base: 0x00000000, Size: 0x00008d08, Max: 0x00040000, ABSOLUTE)

    Base Addr    Size         Type   Attr      Idx    E Section Name        Object

    0x00000000   0x00000128   Code   RO            3  * RESET               startup_rvmdk.o
    0x00000128   0x00000008   Code   RO         3644  * !!!main             c_w.l(__main.o)
    0x00000130   0x00000034   Code   RO         3810    !!!scatter          c_w.l(__scatter.o)
    0x00000164   0x0000005a   Code   RO         3808    !!dczerorl2         c_w.l(__dczerorl2.o)
    0x000001be   0x00000002   PAD
    0x000001c0   0x0000001c   Code   RO         3812    !!handler_zi        c_w.l(__scatter_zi.o)
    0x000001dc   0x00000006   Code   RO         3678    .ARM.Collect$$libinit$$00000000  c_w.l(libinit.o)
    0x000001e2   0x00000000   Code   RO         3686    .ARM.Collect$$libinit$$00000006  c_w.l(libinit2.o)
    0x000001e2   0x00000000   Code   RO         3688    .ARM.Collect$$libinit$$00000008  c_w.l(libinit2.o)
    0x000001e2   0x00000000   Code   RO         3690    .ARM.Collect$$libinit$$0000000A  c_w.l(libinit2.o)
    0x000001e2   0x00000000   Code   RO         3693    .ARM.Collect$$libinit$$0000000D  c_w.l(libinit2.o)
    0x000001e2   0x00000000   Code   RO         3695    .ARM.Collect$$libinit$$0000000F  c_w.l(libinit2.o)
    0x000001e2   0x00000000   Code   RO         3697    .ARM.Collect$$libinit$$00000011  c_w.l(libinit2.o)
    0x000001e2   0x00000000   Code   RO         3699    .ARM.Collect$$libinit$$00000013  c_w.l(libinit2.o)
    0x000001e2   0x00000000   Code   RO         3701    .ARM.Collect$$libinit$$00000015  c_w.l(libinit2.o)
    0x000001e2   0x00000000   Code   RO         3703    .ARM.Collect$$libinit$$00000017  c_w.l(libinit2.o)
    0x000001e2   0x00000000   Code   RO         3705    .ARM.Collect$$libinit$$00000019  c_w.l(libinit2.o)
    0x000001e2   0x00000000   Code   RO         3707    .ARM.Collect$$libinit$$0000001B  c_w.l(libinit2.o)
    0x000001e2   0x00000000   Code   RO         3709    .ARM.Collect$$libinit$$0000001D  c_w.l(libinit2.o)
    0x000001e2   0x00000000   Code   RO         3711    .ARM.Collect$$libinit$$0000001F  c_w.l(libinit2.o)
    0x000001e2   0x00000000   Code   RO         3713    .ARM.Collect$$libinit$$00000021  c_w.l(libinit2.o)
    0x000001e2   0x00000000   Code   RO         3717    .ARM.Collect$$libinit$$00000028  c_w.l(libinit2.o)
    0x000001e2   0x00000000   Code   RO         3719    .ARM.Collect$$libinit$$0000002A  c_w.l(libinit2.o)
    0x000001e2   0x00000000   Code   RO         3721    .ARM.Collect$$libinit$$0000002C  c_w.l(libinit2.o)
    0x000001e2   0x00000000   Code   RO         3723    .ARM.Collect$$libinit$$0000002E  c_w.l(libinit2.o)
    0x000001e2   0x00000002   Code   RO         3724    .ARM.Collect$$libinit$$0000002F  c_w.l(libinit2.o)
    0x000001e4   0x00000002   Code   RO         3750    .ARM.Collect$$libshutdown$$00000000  c_w.l(libshutdown.o)
    0x000001e6   0x00000000   Code   RO         3763    .ARM.Collect$$libshutdown$$00000003  c_w.l(libshutdown2.o)
    0x000001e6   0x00000000   Code   RO         3766    .ARM.Collect$$libshutdown$$00000006  c_w.l(libshutdown2.o)
    0x000001e6   0x00000000   Code   RO         3769    .ARM.Collect$$libshutdown$$00000009  c_w.l(libshutdown2.o)
    0x000001e6   0x00000000   Code   RO         3771    .ARM.Collect$$libshutdown$$0000000B  c_w.l(libshutdown2.o)
    0x000001e6   0x00000000   Code   RO         3774    .ARM.Collect$$libshutdown$$0000000E  c_w.l(libshutdown2.o)
    0x000001e6   0x00000002   Code   RO         3775    .ARM.Collect$$libshutdown$$0000000F  c_w.l(libshutdown2.o)
    0x000001e8   0x00000000   Code   RO         3646    .ARM.Collect$$rtentry$$00000000  c_w.l(rtentry.o)
    0x000001e8   0x00000000   Code   RO         3651    .ARM.Collect$$rtentry$$00000002  c_w.l(rtentry2.o)
    0x000001e8   0x00000006   Code   RO         3666    .ARM.Collect$$rtentry$$00000004  c_w.l(rtentry4.o)
    0x000001ee   0x00000000   Code   RO         3653    .ARM.Collect$$rtentry$$00000009  c_w.l(rtentry2.o)
    0x000001ee   0x00000004   Code   RO         3654    .ARM.Collect$$rtentry$$0000000A  c_w.l(rtentry2.o)
    0x000001f2   0x00000000   Code   RO         3656    .ARM.Collect$$rtentry$$0000000C  c_w.l(rtentry2.o)
    0x000001f2   0x00000008   Code   RO         3657    .ARM.Collect$$rtentry$$0000000D  c_w.l(rtentry2.o)
    0x000001fa   0x00000002   Code   RO         3682    .ARM.Collect$$rtexit$$00000000  c_w.l(rtexit.o)
    0x000001fc   0x00000000   Code   RO         3728    .ARM.Collect$$rtexit$$00000002  c_w.l(rtexit2.o)
    0x000001fc   0x00000004   Code   RO         3729    .ARM.Collect$$rtexit$$00000003  c_w.l(rtexit2.o)
    0x00000200   0x00000006   Code   RO         3730    .ARM.Collect$$rtexit$$00000004  c_w.l(rtexit2.o)
    0x00000206   0x00000002   PAD
    0x00000208   0x00000006   Code   RO         2354    .emb_text           driverlib.lib(sysctl.o)
    0x0000020e   0x00000002   PAD
    0x00000210   0x00000014   Code   RO         3394    .emb_text           grlib.lib(widget.o)
    0x00000224   0x00000018   Code   RO            4    .text               startup_rvmdk.o
    0x0000023c   0x0000004e   Code   RO         3626    .text               c_w.l(memcmp.o)
    0x0000028a   0x0000003e   Code   RO         3628    .text               c_w.l(strlen.o)
    0x000002c8   0x0000008c   Code   RO         3630    .text               c_w.l(strncmp.o)
    0x00000354   0x0000008a   Code   RO         3632    .text               c_w.l(rt_memcpy_v6.o)
    0x000003de   0x00000010   Code   RO         3634    .text               c_w.l(aeabi_memset.o)
    0x000003ee   0x00000044   Code   RO         3636    .text               c_w.l(rt_memclr.o)
    0x00000432   0x0000004e   Code   RO         3638    .text               c_w.l(rt_memclr_w.o)
    0x00000480   0x00000056   Code   RO         3640    .text               c_w.l(strncpy.o)
    0x000004d6   0x00000006   Code   RO         3642    .text               c_w.l(heapauxi.o)
    0x000004dc   0x00000064   Code   RO         3648    .text               c_w.l(rt_memcpy_w.o)
    0x00000540   0x0000004a   Code   RO         3668    .text               c_w.l(sys_stackheap_outer.o)
    0x0000058a   0x0000000c   Code   RO         3670    .text               c_w.l(exit.o)
    0x00000596   0x00000002   PAD
    0x00000598   0x00000008   Code   RO         3679    .text               c_w.l(libspace.o)
    0x000005a0   0x00000008   Code   RO         3738    .text               c_w.l(rt_fp_status_addr_intlibspace.o)
    0x000005a8   0x0000000c   Code   RO         3742    .text               c_w.l(sys_exit.o)
    0x000005b4   0x00000002   Code   RO         3753    .text               c_w.l(use_no_semi.o)
    0x000005b6   0x0000000e   Code   RO         1202    i.ADCHardwareOversampleConfigure  driverlib.lib(adc.o)
    0x000005c4   0x00000010   Code   RO         1205    i.ADCIntEnable      driverlib.lib(adc.o)
    0x000005d4   0x00000032   Code   RO         1214    i.ADCSequenceConfigure  driverlib.lib(adc.o)
    0x00000606   0x0000000e   Code   RO         1217    i.ADCSequenceEnable  driverlib.lib(adc.o)
    0x00000614   0x0000006e   Code   RO         1220    i.ADCSequenceStepConfigure  driverlib.lib(adc.o)
    0x00000682   0x00000002   PAD
    0x00000684   0x00000040   Code   RO          804    i.BufferCallback    main.o
    0x000006c4   0x0000003a   Code   RO          149    i.CalcEPIDivider    set_pinout.o
    0x000006fe   0x000001ae   Code   RO         3251    i.CanvasMsgProc     grlib.lib(canvas.o)
    0x000008ac   0x00000198   Code   RO          805    i.Cmd_ls            main.o
    0x00000a44   0x00000022   Code   RO          806    i.Convert8Bit       main.o
    0x00000a66   0x00000010   Code   RO          609    i.DESELECT          mmc-dk-lm3s9b96.o
    0x00000a76   0x00000002   PAD
    0x00000a78   0x000000ac   Code   RO          150    i.DaughterBoardTypeGet  set_pinout.o
    0x00000b24   0x000000f8   Code   RO          151    i.EEPROMReadPolled  set_pinout.o
    0x00000c1c   0x00000004   Code   RO         1410    i.EPIAddressMapSet  driverlib.lib(epi.o)
    0x00000c20   0x00000022   Code   RO         1411    i.EPIConfigGPModeSet  driverlib.lib(epi.o)
    0x00000c42   0x0000002e   Code   RO         1413    i.EPIConfigHB8Set   driverlib.lib(epi.o)
    0x00000c70   0x0000000c   Code   RO         1414    i.EPIConfigSDRAMSet  driverlib.lib(epi.o)
    0x00000c7c   0x00000040   Code   RO          152    i.EPIDividerFromRate  set_pinout.o
    0x00000cbc   0x00000004   Code   RO         1415    i.EPIDividerSet     driverlib.lib(epi.o)
    0x00000cc0   0x00000004   Code   RO         1424    i.EPIModeSet        driverlib.lib(epi.o)
    0x00000cc4   0x00000158   Code   RO          153    i.EPIPinConfigSet   set_pinout.o
    0x00000e1c   0x00000028   Code   RO         1567    i.GPIODirModeSet    driverlib.lib(gpio.o)
    0x00000e44   0x000001e4   Code   RO         1123    i.GPIOInitial       gpiodriverconfigure.o
    0x00001028   0x000000b0   Code   RO         1572    i.GPIOPadConfigSet  driverlib.lib(gpio.o)
    0x000010d8   0x00000048   Code   RO         1573    i.GPIOPinConfigure  driverlib.lib(gpio.o)
    0x00001120   0x00000006   Code   RO         1578    i.GPIOPinRead       driverlib.lib(gpio.o)
    0x00001126   0x0000001c   Code   RO         1579    i.GPIOPinTypeADC    driverlib.lib(gpio.o)
    0x00001142   0x0000001c   Code   RO         1584    i.GPIOPinTypeGPIOInput  driverlib.lib(gpio.o)
    0x0000115e   0x0000001c   Code   RO         1585    i.GPIOPinTypeGPIOOutput  driverlib.lib(gpio.o)
    0x0000117a   0x0000001c   Code   RO         1587    i.GPIOPinTypeI2C    driverlib.lib(gpio.o)
    0x00001196   0x0000001c   Code   RO         1588    i.GPIOPinTypeI2S    driverlib.lib(gpio.o)
    0x000011b2   0x0000001c   Code   RO         1589    i.GPIOPinTypePWM    driverlib.lib(gpio.o)
    0x000011ce   0x0000001c   Code   RO         1591    i.GPIOPinTypeSSI    driverlib.lib(gpio.o)
    0x000011ea   0x0000001c   Code   RO         1593    i.GPIOPinTypeUART   driverlib.lib(gpio.o)
    0x00001206   0x00000006   Code   RO         1596    i.GPIOPinWrite      driverlib.lib(gpio.o)
    0x0000120c   0x00000070   Code   RO         3498    i.GrContextClipRegionSet  grlib.lib(context.o)
    0x0000127c   0x00000020   Code   RO         3499    i.GrContextInit     grlib.lib(context.o)
    0x0000129c   0x000002dc   Code   RO         3516    i.GrImageDraw       grlib.lib(image.o)
    0x00001578   0x00000050   Code   RO         3602    i.GrLineDrawH       grlib.lib(line.o)
    0x000015c8   0x0000004a   Code   RO         3603    i.GrLineDrawV       grlib.lib(line.o)
    0x00001612   0x0000006c   Code   RO         3530    i.GrRectDraw        grlib.lib(rectangle.o)
    0x0000167e   0x000000b4   Code   RO         3531    i.GrRectFill        grlib.lib(rectangle.o)
    0x00001732   0x000002ec   Code   RO         3560    i.GrStringDraw      grlib.lib(string.o)
    0x00001a1e   0x00000070   Code   RO         3564    i.GrStringWidthGet  grlib.lib(string.o)
    0x00001a8e   0x000000cc   Code   RO          154    i.HB8ConfigGet      set_pinout.o
    0x00001b5a   0x00000004   Code   RO         1784    i.I2CMasterControl  driverlib.lib(i2c.o)
    0x00001b5e   0x00000004   Code   RO         1785    i.I2CMasterDataGet  driverlib.lib(i2c.o)
    0x00001b62   0x00000004   Code   RO         1786    i.I2CMasterDataPut  driverlib.lib(i2c.o)
    0x00001b66   0x0000000a   Code   RO         1788    i.I2CMasterEnable   driverlib.lib(i2c.o)
    0x00001b70   0x00000018   Code   RO         1789    i.I2CMasterErr      driverlib.lib(i2c.o)
    0x00001b88   0x00000034   Code   RO         1790    i.I2CMasterInitExpClk  driverlib.lib(i2c.o)
    0x00001bbc   0x00000008   Code   RO         1791    i.I2CMasterIntClear  driverlib.lib(i2c.o)
    0x00001bc4   0x00000018   Code   RO         1794    i.I2CMasterIntStatus  driverlib.lib(i2c.o)
    0x00001bdc   0x00000008   Code   RO         1795    i.I2CMasterSlaveAddrSet  driverlib.lib(i2c.o)
    0x00001be4   0x00000006   Code   RO         1974    i.I2SIntClear       driverlib.lib(i2s.o)
    0x00001bea   0x0000000e   Code   RO         1978    i.I2SIntStatus      driverlib.lib(i2s.o)
    0x00001bf8   0x00000010   Code   RO         1980    i.I2SMasterClockSelect  driverlib.lib(i2s.o)
    0x00001c08   0x0000003a   Code   RO         1981    i.I2SRxConfigSet    driverlib.lib(i2s.o)
    0x00001c42   0x00000006   Code   RO         1988    i.I2SRxFIFOLimitSet  driverlib.lib(i2s.o)
    0x00001c48   0x00000016   Code   RO         1989    i.I2STxConfigSet    driverlib.lib(i2s.o)
    0x00001c5e   0x00000012   Code   RO         1993    i.I2STxEnable       driverlib.lib(i2s.o)
    0x00001c70   0x00000004   Code   RO         1996    i.I2STxFIFOLimitSet  driverlib.lib(i2s.o)
    0x00001c74   0x00000016   Code   RO         1999    i.I2STxRxEnable     driverlib.lib(i2s.o)
    0x00001c8a   0x00000002   PAD
    0x00001c8c   0x00000054   Code   RO           11    i.InitFPGADaughterLCDInterface  kitronix320x240x16_ssd2119_8bit.o
    0x00001ce0   0x0000010c   Code   RO           12    i.InitGPIOLCDInterface  kitronix320x240x16_ssd2119_8bit.o
    0x00001dec   0x00000058   Code   RO           13    i.InitSRAMDaughterLCDInterface  kitronix320x240x16_ssd2119_8bit.o
    0x00001e44   0x0000006c   Code   RO         2143    i.IntDisable        driverlib.lib(interrupt.o)
    0x00001eb0   0x0000006c   Code   RO         2144    i.IntEnable         driverlib.lib(interrupt.o)
    0x00001f1c   0x0000001c   Code   RO           14    i.Kitronix320x240x16_SSD2119ColorTranslate  kitronix320x240x16_ssd2119_8bit.o
    0x00001f38   0x00000002   Code   RO           15    i.Kitronix320x240x16_SSD2119Flush  kitronix320x240x16_ssd2119_8bit.o
    0x00001f3a   0x00000002   PAD
    0x00001f3c   0x00000268   Code   RO           16    i.Kitronix320x240x16_SSD2119Init  kitronix320x240x16_ssd2119_8bit.o
    0x000021a4   0x0000006c   Code   RO           17    i.Kitronix320x240x16_SSD2119LineDrawH  kitronix320x240x16_ssd2119_8bit.o
    0x00002210   0x0000006c   Code   RO           18    i.Kitronix320x240x16_SSD2119LineDrawV  kitronix320x240x16_ssd2119_8bit.o
    0x0000227c   0x0000004c   Code   RO           19    i.Kitronix320x240x16_SSD2119PixelDraw  kitronix320x240x16_ssd2119_8bit.o
    0x000022c8   0x000001bc   Code   RO           20    i.Kitronix320x240x16_SSD2119PixelDrawMultiple  kitronix320x240x16_ssd2119_8bit.o
    0x00002484   0x00000108   Code   RO           21    i.Kitronix320x240x16_SSD2119RectFill  kitronix320x240x16_ssd2119_8bit.o
    0x0000258c   0x00000352   Code   RO         3325    i.ListBoxMsgProc    grlib.lib(listbox.o)
    0x000028de   0x00000068   Code   RO         3326    i.ListBoxTextAdd    grlib.lib(listbox.o)
    0x00002946   0x00000002   PAD
    0x00002948   0x0000003c   Code   RO          807    i.OnBackBtnPress    main.o
    0x00002984   0x00000094   Code   RO          808    i.OnListBoxChange   main.o
    0x00002a18   0x000000c0   Code   RO          155    i.PinoutSet         set_pinout.o
    0x00002ad8   0x000000e0   Code   RO          810    i.PopulateFileListBox  main.o
    0x00002bb8   0x000000ec   Code   RO          156    i.PortControlSet    set_pinout.o
    0x00002ca4   0x00000120   Code   RO         3355    i.RectangularButtonMsgProc  grlib.lib(pushbutton.o)
    0x00002dc4   0x0000018e   Code   RO         3356    i.RectangularButtonPaint  grlib.lib(pushbutton.o)
    0x00002f52   0x00000002   PAD
    0x00002f54   0x00000054   Code   RO          157    i.SDRAMConfigGet    set_pinout.o
    0x00002fa8   0x00000020   Code   RO          610    i.SELECT            mmc-dk-lm3s9b96.o
    0x00002fc8   0x0000004a   Code   RO         2247    i.SSIConfigSetExpClk  driverlib.lib(ssi.o)
    0x00003012   0x0000000e   Code   RO         2250    i.SSIDataGet        driverlib.lib(ssi.o)
    0x00003020   0x0000000c   Code   RO         2252    i.SSIDataPut        driverlib.lib(ssi.o)
    0x0000302c   0x0000000a   Code   RO         2254    i.SSIDisable        driverlib.lib(ssi.o)
    0x00003036   0x0000000a   Code   RO         2255    i.SSIEnable         driverlib.lib(ssi.o)
    0x00003040   0x00000150   Code   RO          219    i.SoundBufferPlay   sound.o
    0x00003190   0x000000d4   Code   RO          221    i.SoundInit         sound.o
    0x00003264   0x00000154   Code   RO          222    i.SoundIntHandler   sound.o
    0x000033b8   0x00000288   Code   RO          226    i.SoundSetFormat    sound.o
    0x00003640   0x00000044   Code   RO          811    i.StringFromFresult  main.o
    0x00003684   0x000001e8   Code   RO         2359    i.SysCtlClockGet    driverlib.lib(sysctl.o)
    0x0000386c   0x000000d8   Code   RO         2365    i.SysCtlI2SMClkSet  driverlib.lib(sysctl.o)
    0x00003944   0x00000020   Code   RO         2384    i.SysCtlPeripheralEnable  driverlib.lib(sysctl.o)
    0x00003964   0x00000038   Code   RO         2386    i.SysCtlPeripheralReset  driverlib.lib(sysctl.o)
    0x0000399c   0x0000000e   Code   RO         2619    i.SysTickEnable     driverlib.lib(systick.o)
    0x000039aa   0x00000008   Code   RO          812    i.SysTickHandler    main.o
    0x000039b2   0x00000002   PAD
    0x000039b4   0x00000054   Code   RO          384    i.TLV320AIC23BHeadPhoneVolumeSet  tlv320aic23b.o
    0x00003a08   0x000000cc   Code   RO          385    i.TLV320AIC23BInit  tlv320aic23b.o
    0x00003ad4   0x00000018   Code   RO          386    i.TLV320AIC23BLineInVolumeSet  tlv320aic23b.o
    0x00003aec   0x000000a4   Code   RO          387    i.TLV320AIC23BWriteRegister  tlv320aic23b.o
    0x00003b90   0x0000001c   Code   RO         2681    i.TimerConfigure    driverlib.lib(timer.o)
    0x00003bac   0x00000016   Code   RO         2685    i.TimerControlTrigger  driverlib.lib(timer.o)
    0x00003bc2   0x0000000e   Code   RO         2688    i.TimerEnable       driverlib.lib(timer.o)
    0x00003bd0   0x00000048   Code   RO         1183    i.TimerInitial      timerconfigure.o
    0x00003c18   0x00000004   Code   RO         2689    i.TimerIntClear     driverlib.lib(timer.o)
    0x00003c1c   0x00000008   Code   RO         2691    i.TimerIntEnable    driverlib.lib(timer.o)
    0x00003c24   0x0000000a   Code   RO         2693    i.TimerIntStatus    driverlib.lib(timer.o)
    0x00003c2e   0x00000012   Code   RO         2696    i.TimerLoadSet      driverlib.lib(timer.o)
    0x00003c40   0x0000001c   Code   RO          813    i.Timer_ISR         main.o
    0x00003c5c   0x0000000c   Code   RO          332    i.TouchScreenCallbackSet  touch.o
    0x00003c68   0x00000204   Code   RO          333    i.TouchScreenDebouncer  touch.o
    0x00003e6c   0x00000168   Code   RO          334    i.TouchScreenInit   touch.o
    0x00003fd4   0x00000230   Code   RO          335    i.TouchScreenIntHandler  touch.o
    0x00004204   0x00000050   Code   RO         1059    i.UART0Initial      uartconfigure.o
    0x00004254   0x00000070   Code   RO         1094    i.UART0_ISR         uartisr.o
    0x000042c4   0x00000010   Code   RO         2852    i.UARTCharGetNonBlocking  driverlib.lib(uart.o)
    0x000042d4   0x0000000a   Code   RO         2855    i.UARTCharsAvail    driverlib.lib(uart.o)
    0x000042de   0x0000006e   Code   RO         2857    i.UARTConfigSetExpClk  driverlib.lib(uart.o)
    0x0000434c   0x00000014   Code   RO         2862    i.UARTEnable        driverlib.lib(uart.o)
    0x00004360   0x00000006   Code   RO         2867    i.UARTFIFOLevelSet  driverlib.lib(uart.o)
    0x00004366   0x00000004   Code   RO         2870    i.UARTIntClear      driverlib.lib(uart.o)
    0x0000436a   0x00000008   Code   RO         2872    i.UARTIntEnable     driverlib.lib(uart.o)
    0x00004372   0x0000000a   Code   RO         2874    i.UARTIntStatus     driverlib.lib(uart.o)
    0x0000437c   0x00000010   Code   RO         1013    i.UARTStdioInit     uartstdio.o
    0x0000438c   0x00000084   Code   RO         1014    i.UARTStdioInitExpClk  uartstdio.o
    0x00004410   0x000002e4   Code   RO         1017    i.UARTprintf        uartstdio.o
    0x000046f4   0x0000004c   Code   RO         1018    i.UARTwrite         uartstdio.o
    0x00004740   0x0000000c   Code   RO          814    i.WaveClose         main.o
    0x0000474c   0x000003a4   Code   RO          815    i.WaveOpen          main.o
    0x00004af0   0x000000d4   Code   RO          816    i.WavePlay          main.o
    0x00004bc4   0x00000064   Code   RO          817    i.WaveRead          main.o
    0x00004c28   0x00000026   Code   RO         3395    i.WidgetAdd         grlib.lib(widget.o)
    0x00004c4e   0x00000004   Code   RO         3396    i.WidgetDefaultMsgProc  grlib.lib(widget.o)
    0x00004c52   0x00000002   PAD
    0x00004c54   0x000000e4   Code   RO         3397    i.WidgetMessageQueueAdd  grlib.lib(widget.o)
    0x00004d38   0x000000b8   Code   RO         3398    i.WidgetMessageQueueProcess  grlib.lib(widget.o)
    0x00004df0   0x000000e0   Code   RO         3399    i.WidgetMessageSendPostOrder  grlib.lib(widget.o)
    0x00004ed0   0x00000020   Code   RO         3403    i.WidgetPointerMessage  grlib.lib(widget.o)
    0x00004ef0   0x0000009c   Code   RO         3404    i.WidgetRemove      grlib.lib(widget.o)
    0x00004f8c   0x00000010   Code   RO           22    i.WriteCommandEPI   kitronix320x240x16_ssd2119_8bit.o
    0x00004f9c   0x00000014   Code   RO           23    i.WriteCommandFPGA  kitronix320x240x16_ssd2119_8bit.o
    0x00004fb0   0x0000004c   Code   RO           24    i.WriteCommandGPIO  kitronix320x240x16_ssd2119_8bit.o
    0x00004ffc   0x0000000e   Code   RO           25    i.WriteDataEPI      kitronix320x240x16_ssd2119_8bit.o
    0x0000500a   0x00000014   Code   RO           26    i.WriteDataFPGA     kitronix320x240x16_ssd2119_8bit.o
    0x0000501e   0x00000002   PAD
    0x00005020   0x00000048   Code   RO           27    i.WriteDataGPIO     kitronix320x240x16_ssd2119_8bit.o
    0x00005068   0x00000204   Code   RO          424    i.auto_mount        ff.o
    0x0000526c   0x00000070   Code   RO          425    i.check_fs          ff.o
    0x000052dc   0x0000000c   Code   RO          611    i.chk_power         mmc-dk-lm3s9b96.o
    0x000052e8   0x00000022   Code   RO          426    i.clust2sect        ff.o
    0x0000530a   0x000000b8   Code   RO          427    i.create_chain      ff.o
    0x000053c2   0x00000002   PAD
    0x000053c4   0x00000190   Code   RO          612    i.disk_initialize   mmc-dk-lm3s9b96.o
    0x00005554   0x000001d8   Code   RO          613    i.disk_ioctl        mmc-dk-lm3s9b96.o
    0x0000572c   0x000000a8   Code   RO          614    i.disk_read         mmc-dk-lm3s9b96.o
    0x000057d4   0x00000014   Code   RO          615    i.disk_status       mmc-dk-lm3s9b96.o
    0x000057e8   0x00000034   Code   RO          616    i.disk_timerproc    mmc-dk-lm3s9b96.o
    0x0000581c   0x000000d8   Code   RO          617    i.disk_write        mmc-dk-lm3s9b96.o
    0x000058f4   0x00000018   Code   RO          429    i.f_close           ff.o
    0x0000590c   0x00000038   Code   RO          433    i.f_mount           ff.o
    0x00005944   0x00000192   Code   RO          434    i.f_open            ff.o
    0x00005ad6   0x00000070   Code   RO          435    i.f_opendir         ff.o
    0x00005b46   0x000001ae   Code   RO          436    i.f_read            ff.o
    0x00005cf4   0x00000084   Code   RO          437    i.f_readdir         ff.o
    0x00005d78   0x00000096   Code   RO          440    i.f_sync            ff.o
    0x00005e0e   0x000000ec   Code   RO          443    i.get_cluster       ff.o
    0x00005efa   0x00000002   PAD
    0x00005efc   0x00000008   Code   RO          618    i.get_fattime       mmc-dk-lm3s9b96.o
    0x00005f04   0x000000be   Code   RO          444    i.get_fileinfo      ff.o
    0x00005fc2   0x00000002   PAD
    0x00005fc4   0x00000124   Code   RO          818    i.main              main.o
    0x000060e8   0x0000013e   Code   RO          445    i.make_dirfile      ff.o
    0x00006226   0x00000090   Code   RO          446    i.move_window       ff.o
    0x000062b6   0x00000074   Code   RO          447    i.next_dir_entry    ff.o
    0x0000632a   0x00000002   PAD
    0x0000632c   0x0000003c   Code   RO         1095    i.parseCmd          uartisr.o
    0x00006368   0x00000010   Code   RO          619    i.power_off         mmc-dk-lm3s9b96.o
    0x00006378   0x000000bc   Code   RO          620    i.power_on          mmc-dk-lm3s9b96.o
    0x00006434   0x00000124   Code   RO          448    i.put_cluster       ff.o
    0x00006558   0x0000005c   Code   RO          621    i.rcvr_datablock    mmc-dk-lm3s9b96.o
    0x000065b4   0x0000001c   Code   RO          622    i.rcvr_spi          mmc-dk-lm3s9b96.o
    0x000065d0   0x0000000c   Code   RO          623    i.rcvr_spi_m        mmc-dk-lm3s9b96.o
    0x000065dc   0x00000048   Code   RO          449    i.remove_chain      ff.o
    0x00006624   0x000000f2   Code   RO          450    i.reserve_direntry  ff.o
    0x00006716   0x00000086   Code   RO          624    i.send_cmd          mmc-dk-lm3s9b96.o
    0x0000679c   0x00000050   Code   RO          625    i.send_initial_clock_train  mmc-dk-lm3s9b96.o
    0x000067ec   0x00000044   Code   RO          626    i.set_max_speed     mmc-dk-lm3s9b96.o
    0x00006830   0x00000060   Code   RO          819    i.switchMusic       main.o
    0x00006890   0x00000034   Code   RO          451    i.sync              ff.o
    0x000068c4   0x00000106   Code   RO          452    i.trace_path        ff.o
    0x000069ca   0x00000002   PAD
    0x000069cc   0x00000030   Code   RO         3100    i.uDMAChannelAttributeDisable  driverlib.lib(udma.o)
    0x000069fc   0x00000030   Code   RO         3101    i.uDMAChannelAttributeEnable  driverlib.lib(udma.o)
    0x00006a2c   0x0000001c   Code   RO         3103    i.uDMAChannelControlSet  driverlib.lib(udma.o)
    0x00006a48   0x00000010   Code   RO         3105    i.uDMAChannelEnable  driverlib.lib(udma.o)
    0x00006a58   0x00000024   Code   RO         3107    i.uDMAChannelModeGet  driverlib.lib(udma.o)
    0x00006a7c   0x00000088   Code   RO         3113    i.uDMAChannelTransferSet  driverlib.lib(udma.o)
    0x00006b04   0x0000000c   Code   RO         3116    i.uDMAControlBaseSet  driverlib.lib(udma.o)
    0x00006b10   0x0000000c   Code   RO         3118    i.uDMAEnable        driverlib.lib(udma.o)
    0x00006b1c   0x00000028   Code   RO          743    i.usprintf          ustdlib.o
    0x00006b44   0x000003c4   Code   RO          748    i.uvsnprintf        ustdlib.o
    0x00006f08   0x0000002a   Code   RO          453    i.validate          ff.o
    0x00006f32   0x00000002   PAD
    0x00006f34   0x0000002c   Code   RO          627    i.wait_ready        mmc-dk-lm3s9b96.o
    0x00006f60   0x0000006a   Code   RO          628    i.xmit_datablock    mmc-dk-lm3s9b96.o
    0x00006fca   0x00000002   PAD
    0x00006fcc   0x0000001c   Code   RO          629    i.xmit_spi          mmc-dk-lm3s9b96.o
    0x00006fe8   0x0000000e   Code   RO         3725    x$fpl$fpinit        fz_ws.l(fpinit.o)
    0x00006ff6   0x00000002   PAD
    0x00006ff8   0x00000028   Data   RO           28    .constdata          kitronix320x240x16_ssd2119_8bit.o
    0x00007020   0x00000084   Data   RO          158    .constdata          set_pinout.o
    0x000070a4   0x00000054   Data   RO          337    .constdata          touch.o
    0x000070f8   0x0000000d   Data   RO          388    .constdata          tlv320aic23b.o
    0x00007105   0x00000003   PAD
    0x00007108   0x0000001c   Data   RO          749    .constdata          ustdlib.o
    0x00007124   0x0000001c   Data   RO         1019    .constdata          uartstdio.o
    0x00007140   0x00000048   Data   RO         1599    .constdata          driverlib.lib(gpio.o)
    0x00007188   0x0000009c   Data   RO         2397    .constdata          driverlib.lib(sysctl.o)
    0x00007224   0x0000095e   Data   RO         3282    .constdata          grlib.lib(fontcm20.o)
    0x00007b82   0x00000002   PAD
    0x00007b84   0x000000c8   Data   RO         3283    .constdata          grlib.lib(fontcm20.o)
    0x00007c4c   0x00000514   Data   RO         3296    .constdata          grlib.lib(fontcmss12.o)
    0x00008160   0x000000c8   Data   RO         3297    .constdata          grlib.lib(fontcmss12.o)
    0x00008228   0x0000091e   Data   RO         3310    .constdata          grlib.lib(fontcmss22b.o)
    0x00008b46   0x00000002   PAD
    0x00008b48   0x000000c8   Data   RO         3311    .constdata          grlib.lib(fontcmss22b.o)
    0x00008c10   0x00000011   Data   RO          750    .conststring        ustdlib.o
    0x00008c21   0x000000c7   Data   RO          821    .conststring        main.o
    0x00008ce8   0x00000020   Data   RO         3806    Region$$Table       anon$$obj.o


    Execution Region RW_IRAM (Base: 0x20000000, Size: 0x00003250, Max: 0x00018000, ABSOLUTE, COMPRESSED[0x0000010c])

    Base Addr    Size         Type   Attr      Idx    E Section Name        Object

    0x20000000   0x00000008   Data   RW           29    .data               kitronix320x240x16_ssd2119_8bit.o
    0x20000008   0x00000002   Data   RW          159    .data               set_pinout.o
    0x2000000a   0x00000002   PAD
    0x2000000c   0x0000003c   Data   RW          232    .data               sound.o
    0x20000048   0x00000014   Data   RW          338    .data               touch.o
    0x2000005c   0x00000002   Data   RW          389    .data               tlv320aic23b.o
    0x2000005e   0x00000002   PAD
    0x20000060   0x0000000a   Data   RW          454    .data               ff.o
    0x2000006a   0x00000005   Data   RW          630    .data               mmc-dk-lm3s9b96.o
    0x2000006f   0x00000001   PAD
    0x20000070   0x000002c4   Data   RW          822    .data               main.o
    0x20000334   0x00000005   Data   RW         1021    .data               uartstdio.o
    0x20000339   0x00000003   PAD
    0x2000033c   0x00000004   Data   RW         1063    .data               uartconfigure.o
    0x20000340   0x00000004   Data   RW         1166    .data               sysctlconfigure.o
    0x20000344   0x00000030   Data   RW         3406    .data               grlib.lib(widget.o)
    0x20000374   0x00000830   Zero   RW          231    .bss                sound.o
    0x20000ba4   0x00000010   Zero   RW          336    .bss                touch.o
    0x20000bb4   0x0000004c   PAD
    0x20000c00   0x00001c8c   Zero   RW          820    .bss                main.o
    0x2000288c   0x00000400   Zero   RW         1062    .bss                uartconfigure.o
    0x20002c8c   0x00000140   Zero   RW         3405    .bss                grlib.lib(widget.o)
    0x20002dcc   0x00000020   Zero   RW         3517    .bss                grlib.lib(image.o)
    0x20002dec   0x00000060   Zero   RW         3680    .bss                c_w.l(libspace.o)
    0x20002e4c   0x00000004   PAD
    0x20002e50   0x00000000   Zero   RW            2    HEAP                startup_rvmdk.o
    0x20002e50   0x00000400   Zero   RW            1    STACK               startup_rvmdk.o


==============================================================================

Image component sizes


      Code (inc. data)   RO Data    RW Data    ZI Data      Debug   Object Name

      4118         26          0         10          0      21743   ff.o
       484         48          0          0          0        618   gpiodriverconfigure.o
      2304        146         40          8          0      33052   kitronix320x240x16_ssd2119_8bit.o
      2686        644        199        708       7308      29805   main.o
      2192        136          0          5          0      14377   mmc-dk-lm3s9b96.o
      1602        112        132          2          0       8312   set_pinout.o
      1536        186          0         60       2096      11361   sound.o
       320        300          0          0       1024        456   startup_rvmdk.o
         0          0          0          4          0        214   sysctlconfigure.o
        72         12          0          0          0        427   timerconfigure.o
       476         32         13          2          0       5198   tlv320aic23b.o
      1448        144         84         20         16       4934   touch.o
        80         12          0          4       1024       1076   uartconfigure.o
       172         38          0          0          0       1019   uartisr.o
       964         34         28          5          0       4322   uartstdio.o
      1004         14         45          0          0       3452   ustdlib.o

    ----------------------------------------------------------------------
     19480       1884        576        836      11544     140366   Object Totals
         0          0         32          0          0          0   (incl. Generated)
        22          0          3          8         76          3   (incl. Padding)

    ----------------------------------------------------------------------

      Code (inc. data)   RO Data    RW Data    ZI Data      Debug   Library Member Name

        90          0          0          0          0          0   __dczerorl2.o
         8          0          0          0          0         68   __main.o
        52          8          0          0          0          0   __scatter.o
        28          0          0          0          0          0   __scatter_zi.o
        16          0          0          0          0         68   aeabi_memset.o
        12          0          0          0          0         68   exit.o
         6          0          0          0          0        152   heapauxi.o
         6          0          0          0          0          0   libinit.o
         2          0          0          0          0          0   libinit2.o
         2          0          0          0          0          0   libshutdown.o
         2          0          0          0          0          0   libshutdown2.o
         8          4          0          0         96         68   libspace.o
        78          0          0          0          0         76   memcmp.o
         8          4          0          0          0         68   rt_fp_status_addr_intlibspace.o
        68          0          0          0          0         68   rt_memclr.o
        78          0          0          0          0         80   rt_memclr_w.o
       138          0          0          0          0         68   rt_memcpy_v6.o
       100          0          0          0          0         80   rt_memcpy_w.o
         0          0          0          0          0          0   rtentry.o
        12          0          0          0          0          0   rtentry2.o
         6          0          0          0          0          0   rtentry4.o
         2          0          0          0          0          0   rtexit.o
        10          0          0          0          0          0   rtexit2.o
        62          0          0          0          0         76   strlen.o
       140          0          0          0          0         80   strncmp.o
        86          0          0          0          0         76   strncpy.o
        12          4          0          0          0         68   sys_exit.o
        74          0          0          0          0         80   sys_stackheap_outer.o
         2          0          0          0          0         68   use_no_semi.o
       204          0          0          0          0       5442   adc.o
       104          0          0          0          0       2891   epi.o
       524         10         72          0          0       7846   gpio.o
       138         10          0          0          0       4884   i2c.o
       166          0          0          0          0       4140   i2s.o
       216          0          0          0          0       1169   interrupt.o
       120          0          0          0          0       2568   ssi.o
       798         66        156          0          0       4225   sysctl.o
        14          0          0          0          0        376   systick.o
       104          0          0          0          0       3350   timer.o
       184          0          0          0          0       4535   uart.o
       336         40          0          0          0       9503   udma.o
        14          0          0          0          0         76   fpinit.o
       430          0          0          0          0      21934   canvas.o
       144          0          0          0          0       1369   context.o
         0          0       2598          0          0      15518   fontcm20.o
         0          0       1500          0          0      15526   fontcmss12.o
         0          0       2534          0          0      15526   fontcmss22b.o
       732          4          0          0         32       2898   image.o
       154          0          0          0          0       1794   line.o
       954          0          0          0          0       7642   listbox.o
       686          0          0          0          0       8587   pushbutton.o
       288          0          0          0          0       1843   rectangle.o
       860          0          0          0          0       3854   string.o
       886         38          0         48        320       8155   widget.o

    ----------------------------------------------------------------------
      9184        188       6864         48        452     156963   Library Totals
        20          0          4          0          4          0   (incl. Padding)

    ----------------------------------------------------------------------

      Code (inc. data)   RO Data    RW Data    ZI Data      Debug   Library Name

      1108         20          0          0         96       1312   c_w.l
      2908        126        228          0          0      50929   driverlib.lib
        14          0          0          0          0         76   fz_ws.l
      5134         42       6632         48        352     104646   grlib.lib

    ----------------------------------------------------------------------
      9184        188       6864         48        452     156963   Library Totals

    ----------------------------------------------------------------------

==============================================================================


      Code (inc. data)   RO Data    RW Data    ZI Data      Debug   

     28664       2072       7440        884      11996     286100   Grand Totals
     28664       2072       7440        268      11996     286100   ELF Image Totals (compressed)
     28664       2072       7440        268          0          0   ROM Totals

==============================================================================

    Total RO  Size (Code + RO Data)                36104 (  35.26kB)
    Total RW  Size (RW Data + ZI Data)             12880 (  12.58kB)
    Total ROM Size (Code + RO Data + RW Data)      36372 (  35.52kB)

==============================================================================

