ARM Linker, 4.1 [Build 644] [Standard]

==============================================================================

Section Cross References

    startup_rvmdk.o(STACK) refers (Special) to heapauxi.o(.text) for __use_two_region_memory
    startup_rvmdk.o(HEAP) refers (Special) to heapauxi.o(.text) for __use_two_region_memory
    startup_rvmdk.o(RESET) refers (Special) to heapauxi.o(.text) for __use_two_region_memory
    startup_rvmdk.o(RESET) refers to startup_rvmdk.o(STACK) for StackMem
    startup_rvmdk.o(RESET) refers to main.o(i.SysTickHandler) for SysTickHandler
    startup_rvmdk.o(RESET) refers to uartisr.o(i.UART0_ISR) for UART0_ISR
    startup_rvmdk.o(RESET) refers to touch.o(i.TouchScreenIntHandler) for TouchScreenIntHandler
    startup_rvmdk.o(RESET) refers to main.o(i.Timer_ISR) for Timer_ISR
    startup_rvmdk.o(RESET) refers to lwiplib.o(i.lwIPEthernetIntHandler) for lwIPEthernetIntHandler
    startup_rvmdk.o(RESET) refers to sound.o(i.SoundIntHandler) for SoundIntHandler
    startup_rvmdk.o(RESET) refers to __main.o(!!!main) for __main
    startup_rvmdk.o(.text) refers (Special) to heapauxi.o(.text) for __use_two_region_memory
    startup_rvmdk.o(.text) refers to startup_rvmdk.o(HEAP) for HeapMem
    startup_rvmdk.o(.text) refers to startup_rvmdk.o(STACK) for StackMem
    kitronix320x240x16_ssd2119_8bit.o(i.InitFPGADaughterLCDInterface) refers to sysctl.o(.emb_text) for SysCtlDelay
    kitronix320x240x16_ssd2119_8bit.o(i.InitFPGADaughterLCDInterface) refers to kitronix320x240x16_ssd2119_8bit.o(i.WriteDataFPGA) for WriteDataFPGA
    kitronix320x240x16_ssd2119_8bit.o(i.InitFPGADaughterLCDInterface) refers to kitronix320x240x16_ssd2119_8bit.o(.data) for WriteData
    kitronix320x240x16_ssd2119_8bit.o(i.InitFPGADaughterLCDInterface) refers to kitronix320x240x16_ssd2119_8bit.o(i.WriteCommandFPGA) for WriteCommandFPGA
    kitronix320x240x16_ssd2119_8bit.o(i.InitGPIOLCDInterface) refers to gpio.o(i.GPIODirModeSet) for GPIODirModeSet
    kitronix320x240x16_ssd2119_8bit.o(i.InitGPIOLCDInterface) refers to gpio.o(i.GPIOPadConfigSet) for GPIOPadConfigSet
    kitronix320x240x16_ssd2119_8bit.o(i.InitGPIOLCDInterface) refers to gpio.o(i.GPIOPinWrite) for GPIOPinWrite
    kitronix320x240x16_ssd2119_8bit.o(i.InitGPIOLCDInterface) refers to sysctl.o(.emb_text) for SysCtlDelay
    kitronix320x240x16_ssd2119_8bit.o(i.InitSRAMDaughterLCDInterface) refers to sysctl.o(.emb_text) for SysCtlDelay
    kitronix320x240x16_ssd2119_8bit.o(i.InitSRAMDaughterLCDInterface) refers to gpio.o(i.GPIOPinTypeGPIOOutput) for GPIOPinTypeGPIOOutput
    kitronix320x240x16_ssd2119_8bit.o(i.InitSRAMDaughterLCDInterface) refers to gpio.o(i.GPIOPinWrite) for GPIOPinWrite
    kitronix320x240x16_ssd2119_8bit.o(i.InitSRAMDaughterLCDInterface) refers to kitronix320x240x16_ssd2119_8bit.o(i.WriteDataEPI) for WriteDataEPI
    kitronix320x240x16_ssd2119_8bit.o(i.InitSRAMDaughterLCDInterface) refers to kitronix320x240x16_ssd2119_8bit.o(.data) for WriteData
    kitronix320x240x16_ssd2119_8bit.o(i.InitSRAMDaughterLCDInterface) refers to kitronix320x240x16_ssd2119_8bit.o(i.WriteCommandEPI) for WriteCommandEPI
    kitronix320x240x16_ssd2119_8bit.o(i.Kitronix320x240x16_SSD2119Init) refers to sysctl.o(i.SysCtlClockGet) for SysCtlClockGet
    kitronix320x240x16_ssd2119_8bit.o(i.Kitronix320x240x16_SSD2119Init) refers to kitronix320x240x16_ssd2119_8bit.o(i.InitGPIOLCDInterface) for InitGPIOLCDInterface
    kitronix320x240x16_ssd2119_8bit.o(i.Kitronix320x240x16_SSD2119Init) refers to kitronix320x240x16_ssd2119_8bit.o(i.InitSRAMDaughterLCDInterface) for InitSRAMDaughterLCDInterface
    kitronix320x240x16_ssd2119_8bit.o(i.Kitronix320x240x16_SSD2119Init) refers to kitronix320x240x16_ssd2119_8bit.o(i.InitFPGADaughterLCDInterface) for InitFPGADaughterLCDInterface
    kitronix320x240x16_ssd2119_8bit.o(i.Kitronix320x240x16_SSD2119Init) refers to sysctl.o(.emb_text) for SysCtlDelay
    kitronix320x240x16_ssd2119_8bit.o(i.Kitronix320x240x16_SSD2119Init) refers to set_pinout.o(.data) for g_eDaughterType
    kitronix320x240x16_ssd2119_8bit.o(i.Kitronix320x240x16_SSD2119Init) refers to kitronix320x240x16_ssd2119_8bit.o(.data) for WriteCommand
    kitronix320x240x16_ssd2119_8bit.o(i.Kitronix320x240x16_SSD2119LineDrawH) refers to kitronix320x240x16_ssd2119_8bit.o(.data) for WriteCommand
    kitronix320x240x16_ssd2119_8bit.o(i.Kitronix320x240x16_SSD2119LineDrawV) refers to kitronix320x240x16_ssd2119_8bit.o(.data) for WriteCommand
    kitronix320x240x16_ssd2119_8bit.o(i.Kitronix320x240x16_SSD2119PixelDraw) refers to kitronix320x240x16_ssd2119_8bit.o(.data) for WriteCommand
    kitronix320x240x16_ssd2119_8bit.o(i.Kitronix320x240x16_SSD2119PixelDrawMultiple) refers to kitronix320x240x16_ssd2119_8bit.o(.data) for WriteCommand
    kitronix320x240x16_ssd2119_8bit.o(i.Kitronix320x240x16_SSD2119RectFill) refers to kitronix320x240x16_ssd2119_8bit.o(.data) for WriteCommand
    kitronix320x240x16_ssd2119_8bit.o(i.WriteCommandFPGA) refers to sysctl.o(.emb_text) for SysCtlDelay
[...]
    __rt_memclr                              0x0000049b   Thumb Code    68  rt_memclr.o(.text)
    _memset                                  0x0000049f   Thumb Code     0  rt_memclr.o(.text)
    __aeabi_memclr4                          0x000004df   Thumb Code     0  rt_memclr_w.o(.text)
    __aeabi_memclr8                          0x000004df   Thumb Code     0  rt_memclr_w.o(.text)
    __rt_memclr_w                            0x000004df   Thumb Code    78  rt_memclr_w.o(.text)
    _memset_w                                0x000004e3   Thumb Code     0  rt_memclr_w.o(.text)
    strncpy                                  0x0000052d   Thumb Code    86  strncpy.o(.text)
    __use_two_region_memory                  0x00000583   Thumb Code     2  heapauxi.o(.text)
    __rt_heap_escrow$2region                 0x00000585   Thumb Code     2  heapauxi.o(.text)
    __rt_heap_expand$2region                 0x00000587   Thumb Code     2  heapauxi.o(.text)
    __user_setup_stackheap                   0x00000589   Thumb Code    74  sys_stackheap_outer.o(.text)
    exit                                     0x000005d3   Thumb Code    12  exit.o(.text)
    __user_libspace                          0x000005e1   Thumb Code     8  libspace.o(.text)
    __user_perproc_libspace                  0x000005e1   Thumb Code     0  libspace.o(.text)
    __user_perthread_libspace                0x000005e1   Thumb Code     0  libspace.o(.text)
    __rt_fp_status_addr                      0x000005e9   Thumb Code     8  rt_fp_status_addr_intlibspace.o(.text)
    _sys_exit                                0x000005f1   Thumb Code     8  sys_exit.o(.text)
    __I$use$semihosting                      0x000005fd   Thumb Code     0  use_no_semi.o(.text)
    __use_no_semihosting_swi                 0x000005fd   Thumb Code     2  use_no_semi.o(.text)
    ADCHardwareOversampleConfigure           0x000005ff   Thumb Code    14  adc.o(i.ADCHardwareOversampleConfigure)
    ADCIntEnable                             0x0000060d   Thumb Code    16  adc.o(i.ADCIntEnable)
    ADCSequenceConfigure                     0x0000061d   Thumb Code    50  adc.o(i.ADCSequenceConfigure)
    ADCSequenceEnable                        0x0000064f   Thumb Code    14  adc.o(i.ADCSequenceEnable)
    ADCSequenceStepConfigure                 0x0000065d   Thumb Code   110  adc.o(i.ADCSequenceStepConfigure)
    BufferCallback                           0x000006cd   Thumb Code    52  main.o(i.BufferCallback)
    CanvasMsgProc                            0x00000747   Thumb Code   430  canvas.o(i.CanvasMsgProc)
    Cmd_ls                                   0x000008f5   Thumb Code   268  main.o(i.Cmd_ls)
    Convert8Bit                              0x00000a45   Thumb Code    34  main.o(i.Convert8Bit)
    EPIAddressMapSet                         0x00000c1d   Thumb Code     4  epi.o(i.EPIAddressMapSet)
    EPIConfigGPModeSet                       0x00000c21   Thumb Code    34  epi.o(i.EPIConfigGPModeSet)
    EPIConfigHB8Set                          0x00000c43   Thumb Code    46  epi.o(i.EPIConfigHB8Set)
    EPIConfigSDRAMSet                        0x00000c71   Thumb Code    12  epi.o(i.EPIConfigSDRAMSet)
    EPIDividerSet                            0x00000cbd   Thumb Code     4  epi.o(i.EPIDividerSet)
    EPIModeSet                               0x00000cc1   Thumb Code     4  epi.o(i.EPIModeSet)
    EthernetConfigSet                        0x00000e1d   Thumb Code    42  ethernet.o(i.EthernetConfigSet)
    EthernetEnable                           0x00000e47   Thumb Code    34  ethernet.o(i.EthernetEnable)
    EthernetInitExpClk                       0x00000e69   Thumb Code    12  ethernet.o(i.EthernetInitExpClk)
    EthernetInitial                          0x00000e79   Thumb Code   168  ethernetconfigure.o(i.EthernetInitial)
    EthernetIntClear                         0x00000f71   Thumb Code     4  ethernet.o(i.EthernetIntClear)
    EthernetIntDisable                       0x00000f75   Thumb Code    10  ethernet.o(i.EthernetIntDisable)
    EthernetIntEnable                        0x00000f7f   Thumb Code     8  ethernet.o(i.EthernetIntEnable)
    EthernetIntStatus                        0x00000f87   Thumb Code    14  ethernet.o(i.EthernetIntStatus)
    EthernetMACAddrGet                       0x00000f95   Thumb Code    50  ethernet.o(i.EthernetMACAddrGet)
    EthernetMACAddrSet                       0x00000fc7   Thumb Code    54  ethernet.o(i.EthernetMACAddrSet)
    EthernetPHYRead                          0x00000ffd   Thumb Code    34  ethernet.o(i.EthernetPHYRead)
    GPIODirModeSet                           0x0000101f   Thumb Code    40  gpio.o(i.GPIODirModeSet)
    GPIOInitial                              0x00001049   Thumb Code   436  gpiodriverconfigure.o(i.GPIOInitial)
    GPIOPadConfigSet                         0x0000122d   Thumb Code   176  gpio.o(i.GPIOPadConfigSet)
    GPIOPinConfigure                         0x000012dd   Thumb Code    62  gpio.o(i.GPIOPinConfigure)
    GPIOPinRead                              0x00001325   Thumb Code     6  gpio.o(i.GPIOPinRead)
    GPIOPinTypeADC                           0x0000132b   Thumb Code    28  gpio.o(i.GPIOPinTypeADC)
    GPIOPinTypeGPIOInput                     0x00001347   Thumb Code    28  gpio.o(i.GPIOPinTypeGPIOInput)
    GPIOPinTypeGPIOOutput                    0x00001363   Thumb Code    28  gpio.o(i.GPIOPinTypeGPIOOutput)
    GPIOPinTypeI2C                           0x0000137f   Thumb Code    28  gpio.o(i.GPIOPinTypeI2C)
    GPIOPinTypeI2S                           0x0000139b   Thumb Code    28  gpio.o(i.GPIOPinTypeI2S)
    GPIOPinTypePWM                           0x000013b7   Thumb Code    28  gpio.o(i.GPIOPinTypePWM)
    GPIOPinTypeSSI                           0x000013d3   Thumb Code    28  gpio.o(i.GPIOPinTypeSSI)
    GPIOPinTypeUART                          0x000013ef   Thumb Code    28  gpio.o(i.GPIOPinTypeUART)
    GPIOPinWrite                             0x0000140b   Thumb Code     6  gpio.o(i.GPIOPinWrite)
    GrContextClipRegionSet                   0x00001411   Thumb Code   112  context.o(i.GrContextClipRegionSet)
    GrContextInit                            0x00001481   Thumb Code    32  context.o(i.GrContextInit)
    GrImageDraw                              0x000014a1   Thumb Code   728  image.o(i.GrImageDraw)
    GrLineDrawH                              0x0000177d   Thumb Code    80  line.o(i.GrLineDrawH)
    GrLineDrawV                              0x000017cd   Thumb Code    74  line.o(i.GrLineDrawV)
    GrRectDraw                               0x00001817   Thumb Code   108  rectangle.o(i.GrRectDraw)
    GrRectFill                               0x00001883   Thumb Code   180  rectangle.o(i.GrRectFill)
    GrStringDraw                             0x00001937   Thumb Code   748  string.o(i.GrStringDraw)
    GrStringWidthGet                         0x00001c23   Thumb Code   112  string.o(i.GrStringWidthGet)
    I2CMasterControl                         0x00001d5f   Thumb Code     4  i2c.o(i.I2CMasterControl)
    I2CMasterDataGet                         0x00001d63   Thumb Code     4  i2c.o(i.I2CMasterDataGet)
    I2CMasterDataPut                         0x00001d67   Thumb Code     4  i2c.o(i.I2CMasterDataPut)
    I2CMasterEnable                          0x00001d6b   Thumb Code    10  i2c.o(i.I2CMasterEnable)
    I2CMasterErr                             0x00001d75   Thumb Code    24  i2c.o(i.I2CMasterErr)
    I2CMasterInitExpClk                      0x00001d8d   Thumb Code    42  i2c.o(i.I2CMasterInitExpClk)
    I2CMasterIntClear                        0x00001dc1   Thumb Code     8  i2c.o(i.I2CMasterIntClear)
    I2CMasterIntStatus                       0x00001dc9   Thumb Code    24  i2c.o(i.I2CMasterIntStatus)
    I2CMasterSlaveAddrSet                    0x00001de1   Thumb Code     8  i2c.o(i.I2CMasterSlaveAddrSet)
    I2SIntClear                              0x00001de9   Thumb Code     6  i2s.o(i.I2SIntClear)
    I2SIntStatus                             0x00001def   Thumb Code    14  i2s.o(i.I2SIntStatus)
    I2SMasterClockSelect                     0x00001dfd   Thumb Code    16  i2s.o(i.I2SMasterClockSelect)
    I2SRxConfigSet                           0x00001e0d   Thumb Code    58  i2s.o(i.I2SRxConfigSet)
    I2SRxFIFOLimitSet                        0x00001e47   Thumb Code     6  i2s.o(i.I2SRxFIFOLimitSet)
    I2STxConfigSet                           0x00001e4d   Thumb Code    22  i2s.o(i.I2STxConfigSet)
    I2STxEnable                              0x00001e63   Thumb Code    18  i2s.o(i.I2STxEnable)
    I2STxFIFOLimitSet                        0x00001e75   Thumb Code     4  i2s.o(i.I2STxFIFOLimitSet)
    I2STxRxEnable                            0x00001e79   Thumb Code    22  i2s.o(i.I2STxRxEnable)
    IntDisable                               0x00002049   Thumb Code   108  interrupt.o(i.IntDisable)
    IntEnable                                0x000020b5   Thumb Code   108  interrupt.o(i.IntEnable)
    Kitronix320x240x16_SSD2119Init           0x00002141   Thumb Code   604  kitronix320x240x16_ssd2119_8bit.o(i.Kitronix320x240x16_SSD2119Init)
    ListBoxMsgProc                           0x00002791   Thumb Code   850  listbox.o(i.ListBoxMsgProc)
    ListBoxTextAdd                           0x00002ae3   Thumb Code   104  listbox.o(i.ListBoxTextAdd)
    LocatorAppTitleSet                       0x00002b4d   Thumb Code    70  locator.o(i.LocatorAppTitleSet)
    LocatorInit                              0x00002b99   Thumb Code   104  locator.o(i.LocatorInit)
    LocatorMACAddrSet                        0x00002c0d   Thumb Code    28  locator.o(i.LocatorMACAddrSet)
    OnBackBtnPress                           0x00002ce1   Thumb Code    52  main.o(i.OnBackBtnPress)
    OnListBoxChange                          0x00002d29   Thumb Code   120  main.o(i.OnListBoxChange)
    PinoutSet                                0x00002dc9   Thumb Code   176  set_pinout.o(i.PinoutSet)
    RectangularButtonMsgProc                 0x00003055   Thumb Code   288  pushbutton.o(i.RectangularButtonMsgProc)
    SSIConfigSetExpClk                       0x00003379   Thumb Code    74  ssi.o(i.SSIConfigSetExpClk)
    SSIDataGet                               0x000033c3   Thumb Code    14  ssi.o(i.SSIDataGet)
    SSIDataPut                               0x000033d1   Thumb Code    12  ssi.o(i.SSIDataPut)
    SSIDisable                               0x000033dd   Thumb Code    10  ssi.o(i.SSIDisable)
    SSIEnable                                0x000033e7   Thumb Code    10  ssi.o(i.SSIEnable)
    SoundBufferPlay                          0x000033f1   Thumb Code   312  sound.o(i.SoundBufferPlay)
    SoundInit                                0x00003541   Thumb Code   174  sound.o(i.SoundInit)
    SoundIntHandler                          0x00003615   Thumb Code   324  sound.o(i.SoundIntHandler)
    SoundSetFormat                           0x00003769   Thumb Code   540  sound.o(i.SoundSetFormat)
    SysCtlClockGet                           0x00003a35   Thumb Code   444  sysctl.o(i.SysCtlClockGet)
    SysCtlI2SMClkSet                         0x00003c1d   Thumb Code   204  sysctl.o(i.SysCtlI2SMClkSet)
    SysCtlPeripheralEnable                   0x00003cf5   Thumb Code    26  sysctl.o(i.SysCtlPeripheralEnable)
    SysCtlPeripheralReset                    0x00003d15   Thumb Code    52  sysctl.o(i.SysCtlPeripheralReset)
    SysTickEnable                            0x00003d4d   Thumb Code    14  systick.o(i.SysTickEnable)
    SysTickHandler                           0x00003d5b   Thumb Code    14  main.o(i.SysTickHandler)
    TCPInitial                               0x00003d69   Thumb Code    40  tcphandler.o(i.TCPInitial)
    TLV320AIC23BHeadPhoneVolumeSet           0x00003d99   Thumb Code    72  tlv320aic23b.o(i.TLV320AIC23BHeadPhoneVolumeSet)
    TLV320AIC23BInit                         0x00003ded   Thumb Code   188  tlv320aic23b.o(i.TLV320AIC23BInit)
    TLV320AIC23BLineInVolumeSet              0x00003eb9   Thumb Code    24  tlv320aic23b.o(i.TLV320AIC23BLineInVolumeSet)
    TcpCli_Connected                         0x00003f75   Thumb Code    34  tcphandler.o(i.TcpCli_Connected)
    TimerConfigure                           0x00003f9d   Thumb Code    28  timer.o(i.TimerConfigure)
    TimerControlTrigger                      0x00003fb9   Thumb Code    22  timer.o(i.TimerControlTrigger)
    TimerEnable                              0x00003fcf   Thumb Code    14  timer.o(i.TimerEnable)
    TimerInitial                             0x00003fdd   Thumb Code    60  timerconfigure.o(i.TimerInitial)
    TimerIntClear                            0x00004025   Thumb Code     4  timer.o(i.TimerIntClear)
    TimerIntEnable                           0x00004029   Thumb Code     8  timer.o(i.TimerIntEnable)
    TimerIntStatus                           0x00004031   Thumb Code    10  timer.o(i.TimerIntStatus)
    TimerLoadSet                             0x0000403b   Thumb Code    18  timer.o(i.TimerLoadSet)
    Timer_ISR                                0x0000404d   Thumb Code   152  main.o(i.Timer_ISR)
    TouchScreenCallbackSet                   0x00004125   Thumb Code     6  touch.o(i.TouchScreenCallbackSet)
    TouchScreenInit                          0x00004335   Thumb Code   306  touch.o(i.TouchScreenInit)
    TouchScreenIntHandler                    0x0000449d   Thumb Code   514  touch.o(i.TouchScreenIntHandler)
    UART0Initial                             0x000046cd   Thumb Code    68  uartconfigure.o(i.UART0Initial)
    UART0_ISR                                0x0000471d   Thumb Code   100  uartisr.o(i.UART0_ISR)
    UARTCharGetNonBlocking                   0x0000478d   Thumb Code    16  uart.o(i.UARTCharGetNonBlocking)
    UARTCharsAvail                           0x0000479d   Thumb Code    10  uart.o(i.UARTCharsAvail)
    UARTConfigSetExpClk                      0x000047a7   Thumb Code   110  uart.o(i.UARTConfigSetExpClk)
    UARTEnable                               0x00004815   Thumb Code    20  uart.o(i.UARTEnable)
    UARTFIFOLevelSet                         0x00004829   Thumb Code     6  uart.o(i.UARTFIFOLevelSet)
    UARTIntClear                             0x0000482f   Thumb Code     4  uart.o(i.UARTIntClear)
    UARTIntEnable                            0x00004833   Thumb Code     8  uart.o(i.UARTIntEnable)
    UARTIntStatus                            0x0000483b   Thumb Code    10  uart.o(i.UARTIntStatus)
    UARTStdioInit                            0x00004845   Thumb Code    16  uartstdio.o(i.UARTStdioInit)
    UARTStdioInitExpClk                      0x00004855   Thumb Code   120  uartstdio.o(i.UARTStdioInitExpClk)
    UARTprintf                               0x000048d9   Thumb Code   722  uartstdio.o(i.UARTprintf)
    UARTwrite                                0x00004bbd   Thumb Code    72  uartstdio.o(i.UARTwrite)
    WaveClose                                0x00004c09   Thumb Code    12  main.o(i.WaveClose)
    WaveOpen                                 0x00004c15   Thumb Code   626  main.o(i.WaveOpen)
    WavePlay                                 0x00004fb5   Thumb Code   184  main.o(i.WavePlay)
    WaveRead                                 0x00005089   Thumb Code    86  main.o(i.WaveRead)
    WidgetAdd                                0x000050ed   Thumb Code    38  widget.o(i.WidgetAdd)
    WidgetDefaultMsgProc                     0x00005113   Thumb Code     4  widget.o(i.WidgetDefaultMsgProc)
    WidgetMessageQueueAdd                    0x00005119   Thumb Code   218  widget.o(i.WidgetMessageQueueAdd)
    WidgetMessageQueueProcess                0x000051fd   Thumb Code   176  widget.o(i.WidgetMessageQueueProcess)
    WidgetMessageSendPostOrder               0x000052b5   Thumb Code   216  widget.o(i.WidgetMessageSendPostOrder)
    WidgetPointerMessage                     0x00005395   Thumb Code    26  widget.o(i.WidgetPointerMessage)
    WidgetRemove                             0x000053b5   Thumb Code   150  widget.o(i.WidgetRemove)
    autoip_arp_reply                         0x00005795   Thumb Code   186  lwiplib.o(i.autoip_arp_reply)
    autoip_init                              0x00005931   Thumb Code     2  lwiplib.o(i.autoip_init)
    autoip_start                             0x00005933   Thumb Code   110  lwiplib.o(i.autoip_start)
    autoip_stop                              0x00005a07   Thumb Code    22  lwiplib.o(i.autoip_stop)
    autoip_tmr                               0x00005a1d   Thumb Code   312  lwiplib.o(i.autoip_tmr)
    buf_receive                              0x00005b59   Thumb Code    98  tcphandler.o(i.buf_receive)
    dhcp_arp_reply                           0x00005d77   Thumb Code    46  lwiplib.o(i.dhcp_arp_reply)
    dhcp_coarse_tmr                          0x00005f15   Thumb Code    66  lwiplib.o(i.dhcp_coarse_tmr)
    dhcp_fine_tmr                            0x000062a9   Thumb Code    72  lwiplib.o(i.dhcp_fine_tmr)
    dhcp_release                             0x00006965   Thumb Code   196  lwiplib.o(i.dhcp_release)
    dhcp_renew                               0x00006a2d   Thumb Code   164  lwiplib.o(i.dhcp_renew)
    dhcp_start                               0x00006bf9   Thumb Code   204  lwiplib.o(i.dhcp_start)
    dhcp_stop                                0x00006ccd   Thumb Code    90  lwiplib.o(i.dhcp_stop)
    disk_initialize                          0x00006ea9   Thumb Code   386  mmc-dk-lm3s9b96.o(i.disk_initialize)
    disk_ioctl                               0x00007039   Thumb Code   466  mmc-dk-lm3s9b96.o(i.disk_ioctl)
    disk_read                                0x00007211   Thumb Code   160  mmc-dk-lm3s9b96.o(i.disk_read)
    disk_status                              0x000072b9   Thumb Code    14  mmc-dk-lm3s9b96.o(i.disk_status)
    disk_timerproc                           0x000072cd   Thumb Code    42  mmc-dk-lm3s9b96.o(i.disk_timerproc)
    disk_write                               0x00007301   Thumb Code   206  mmc-dk-lm3s9b96.o(i.disk_write)
    etharp_arp_input                         0x00007441   Thumb Code   442  lwiplib.o(i.etharp_arp_input)
    etharp_ip_input                          0x00007605   Thumb Code    66  lwiplib.o(i.etharp_ip_input)
    etharp_output                            0x00007649   Thumb Code   224  lwiplib.o(i.etharp_output)
    etharp_query                             0x00007731   Thumb Code   440  lwiplib.o(i.etharp_query)
    etharp_raw                               0x000078f1   Thumb Code   260  lwiplib.o(i.etharp_raw)
    etharp_request                           0x000079fd   Thumb Code    40  lwiplib.o(i.etharp_request)
    etharp_tmr                               0x00007a81   Thumb Code   170  lwiplib.o(i.etharp_tmr)
    ethernet_input                           0x00007b31   Thumb Code   148  lwiplib.o(i.ethernet_input)
    f_close                                  0x00007bc9   Thumb Code    24  ff.o(i.f_close)
    f_mount                                  0x00007be1   Thumb Code    52  ff.o(i.f_mount)
    f_open                                   0x00007c19   Thumb Code   402  ff.o(i.f_open)
    f_opendir                                0x00007dab   Thumb Code   112  ff.o(i.f_opendir)
    f_read                                   0x00007e1b   Thumb Code   430  ff.o(i.f_read)
    f_readdir                                0x00007fc9   Thumb Code   132  ff.o(i.f_readdir)
    f_sync                                   0x0000804d   Thumb Code   150  ff.o(i.f_sync)
    get_fattime                              0x00008425   Thumb Code     4  mmc-dk-lm3s9b96.o(i.get_fattime)
    htonl                                    0x000084eb   Thumb Code    28  lwiplib.o(i.htonl)
    htons                                    0x00008507   Thumb Code    14  lwiplib.o(i.htons)
    icmp_dest_unreach                        0x00008515   Thumb Code    20  lwiplib.o(i.icmp_dest_unreach)
    icmp_input                               0x00008529   Thumb Code   596  lwiplib.o(i.icmp_input)
    inet_chksum                              0x00008819   Thumb Code    20  lwiplib.o(i.inet_chksum)
    inet_chksum_pbuf                         0x0000882d   Thumb Code   110  lwiplib.o(i.inet_chksum_pbuf)
    inet_chksum_pseudo                       0x0000889b   Thumb Code   202  lwiplib.o(i.inet_chksum_pseudo)
    ip_addr_isbroadcast                      0x00008965   Thumb Code    80  lwiplib.o(i.ip_addr_isbroadcast)
    ip_input                                 0x000089b5   Thumb Code   674  lwiplib.o(i.ip_input)
    ip_output                                0x00008c69   Thumb Code    68  lwiplib.o(i.ip_output)
    ip_output_if                             0x00008cb1   Thumb Code   286  lwiplib.o(i.ip_output_if)
    ip_route                                 0x00008dd9   Thumb Code    90  lwiplib.o(i.ip_route)
    lwIPEthernetIntHandler                   0x00008e41   Thumb Code    34  lwiplib.o(i.lwIPEthernetIntHandler)
    lwIPHostTimerHandler                     0x00008e6d   Thumb Code   140  ethernetconfigure.o(i.lwIPHostTimerHandler)
    lwIPInit                                 0x00008f55   Thumb Code    58  lwiplib.o(i.lwIPInit)
    lwIPLocalGWAddrGet                       0x00008fa9   Thumb Code     6  lwiplib.o(i.lwIPLocalGWAddrGet)
    lwIPLocalIPAddrGet                       0x00008fb5   Thumb Code     6  lwiplib.o(i.lwIPLocalIPAddrGet)
    lwIPLocalNetMaskGet                      0x00008fc1   Thumb Code     6  lwiplib.o(i.lwIPLocalNetMaskGet)
    lwIPTimer                                0x000091fd   Thumb Code    28  lwiplib.o(i.lwIPTimer)
    lwip_init                                0x00009221   Thumb Code    16  lwiplib.o(i.lwip_init)
    main                                     0x000092a1   Thumb Code   254  main.o(i.main)
    mem_free                                 0x0000950d   Thumb Code   132  lwiplib.o(i.mem_free)
    mem_init                                 0x000095a1   Thumb Code    96  lwiplib.o(i.mem_init)
    mem_malloc                               0x00009619   Thumb Code   376  lwiplib.o(i.mem_malloc)
    mem_realloc                              0x000097a1   Thumb Code   328  lwiplib.o(i.mem_realloc)
    memp_free                                0x000098f9   Thumb Code    80  lwiplib.o(i.memp_free)
    memp_init                                0x00009951   Thumb Code   162  lwiplib.o(i.memp_init)
    memp_malloc                              0x00009a09   Thumb Code   172  lwiplib.o(i.memp_malloc)
    my_accept                                0x00009b4d   Thumb Code    36  tcphandler.o(i.my_accept)
    my_recv                                  0x00009b95   Thumb Code   158  tcphandler.o(i.my_recv)
    netif_add                                0x00009c89   Thumb Code   104  lwiplib.o(i.netif_add)
    netif_is_up                              0x00009cf9   Thumb Code    12  lwiplib.o(i.netif_is_up)
    netif_set_addr                           0x00009d05   Thumb Code    40  lwiplib.o(i.netif_set_addr)
    netif_set_default                        0x00009d2d   Thumb Code     6  lwiplib.o(i.netif_set_default)
    netif_set_down                           0x00009d39   Thumb Code    24  lwiplib.o(i.netif_set_down)
    netif_set_gw                             0x00009d51   Thumb Code    14  lwiplib.o(i.netif_set_gw)
    netif_set_ipaddr                         0x00009d61   Thumb Code   120  lwiplib.o(i.netif_set_ipaddr)
    netif_set_netmask                        0x00009de1   Thumb Code    14  lwiplib.o(i.netif_set_netmask)
    netif_set_up                             0x00009def   Thumb Code    44  lwiplib.o(i.netif_set_up)
    ntohl                                    0x00009e8f   Thumb Code    12  lwiplib.o(i.ntohl)
    ntohs                                    0x00009e9b   Thumb Code    12  lwiplib.o(i.ntohs)
    parseCmd                                 0x00009ea9   Thumb Code    74  uartisr.o(i.parseCmd)
    parseTCPCmd                              0x00009f21   Thumb Code    98  tcphandler.o(i.parseTCPCmd)
    pbuf_alloc                               0x00009fc1   Thumb Code   452  lwiplib.o(i.pbuf_alloc)
    pbuf_cat                                 0x0000a185   Thumb Code    58  lwiplib.o(i.pbuf_cat)
    pbuf_chain                               0x0000a1bf   Thumb Code    22  lwiplib.o(i.pbuf_chain)
    pbuf_clen                                0x0000a1d5   Thumb Code    28  lwiplib.o(i.pbuf_clen)
    pbuf_copy                                0x0000a1f1   Thumb Code   210  lwiplib.o(i.pbuf_copy)
    pbuf_copy_partial                        0x0000a2c3   Thumb Code   168  lwiplib.o(i.pbuf_copy_partial)
    pbuf_free                                0x0000a36b   Thumb Code   134  lwiplib.o(i.pbuf_free)
    pbuf_header                              0x0000a3f1   Thumb Code   134  lwiplib.o(i.pbuf_header)
    pbuf_realloc                             0x0000a477   Thumb Code   132  lwiplib.o(i.pbuf_realloc)
    pbuf_ref                                 0x0000a4fb   Thumb Code    28  lwiplib.o(i.pbuf_ref)
    raw_input                                0x0000a799   Thumb Code   124  lwiplib.o(i.raw_input)
    send_buf                                 0x0000a9d9   Thumb Code    44  tcphandler.o(i.send_buf)
    stellarisif_init                         0x0000aba1   Thumb Code    68  lwiplib.o(i.stellarisif_init)
    stellarisif_interrupt                    0x0000abf1   Thumb Code   126  lwiplib.o(i.stellarisif_interrupt)
    switchMusic                              0x0000aea9   Thumb Code    66  main.o(i.switchMusic)
    sys_arch_protect                         0x0000af3d   Thumb Code    16  lwiplib.o(i.sys_arch_protect)
    sys_arch_unprotect                       0x0000af4d   Thumb Code    24  lwiplib.o(i.sys_arch_unprotect)
    tcp_abandon                              0x0000af65   Thumb Code   164  lwiplib.o(i.tcp_abandon)
    tcp_accept                               0x0000b011   Thumb Code     4  lwiplib.o(i.tcp_accept)
    tcp_alloc                                0x0000b01d   Thumb Code   234  lwiplib.o(i.tcp_alloc)
    tcp_bind                                 0x0000b119   Thumb Code   242  lwiplib.o(i.tcp_bind)
    tcp_close                                0x0000b21d   Thumb Code   264  lwiplib.o(i.tcp_close)
    tcp_connect                              0x0000b335   Thumb Code   284  lwiplib.o(i.tcp_connect)
    tcp_eff_send_mss                         0x0000b45d   Thumb Code    46  lwiplib.o(i.tcp_eff_send_mss)
    tcp_enqueue                              0x0000b48d   Thumb Code  1160  lwiplib.o(i.tcp_enqueue)
    tcp_fasttmr                              0x0000b915   Thumb Code   136  lwiplib.o(i.tcp_fasttmr)
    tcp_input                                0x0000b9a1   Thumb Code  1462  lwiplib.o(i.tcp_input)
    tcp_keepalive                            0x0000bf89   Thumb Code   136  lwiplib.o(i.tcp_keepalive)
    tcp_listen_with_backlog                  0x0000c211   Thumb Code   200  lwiplib.o(i.tcp_listen_with_backlog)
    tcp_new                                  0x0000c2e9   Thumb Code    10  lwiplib.o(i.tcp_new)
    tcp_next_iss                             0x0000c379   Thumb Code    20  lwiplib.o(i.tcp_next_iss)
    tcp_output                               0x0000c459   Thumb Code   516  lwiplib.o(i.tcp_output)
    tcp_pcb_purge                            0x0000c8d9   Thumb Code    90  lwiplib.o(i.tcp_pcb_purge)
    tcp_pcb_remove                           0x0000c935   Thumb Code   154  lwiplib.o(i.tcp_pcb_remove)
    tcp_recv                                 0x0000d9dd   Thumb Code     6  lwiplib.o(i.tcp_recv)
    tcp_recv_null                            0x0000d9e3   Thumb Code    48  lwiplib.o(i.tcp_recv_null)
    tcp_recved                               0x0000da13   Thumb Code    68  lwiplib.o(i.tcp_recved)
    tcp_rexmit                               0x0000da57   Thumb Code    86  lwiplib.o(i.tcp_rexmit)
    tcp_rexmit_fast                          0x0000daad   Thumb Code   130  lwiplib.o(i.tcp_rexmit_fast)
    tcp_rexmit_rto                           0x0000db2f   Thumb Code    66  lwiplib.o(i.tcp_rexmit_rto)
    tcp_rst                                  0x0000db71   Thumb Code   222  lwiplib.o(i.tcp_rst)
    tcp_seg_copy                             0x0000dc55   Thumb Code    42  lwiplib.o(i.tcp_seg_copy)
    tcp_seg_free                             0x0000dc7f   Thumb Code    38  lwiplib.o(i.tcp_seg_free)
    tcp_segs_free                            0x0000dca5   Thumb Code    36  lwiplib.o(i.tcp_segs_free)
    tcp_send_ctrl                            0x0000dcc9   Thumb Code    32  lwiplib.o(i.tcp_send_ctrl)
    tcp_send_empty_ack                       0x0000dce9   Thumb Code   132  lwiplib.o(i.tcp_send_empty_ack)
    tcp_slowtmr                              0x0000dd6d   Thumb Code   874  lwiplib.o(i.tcp_slowtmr)
    tcp_tmr                                  0x0000e1a5   Thumb Code    32  lwiplib.o(i.tcp_tmr)
    tcp_update_rcv_ann_wnd                   0x0000e1c9   Thumb Code    74  lwiplib.o(i.tcp_update_rcv_ann_wnd)
    tcp_write                                0x0000e213   Thumb Code    72  lwiplib.o(i.tcp_write)
    tcp_zero_window_probe                    0x0000e25d   Thumb Code   232  lwiplib.o(i.tcp_zero_window_probe)
    uDMAChannelAttributeDisable              0x0000e451   Thumb Code    44  udma.o(i.uDMAChannelAttributeDisable)
    uDMAChannelAttributeEnable               0x0000e481   Thumb Code    44  udma.o(i.uDMAChannelAttributeEnable)
    uDMAChannelControlSet                    0x0000e4b1   Thumb Code    20  udma.o(i.uDMAChannelControlSet)
    uDMAChannelEnable                        0x0000e4cd   Thumb Code    12  udma.o(i.uDMAChannelEnable)
    uDMAChannelModeGet                       0x0000e4dd   Thumb Code    30  udma.o(i.uDMAChannelModeGet)
    uDMAChannelTransferSet                   0x0000e501   Thumb Code   132  udma.o(i.uDMAChannelTransferSet)
    uDMAControlBaseSet                       0x0000e589   Thumb Code     6  udma.o(i.uDMAControlBaseSet)
    uDMAEnable                               0x0000e595   Thumb Code     8  udma.o(i.uDMAEnable)
    udp_bind                                 0x0000e5a1   Thumb Code   130  lwiplib.o(i.udp_bind)
    udp_connect                              0x0000e629   Thumb Code   100  lwiplib.o(i.udp_connect)
    udp_input                                0x0000e691   Thumb Code   682  lwiplib.o(i.udp_input)
    udp_new                                  0x0000e945   Thumb Code    30  lwiplib.o(i.udp_new)
    udp_recv                                 0x0000e963   Thumb Code     6  lwiplib.o(i.udp_recv)
    udp_remove                               0x0000e969   Thumb Code    62  lwiplib.o(i.udp_remove)
    udp_sendto                               0x0000e9ad   Thumb Code    64  lwiplib.o(i.udp_sendto)
    udp_sendto_if                            0x0000e9f1   Thumb Code   272  lwiplib.o(i.udp_sendto_if)
    usprintf                                 0x0000ec05   Thumb Code    40  ustdlib.o(i.usprintf)
    uvsnprintf                               0x0000ec2d   Thumb Code   950  ustdlib.o(i.uvsnprintf)
    _fp_init                                 0x0000f0d1   Thumb Code    14  fpinit.o(x$fpl$fpinit)
    __fplib_config_pureend_doubles           0x0000f0dd   Thumb Code     0  fpinit.o(x$fpl$fpinit)
    g_sKitronix320x240x16_SSD2119            0x0000f0e0   Data          40  kitronix320x240x16_ssd2119_8bit.o(.constdata)
    g_pulGPIOBase                            0x0000f108   Data          36  set_pinout.o(.constdata)
    g_lTouchParameters                       0x0000f18c   Data          84  touch.o(.constdata)
    tcp_backoff                              0x0000f248   Data          13  lwiplib.o(.constdata)
    tcp_persist_backoff                      0x0000f255   Data           7  lwiplib.o(.constdata)
    ip_addr_any                              0x0000f25c   Data           4  lwiplib.o(.constdata)
    ip_addr_broadcast                        0x0000f260   Data           4  lwiplib.o(.constdata)
    ethbroadcast                             0x0000f264   Data           6  lwiplib.o(.constdata)
    ethzero                                  0x0000f26a   Data           6  lwiplib.o(.constdata)
    g_sFontCm20                              0x0000fcd0   Data         200  fontcm20.o(.constdata)
    g_sFontCmss12                            0x000102ac   Data         200  fontcmss12.o(.constdata)
    g_sFontCmss22b                           0x00010c94   Data         200  fontcmss22b.o(.constdata)
    Region$$Table$$Base                      0x00010ea4   Number         0  anon$$obj.o(Region$$Table)
    Region$$Table$$Limit                     0x00010ec4   Number         0  anon$$obj.o(Region$$Table)
    WriteData                                0x20000000   Data           4  kitronix320x240x16_ssd2119_8bit.o(.data)
    WriteCommand                             0x20000004   Data           4  kitronix320x240x16_ssd2119_8bit.o(.data)
    g_eDaughterType                          0x20000008   Data           2  set_pinout.o(.data)
    g_sSample                                0x20000028   Data           8  sound.o(.data)
    g_sTouchMin                              0x20000048   Data           2  touch.o(.data)
    g_plParmSet                              0x2000004c   Data           4  touch.o(.data)
    g_sTouchX                                0x20000054   Data           2  touch.o(.data)
    g_sTouchY                                0x20000056   Data           2  touch.o(.data)
    g_sDirList                               0x20000130   Data          84  main.o(.data)
    g_sListBackground                        0x20000184   Data          64  main.o(.data)
    g_sDetailBackground                      0x200001c4   Data          64  main.o(.data)
    g_sListHeading                           0x20000204   Data          64  main.o(.data)
    g_sHeading                               0x20000244   Data          64  main.o(.data)
    g_sBackBtn                               0x20000284   Data          80  main.o(.data)
    g_sTextFrame                             0x200002d4   Data          64  main.o(.data)
    g_sProgressText                          0x20000314   Data          64  main.o(.data)
    g_ulFlags                                0x20000360   Data           4  main.o(.data)
    current_page                             0x20000370   Data           4  main.o(.data)
    tcp_state_str                            0x2000037c   Data          44  lwiplib.o(.data)
    netif_list                               0x200003ec   Data           4  lwiplib.o(.data)
    netif_default                            0x200003f0   Data           4  lwiplib.o(.data)
    tcp_ticks                                0x200003f8   Data           4  lwiplib.o(.data)
    tcp_bound_pcbs                           0x200003fc   Data           4  lwiplib.o(.data)
    tcp_listen_pcbs                          0x20000400   Data           4  lwiplib.o(.data)
    tcp_active_pcbs                          0x20000404   Data           4  lwiplib.o(.data)
    tcp_tw_pcbs                              0x20000408   Data           4  lwiplib.o(.data)
    tcp_tmp_pcb                              0x2000040c   Data           4  lwiplib.o(.data)
    tcp_input_pcb                            0x20000430   Data           4  lwiplib.o(.data)
    udp_pcbs                                 0x20000434   Data           4  lwiplib.o(.data)
    current_netif                            0x20000438   Data           4  lwiplib.o(.data)
    current_header                           0x2000043c   Data           4  lwiplib.o(.data)
    TheSysClock                              0x20000450   Data           4  sysctlconfigure.o(.data)
    buffer_ptr                               0x20000454   Data           4  uartconfigure.o(.data)
    g_sRoot                                  0x20000474   Data          32  widget.o(.data)
    sDMAControlTable                         0x20001000   Data        1024  main.o(.bss)
    g_sFileObject                            0x20001658   Data         548  main.o(.bss)
    g_sWaveHeader                            0x20002c78   Data          20  main.o(.bss)
    lwip_stats                               0x2000ae88   Data         234  lwiplib.o(.bss)
    buffer                                   0x2000b0e8   Data        1024  tcphandler.o(.bss)
    uart_buffer                              0x2000b4e8   Data        1024  uartconfigure.o(.bss)
    __libspace_start                         0x2000ba48   Data          96  libspace.o(.bss)
    __temporary_stack_top$libspace           0x2000baa8   Data           0  libspace.o(.bss)



==============================================================================

Memory Map of the image

  Image Entry point : 0x0000011d

  Load Region LR_IROM (Base: 0x00000000, Size: 0x00011358, Max: 0x00040000, ABSOLUTE, COMPRESSED[0x0001100c])

    Execution Region ER_IROM (Base: 0x00000000, Size: 0x00010ec4, Max: 0x00040000, ABSOLUTE)

    Base Addr    Size         Type   Attr      Idx    E Section Name        Object

    0x00000000   0x00000128   Code   RO            3  * RESET               startup_rvmdk.o
    0x00000128   0x00000008   Code   RO         5469  * !!!main             c_w.l(__main.o)
    0x00000130   0x00000034   Code   RO         5633    !!!scatter          c_w.l(__scatter.o)
    0x00000164   0x0000005a   Code   RO         5631    !!dczerorl2         c_w.l(__dczerorl2.o)
    0x000001be   0x00000002   PAD
    0x000001c0   0x0000001c   Code   RO         5635    !!handler_zi        c_w.l(__scatter_zi.o)
    0x000001dc   0x00000006   Code   RO         5501    .ARM.Collect$$libinit$$00000000  c_w.l(libinit.o)
    0x000001e2   0x00000000   Code   RO         5509    .ARM.Collect$$libinit$$00000006  c_w.l(libinit2.o)
    0x000001e2   0x00000000   Code   RO         5511    .ARM.Collect$$libinit$$00000008  c_w.l(libinit2.o)
    0x000001e2   0x00000000   Code   RO         5513    .ARM.Collect$$libinit$$0000000A  c_w.l(libinit2.o)
    0x000001e2   0x00000000   Code   RO         5516    .ARM.Collect$$libinit$$0000000D  c_w.l(libinit2.o)
    0x000001e2   0x00000000   Code   RO         5518    .ARM.Collect$$libinit$$0000000F  c_w.l(libinit2.o)
    0x000001e2   0x00000000   Code   RO         5520    .ARM.Collect$$libinit$$00000011  c_w.l(libinit2.o)
    0x000001e2   0x00000000   Code   RO         5522    .ARM.Collect$$libinit$$00000013  c_w.l(libinit2.o)
    0x000001e2   0x00000000   Code   RO         5524    .ARM.Collect$$libinit$$00000015  c_w.l(libinit2.o)
    0x000001e2   0x00000000   Code   RO         5526    .ARM.Collect$$libinit$$00000017  c_w.l(libinit2.o)
    0x000001e2   0x00000000   Code   RO         5528    .ARM.Collect$$libinit$$00000019  c_w.l(libinit2.o)
    0x000001e2   0x00000000   Code   RO         5530    .ARM.Collect$$libinit$$0000001B  c_w.l(libinit2.o)
    0x000001e2   0x00000000   Code   RO         5532    .ARM.Collect$$libinit$$0000001D  c_w.l(libinit2.o)
    0x000001e2   0x00000000   Code   RO         5534    .ARM.Collect$$libinit$$0000001F  c_w.l(libinit2.o)
    0x000001e2   0x00000000   Code   RO         5536    .ARM.Collect$$libinit$$00000021  c_w.l(libinit2.o)
    0x000001e2   0x00000000   Code   RO         5540    .ARM.Collect$$libinit$$00000028  c_w.l(libinit2.o)
    0x000001e2   0x00000000   Code   RO         5542    .ARM.Collect$$libinit$$0000002A  c_w.l(libinit2.o)
    0x000001e2   0x00000000   Code   RO         5544    .ARM.Collect$$libinit$$0000002C  c_w.l(libinit2.o)
    0x000001e2   0x00000000   Code   RO         5546    .ARM.Collect$$libinit$$0000002E  c_w.l(libinit2.o)
    0x000001e2   0x00000002   Code   RO         5547    .ARM.Collect$$libinit$$0000002F  c_w.l(libinit2.o)
    0x000001e4   0x00000002   Code   RO         5573    .ARM.Collect$$libshutdown$$00000000  c_w.l(libshutdown.o)
    0x000001e6   0x00000000   Code   RO         5586    .ARM.Collect$$libshutdown$$00000003  c_w.l(libshutdown2.o)
    0x000001e6   0x00000000   Code   RO         5589    .ARM.Collect$$libshutdown$$00000006  c_w.l(libshutdown2.o)
    0x000001e6   0x00000000   Code   RO         5592    .ARM.Collect$$libshutdown$$00000009  c_w.l(libshutdown2.o)
    0x000001e6   0x00000000   Code   RO         5594    .ARM.Collect$$libshutdown$$0000000B  c_w.l(libshutdown2.o)
    0x000001e6   0x00000000   Code   RO         5597    .ARM.Collect$$libshutdown$$0000000E  c_w.l(libshutdown2.o)
    0x000001e6   0x00000002   Code   RO         5598    .ARM.Collect$$libshutdown$$0000000F  c_w.l(libshutdown2.o)
    0x000001e8   0x00000000   Code   RO         5471    .ARM.Collect$$rtentry$$00000000  c_w.l(rtentry.o)
    0x000001e8   0x00000000   Code   RO         5474    .ARM.Collect$$rtentry$$00000002  c_w.l(rtentry2.o)
    0x000001e8   0x00000006   Code   RO         5489    .ARM.Collect$$rtentry$$00000004  c_w.l(rtentry4.o)
    0x000001ee   0x00000000   Code   RO         5476    .ARM.Collect$$rtentry$$00000009  c_w.l(rtentry2.o)
    0x000001ee   0x00000004   Code   RO         5477    .ARM.Collect$$rtentry$$0000000A  c_w.l(rtentry2.o)
    0x000001f2   0x00000000   Code   RO         5479    .ARM.Collect$$rtentry$$0000000C  c_w.l(rtentry2.o)
    0x000001f2   0x00000008   Code   RO         5480    .ARM.Collect$$rtentry$$0000000D  c_w.l(rtentry2.o)
    0x000001fa   0x00000002   Code   RO         5505    .ARM.Collect$$rtexit$$00000000  c_w.l(rtexit.o)
    0x000001fc   0x00000000   Code   RO         5551    .ARM.Collect$$rtexit$$00000002  c_w.l(rtexit2.o)
    0x000001fc   0x00000004   Code   RO         5552    .ARM.Collect$$rtexit$$00000003  c_w.l(rtexit2.o)
    0x00000200   0x00000006   Code   RO         5553    .ARM.Collect$$rtexit$$00000004  c_w.l(rtexit2.o)
    0x00000206   0x00000002   PAD
    0x00000208   0x00000006   Code   RO         4175    .emb_text           driverlib.lib(sysctl.o)
    0x0000020e   0x00000002   PAD
    0x00000210   0x00000014   Code   RO         5215    .emb_text           grlib.lib(widget.o)
    0x00000224   0x00000018   Code   RO            4    .text               startup_rvmdk.o
    0x0000023c   0x0000004e   Code   RO         5447    .text               c_w.l(memcmp.o)
    0x0000028a   0x00000048   Code   RO         5449    .text               c_w.l(strcpy.o)
    0x000002d2   0x0000003e   Code   RO         5451    .text               c_w.l(strlen.o)
    0x00000310   0x0000008c   Code   RO         5453    .text               c_w.l(strncmp.o)
    0x0000039c   0x0000008a   Code   RO         5455    .text               c_w.l(rt_memcpy_v6.o)
    0x00000426   0x00000064   Code   RO         5457    .text               c_w.l(rt_memcpy_w.o)
    0x0000048a   0x00000010   Code   RO         5459    .text               c_w.l(aeabi_memset.o)
    0x0000049a   0x00000044   Code   RO         5461    .text               c_w.l(rt_memclr.o)
    0x000004de   0x0000004e   Code   RO         5463    .text               c_w.l(rt_memclr_w.o)
    0x0000052c   0x00000056   Code   RO         5465    .text               c_w.l(strncpy.o)
    0x00000582   0x00000006   Code   RO         5467    .text               c_w.l(heapauxi.o)
    0x00000588   0x0000004a   Code   RO         5491    .text               c_w.l(sys_stackheap_outer.o)
    0x000005d2   0x0000000c   Code   RO         5493    .text               c_w.l(exit.o)
    0x000005de   0x00000002   PAD
    0x000005e0   0x00000008   Code   RO         5502    .text               c_w.l(libspace.o)
    0x000005e8   0x00000008   Code   RO         5561    .text               c_w.l(rt_fp_status_addr_intlibspace.o)
    0x000005f0   0x0000000c   Code   RO         5565    .text               c_w.l(sys_exit.o)
    0x000005fc   0x00000002   Code   RO         5576    .text               c_w.l(use_no_semi.o)
    0x000005fe   0x0000000e   Code   RO         2864    i.ADCHardwareOversampleConfigure  driverlib.lib(adc.o)
    0x0000060c   0x00000010   Code   RO         2867    i.ADCIntEnable      driverlib.lib(adc.o)
    0x0000061c   0x00000032   Code   RO         2876    i.ADCSequenceConfigure  driverlib.lib(adc.o)
    0x0000064e   0x0000000e   Code   RO         2879    i.ADCSequenceEnable  driverlib.lib(adc.o)
    0x0000065c   0x0000006e   Code   RO         2882    i.ADCSequenceStepConfigure  driverlib.lib(adc.o)
    0x000006ca   0x00000002   PAD
    0x000006cc   0x00000040   Code   RO          804    i.BufferCallback    main.o
    0x0000070c   0x0000003a   Code   RO          149    i.CalcEPIDivider    set_pinout.o
    0x00000746   0x000001ae   Code   RO         5072    i.CanvasMsgProc     grlib.lib(canvas.o)
    0x000008f4   0x00000150   Code   RO          805    i.Cmd_ls            main.o
    0x00000a44   0x00000022   Code   RO          806    i.Convert8Bit       main.o
    0x00000a66   0x00000010   Code   RO          609    i.DESELECT          mmc-dk-lm3s9b96.o
    0x00000a76   0x00000002   PAD
    0x00000a78   0x000000ac   Code   RO          150    i.DaughterBoardTypeGet  set_pinout.o
    0x00000b24   0x000000f8   Code   RO          151    i.EEPROMReadPolled  set_pinout.o
    0x00000c1c   0x00000004   Code   RO         3072    i.EPIAddressMapSet  driverlib.lib(epi.o)
    0x00000c20   0x00000022   Code   RO         3073    i.EPIConfigGPModeSet  driverlib.lib(epi.o)
    0x00000c42   0x0000002e   Code   RO         3075    i.EPIConfigHB8Set   driverlib.lib(epi.o)
    0x00000c70   0x0000000c   Code   RO         3076    i.EPIConfigSDRAMSet  driverlib.lib(epi.o)
    0x00000c7c   0x00000040   Code   RO          152    i.EPIDividerFromRate  set_pinout.o
    0x00000cbc   0x00000004   Code   RO         3077    i.EPIDividerSet     driverlib.lib(epi.o)
    0x00000cc0   0x00000004   Code   RO         3086    i.EPIModeSet        driverlib.lib(epi.o)
    0x00000cc4   0x00000158   Code   RO          153    i.EPIPinConfigSet   set_pinout.o
    0x00000e1c   0x0000002a   Code   RO         3229    i.EthernetConfigSet  driverlib.lib(ethernet.o)
    0x00000e46   0x00000022   Code   RO         3231    i.EthernetEnable    driverlib.lib(ethernet.o)
    0x00000e68   0x00000010   Code   RO         3232    i.EthernetInitExpClk  driverlib.lib(ethernet.o)
    0x00000e78   0x000000f8   Code   RO         2837    i.EthernetInitial   ethernetconfigure.o
    0x00000f70   0x00000004   Code   RO         3233    i.EthernetIntClear  driverlib.lib(ethernet.o)
    0x00000f74   0x0000000a   Code   RO         3234    i.EthernetIntDisable  driverlib.lib(ethernet.o)
    0x00000f7e   0x00000008   Code   RO         3235    i.EthernetIntEnable  driverlib.lib(ethernet.o)
    0x00000f86   0x0000000e   Code   RO         3237    i.EthernetIntStatus  driverlib.lib(ethernet.o)
    0x00000f94   0x00000032   Code   RO         3239    i.EthernetMACAddrGet  driverlib.lib(ethernet.o)
    0x00000fc6   0x00000036   Code   RO         3240    i.EthernetMACAddrSet  driverlib.lib(ethernet.o)
    0x00000ffc   0x00000022   Code   RO         3243    i.EthernetPHYRead   driverlib.lib(ethernet.o)
    0x0000101e   0x00000028   Code   RO         3391    i.GPIODirModeSet    driverlib.lib(gpio.o)
    0x00001046   0x00000002   PAD
    0x00001048   0x000001e4   Code   RO         2783    i.GPIOInitial       gpiodriverconfigure.o
    0x0000122c   0x000000b0   Code   RO         3396    i.GPIOPadConfigSet  driverlib.lib(gpio.o)
    0x000012dc   0x00000048   Code   RO         3397    i.GPIOPinConfigure  driverlib.lib(gpio.o)
    0x00001324   0x00000006   Code   RO         3402    i.GPIOPinRead       driverlib.lib(gpio.o)
    0x0000132a   0x0000001c   Code   RO         3403    i.GPIOPinTypeADC    driverlib.lib(gpio.o)
    0x00001346   0x0000001c   Code   RO         3408    i.GPIOPinTypeGPIOInput  driverlib.lib(gpio.o)
    0x00001362   0x0000001c   Code   RO         3409    i.GPIOPinTypeGPIOOutput  driverlib.lib(gpio.o)
    0x0000137e   0x0000001c   Code   RO         3411    i.GPIOPinTypeI2C    driverlib.lib(gpio.o)
    0x0000139a   0x0000001c   Code   RO         3412    i.GPIOPinTypeI2S    driverlib.lib(gpio.o)
    0x000013b6   0x0000001c   Code   RO         3413    i.GPIOPinTypePWM    driverlib.lib(gpio.o)
    0x000013d2   0x0000001c   Code   RO         3415    i.GPIOPinTypeSSI    driverlib.lib(gpio.o)
    0x000013ee   0x0000001c   Code   RO         3417    i.GPIOPinTypeUART   driverlib.lib(gpio.o)
    0x0000140a   0x00000006   Code   RO         3420    i.GPIOPinWrite      driverlib.lib(gpio.o)
    0x00001410   0x00000070   Code   RO         5319    i.GrContextClipRegionSet  grlib.lib(context.o)
    0x00001480   0x00000020   Code   RO         5320    i.GrContextInit     grlib.lib(context.o)
    0x000014a0   0x000002dc   Code   RO         5337    i.GrImageDraw       grlib.lib(image.o)
    0x0000177c   0x00000050   Code   RO         5423    i.GrLineDrawH       grlib.lib(line.o)
    0x000017cc   0x0000004a   Code   RO         5424    i.GrLineDrawV       grlib.lib(line.o)
    0x00001816   0x0000006c   Code   RO         5351    i.GrRectDraw        grlib.lib(rectangle.o)
    0x00001882   0x000000b4   Code   RO         5352    i.GrRectFill        grlib.lib(rectangle.o)
    0x00001936   0x000002ec   Code   RO         5381    i.GrStringDraw      grlib.lib(string.o)
    0x00001c22   0x00000070   Code   RO         5385    i.GrStringWidthGet  grlib.lib(string.o)
    0x00001c92   0x000000cc   Code   RO          154    i.HB8ConfigGet      set_pinout.o
    0x00001d5e   0x00000004   Code   RO         3608    i.I2CMasterControl  driverlib.lib(i2c.o)
    0x00001d62   0x00000004   Code   RO         3609    i.I2CMasterDataGet  driverlib.lib(i2c.o)
    0x00001d66   0x00000004   Code   RO         3610    i.I2CMasterDataPut  driverlib.lib(i2c.o)
    0x00001d6a   0x0000000a   Code   RO         3612    i.I2CMasterEnable   driverlib.lib(i2c.o)
    0x00001d74   0x00000018   Code   RO         3613    i.I2CMasterErr      driverlib.lib(i2c.o)
    0x00001d8c   0x00000034   Code   RO         3614    i.I2CMasterInitExpClk  driverlib.lib(i2c.o)
    0x00001dc0   0x00000008   Code   RO         3615    i.I2CMasterIntClear  driverlib.lib(i2c.o)
    0x00001dc8   0x00000018   Code   RO         3618    i.I2CMasterIntStatus  driverlib.lib(i2c.o)
    0x00001de0   0x00000008   Code   RO         3619    i.I2CMasterSlaveAddrSet  driverlib.lib(i2c.o)
    0x00001de8   0x00000006   Code   RO         3795    i.I2SIntClear       driverlib.lib(i2s.o)
    0x00001dee   0x0000000e   Code   RO         3799    i.I2SIntStatus      driverlib.lib(i2s.o)
    0x00001dfc   0x00000010   Code   RO         3801    i.I2SMasterClockSelect  driverlib.lib(i2s.o)
    0x00001e0c   0x0000003a   Code   RO         3802    i.I2SRxConfigSet    driverlib.lib(i2s.o)
    0x00001e46   0x00000006   Code   RO         3809    i.I2SRxFIFOLimitSet  driverlib.lib(i2s.o)
    0x00001e4c   0x00000016   Code   RO         3810    i.I2STxConfigSet    driverlib.lib(i2s.o)
    0x00001e62   0x00000012   Code   RO         3814    i.I2STxEnable       driverlib.lib(i2s.o)
    0x00001e74   0x00000004   Code   RO         3817    i.I2STxFIFOLimitSet  driverlib.lib(i2s.o)
    0x00001e78   0x00000016   Code   RO         3820    i.I2STxRxEnable     driverlib.lib(i2s.o)
    0x00001e8e   0x00000002   PAD
    0x00001e90   0x00000054   Code   RO           11    i.InitFPGADaughterLCDInterface  kitronix320x240x16_ssd2119_8bit.o
    0x00001ee4   0x0000010c   Code   RO           12    i.InitGPIOLCDInterface  kitronix320x240x16_ssd2119_8bit.o
    0x00001ff0   0x00000058   Code   RO           13    i.InitSRAMDaughterLCDInterface  kitronix320x240x16_ssd2119_8bit.o
    0x00002048   0x0000006c   Code   RO         3964    i.IntDisable        driverlib.lib(interrupt.o)
    0x000020b4   0x0000006c   Code   RO         3965    i.IntEnable         driverlib.lib(interrupt.o)
    0x00002120   0x0000001c   Code   RO           14    i.Kitronix320x240x16_SSD2119ColorTranslate  kitronix320x240x16_ssd2119_8bit.o
    0x0000213c   0x00000002   Code   RO           15    i.Kitronix320x240x16_SSD2119Flush  kitronix320x240x16_ssd2119_8bit.o
    0x0000213e   0x00000002   PAD
    0x00002140   0x00000268   Code   RO           16    i.Kitronix320x240x16_SSD2119Init  kitronix320x240x16_ssd2119_8bit.o
    0x000023a8   0x0000006c   Code   RO           17    i.Kitronix320x240x16_SSD2119LineDrawH  kitronix320x240x16_ssd2119_8bit.o
    0x00002414   0x0000006c   Code   RO           18    i.Kitronix320x240x16_SSD2119LineDrawV  kitronix320x240x16_ssd2119_8bit.o
    0x00002480   0x0000004c   Code   RO           19    i.Kitronix320x240x16_SSD2119PixelDraw  kitronix320x240x16_ssd2119_8bit.o
    0x000024cc   0x000001bc   Code   RO           20    i.Kitronix320x240x16_SSD2119PixelDrawMultiple  kitronix320x240x16_ssd2119_8bit.o
    0x00002688   0x00000108   Code   RO           21    i.Kitronix320x240x16_SSD2119RectFill  kitronix320x240x16_ssd2119_8bit.o
    0x00002790   0x00000352   Code   RO         5146    i.ListBoxMsgProc    grlib.lib(listbox.o)
    0x00002ae2   0x00000068   Code   RO         5147    i.ListBoxTextAdd    grlib.lib(listbox.o)
    0x00002b4a   0x00000002   PAD
    0x00002b4c   0x0000004c   Code   RO         1152    i.LocatorAppTitleSet  locator.o
    0x00002b98   0x00000074   Code   RO         1156    i.LocatorInit       locator.o
    0x00002c0c   0x00000020   Code   RO         1157    i.LocatorMACAddrSet  locator.o
    0x00002c2c   0x000000b4   Code   RO         1158    i.LocatorReceive    locator.o
    0x00002ce0   0x00000048   Code   RO          807    i.OnBackBtnPress    main.o
    0x00002d28   0x000000a0   Code   RO          808    i.OnListBoxChange   main.o
    0x00002dc8   0x000000c0   Code   RO          155    i.PinoutSet         set_pinout.o
    0x00002e88   0x000000e0   Code   RO          810    i.PopulateFileListBox  main.o
    0x00002f68   0x000000ec   Code   RO          156    i.PortControlSet    set_pinout.o
    0x00003054   0x00000120   Code   RO         5176    i.RectangularButtonMsgProc  grlib.lib(pushbutton.o)
    0x00003174   0x0000018e   Code   RO         5177    i.RectangularButtonPaint  grlib.lib(pushbutton.o)
    0x00003302   0x00000002   PAD
    0x00003304   0x00000054   Code   RO          157    i.SDRAMConfigGet    set_pinout.o
    0x00003358   0x00000020   Code   RO          610    i.SELECT            mmc-dk-lm3s9b96.o
    0x00003378   0x0000004a   Code   RO         4068    i.SSIConfigSetExpClk  driverlib.lib(ssi.o)
    0x000033c2   0x0000000e   Code   RO         4071    i.SSIDataGet        driverlib.lib(ssi.o)
    0x000033d0   0x0000000c   Code   RO         4073    i.SSIDataPut        driverlib.lib(ssi.o)
    0x000033dc   0x0000000a   Code   RO         4075    i.SSIDisable        driverlib.lib(ssi.o)
    0x000033e6   0x0000000a   Code   RO         4076    i.SSIEnable         driverlib.lib(ssi.o)
    0x000033f0   0x00000150   Code   RO          219    i.SoundBufferPlay   sound.o
    0x00003540   0x000000d4   Code   RO          221    i.SoundInit         sound.o
    0x00003614   0x00000154   Code   RO          222    i.SoundIntHandler   sound.o
    0x00003768   0x00000288   Code   RO          226    i.SoundSetFormat    sound.o
    0x000039f0   0x00000044   Code   RO          811    i.StringFromFresult  main.o
    0x00003a34   0x000001e8   Code   RO         4180    i.SysCtlClockGet    driverlib.lib(sysctl.o)
    0x00003c1c   0x000000d8   Code   RO         4186    i.SysCtlI2SMClkSet  driverlib.lib(sysctl.o)
    0x00003cf4   0x00000020   Code   RO         4205    i.SysCtlPeripheralEnable  driverlib.lib(sysctl.o)
    0x00003d14   0x00000038   Code   RO         4207    i.SysCtlPeripheralReset  driverlib.lib(sysctl.o)
    0x00003d4c   0x0000000e   Code   RO         4440    i.SysTickEnable     driverlib.lib(systick.o)
    0x00003d5a   0x0000000e   Code   RO          812    i.SysTickHandler    main.o
    0x00003d68   0x00000030   Code   RO         2678    i.TCPInitial        tcphandler.o
    0x00003d98   0x00000054   Code   RO          384    i.TLV320AIC23BHeadPhoneVolumeSet  tlv320aic23b.o
    0x00003dec   0x000000cc   Code   RO          385    i.TLV320AIC23BInit  tlv320aic23b.o
    0x00003eb8   0x00000018   Code   RO          386    i.TLV320AIC23BLineInVolumeSet  tlv320aic23b.o
    0x00003ed0   0x000000a4   Code   RO          387    i.TLV320AIC23BWriteRegister  tlv320aic23b.o
    0x00003f74   0x00000028   Code   RO         2679    i.TcpCli_Connected  tcphandler.o
    0x00003f9c   0x0000001c   Code   RO         4502    i.TimerConfigure    driverlib.lib(timer.o)
    0x00003fb8   0x00000016   Code   RO         4506    i.TimerControlTrigger  driverlib.lib(timer.o)
    0x00003fce   0x0000000e   Code   RO         4509    i.TimerEnable       driverlib.lib(timer.o)
    0x00003fdc   0x00000048   Code   RO         2825    i.TimerInitial      timerconfigure.o
    0x00004024   0x00000004   Code   RO         4510    i.TimerIntClear     driverlib.lib(timer.o)
    0x00004028   0x00000008   Code   RO         4512    i.TimerIntEnable    driverlib.lib(timer.o)
    0x00004030   0x0000000a   Code   RO         4514    i.TimerIntStatus    driverlib.lib(timer.o)
    0x0000403a   0x00000012   Code   RO         4517    i.TimerLoadSet      driverlib.lib(timer.o)
    0x0000404c   0x000000d8   Code   RO          813    i.Timer_ISR         main.o
    0x00004124   0x0000000c   Code   RO          332    i.TouchScreenCallbackSet  touch.o
    0x00004130   0x00000204   Code   RO          333    i.TouchScreenDebouncer  touch.o
    0x00004334   0x00000168   Code   RO          334    i.TouchScreenInit   touch.o
    0x0000449c   0x00000230   Code   RO          335    i.TouchScreenIntHandler  touch.o
    0x000046cc   0x00000050   Code   RO         2748    i.UART0Initial      uartconfigure.o
    0x0000471c   0x00000070   Code   RO         2646    i.UART0_ISR         uartisr.o
    0x0000478c   0x00000010   Code   RO         4673    i.UARTCharGetNonBlocking  driverlib.lib(uart.o)
    0x0000479c   0x0000000a   Code   RO         4676    i.UARTCharsAvail    driverlib.lib(uart.o)
    0x000047a6   0x0000006e   Code   RO         4678    i.UARTConfigSetExpClk  driverlib.lib(uart.o)
    0x00004814   0x00000014   Code   RO         4683    i.UARTEnable        driverlib.lib(uart.o)
    0x00004828   0x00000006   Code   RO         4688    i.UARTFIFOLevelSet  driverlib.lib(uart.o)
    0x0000482e   0x00000004   Code   RO         4691    i.UARTIntClear      driverlib.lib(uart.o)
    0x00004832   0x00000008   Code   RO         4693    i.UARTIntEnable     driverlib.lib(uart.o)
    0x0000483a   0x0000000a   Code   RO         4695    i.UARTIntStatus     driverlib.lib(uart.o)
    0x00004844   0x00000010   Code   RO         1106    i.UARTStdioInit     uartstdio.o
    0x00004854   0x00000084   Code   RO         1107    i.UARTStdioInitExpClk  uartstdio.o
    0x000048d8   0x000002e4   Code   RO         1110    i.UARTprintf        uartstdio.o
    0x00004bbc   0x0000004c   Code   RO         1111    i.UARTwrite         uartstdio.o
    0x00004c08   0x0000000c   Code   RO          814    i.WaveClose         main.o
    0x00004c14   0x000003a0   Code   RO          815    i.WaveOpen          main.o
    0x00004fb4   0x000000d4   Code   RO          816    i.WavePlay          main.o
    0x00005088   0x00000064   Code   RO          817    i.WaveRead          main.o
    0x000050ec   0x00000026   Code   RO         5216    i.WidgetAdd         grlib.lib(widget.o)
    0x00005112   0x00000004   Code   RO         5217    i.WidgetDefaultMsgProc  grlib.lib(widget.o)
    0x00005116   0x00000002   PAD
    0x00005118   0x000000e4   Code   RO         5218    i.WidgetMessageQueueAdd  grlib.lib(widget.o)
    0x000051fc   0x000000b8   Code   RO         5219    i.WidgetMessageQueueProcess  grlib.lib(widget.o)
    0x000052b4   0x000000e0   Code   RO         5220    i.WidgetMessageSendPostOrder  grlib.lib(widget.o)
    0x00005394   0x00000020   Code   RO         5224    i.WidgetPointerMessage  grlib.lib(widget.o)
    0x000053b4   0x0000009c   Code   RO         5225    i.WidgetRemove      grlib.lib(widget.o)
    0x00005450   0x00000010   Code   RO           22    i.WriteCommandEPI   kitronix320x240x16_ssd2119_8bit.o
    0x00005460   0x00000014   Code   RO           23    i.WriteCommandFPGA  kitronix320x240x16_ssd2119_8bit.o
    0x00005474   0x0000004c   Code   RO           24    i.WriteCommandGPIO  kitronix320x240x16_ssd2119_8bit.o
    0x000054c0   0x0000000e   Code   RO           25    i.WriteDataEPI      kitronix320x240x16_ssd2119_8bit.o
    0x000054ce   0x00000014   Code   RO           26    i.WriteDataFPGA     kitronix320x240x16_ssd2119_8bit.o
    0x000054e2   0x00000002   PAD
    0x000054e4   0x00000048   Code   RO           27    i.WriteDataGPIO     kitronix320x240x16_ssd2119_8bit.o
    0x0000552c   0x00000204   Code   RO          424    i.auto_mount        ff.o
    0x00005730   0x00000030   Code   RO         1213    i.autoip_arp_announce  lwiplib.o
    0x00005760   0x00000034   Code   RO         1214    i.autoip_arp_probe  lwiplib.o
    0x00005794   0x000000ba   Code   RO         1215    i.autoip_arp_reply  lwiplib.o
    0x0000584e   0x00000002   PAD
    0x00005850   0x00000040   Code   RO         1216    i.autoip_bind       lwiplib.o
    0x00005890   0x0000006c   Code   RO         1217    i.autoip_create_addr  lwiplib.o
    0x000058fc   0x00000034   Code   RO         1218    i.autoip_handle_arp_conflict  lwiplib.o
    0x00005930   0x00000002   Code   RO         1219    i.autoip_init       lwiplib.o
    0x00005932   0x0000006e   Code   RO         1221    i.autoip_start      lwiplib.o
    0x000059a0   0x00000066   Code   RO         1222    i.autoip_start_probing  lwiplib.o
    0x00005a06   0x00000016   Code   RO         1223    i.autoip_stop       lwiplib.o
    0x00005a1c   0x0000013c   Code   RO         1224    i.autoip_tmr        lwiplib.o
    0x00005b58   0x00000084   Code   RO         2680    i.buf_receive       tcphandler.o
    0x00005bdc   0x00000070   Code   RO          425    i.check_fs          ff.o
    0x00005c4c   0x0000000c   Code   RO          611    i.chk_power         mmc-dk-lm3s9b96.o
    0x00005c58   0x00000022   Code   RO          426    i.clust2sect        ff.o
    0x00005c7a   0x000000b8   Code   RO          427    i.create_chain      ff.o
    0x00005d32   0x00000044   Code   RO         1225    i.dequeue_packet    lwiplib.o
    0x00005d76   0x0000002e   Code   RO         1226    i.dhcp_arp_reply    lwiplib.o
    0x00005da4   0x0000012c   Code   RO         1227    i.dhcp_bind         lwiplib.o
    0x00005ed0   0x00000042   Code   RO         1228    i.dhcp_check        lwiplib.o
    0x00005f12   0x00000002   PAD
    0x00005f14   0x00000048   Code   RO         1229    i.dhcp_coarse_tmr   lwiplib.o
    0x00005f5c   0x00000164   Code   RO         1230    i.dhcp_create_request  lwiplib.o
    0x000060c0   0x000000a4   Code   RO         1231    i.dhcp_decline      lwiplib.o
    0x00006164   0x00000036   Code   RO         1232    i.dhcp_delete_request  lwiplib.o
    0x0000619a   0x00000002   PAD
    0x0000619c   0x0000010c   Code   RO         1233    i.dhcp_discover     lwiplib.o
    0x000062a8   0x0000004c   Code   RO         1234    i.dhcp_fine_tmr     lwiplib.o
    0x000062f4   0x0000002c   Code   RO         1235    i.dhcp_free_reply   lwiplib.o
    0x00006320   0x00000006   Code   RO         1236    i.dhcp_get_option_byte  lwiplib.o
    0x00006326   0x0000003c   Code   RO         1237    i.dhcp_get_option_long  lwiplib.o
    0x00006362   0x000000d6   Code   RO         1238    i.dhcp_get_option_ptr  lwiplib.o
    0x00006438   0x00000118   Code   RO         1239    i.dhcp_handle_ack   lwiplib.o
    0x00006550   0x0000003c   Code   RO         1240    i.dhcp_handle_nak   lwiplib.o
    0x0000658c   0x0000003e   Code   RO         1241    i.dhcp_handle_offer  lwiplib.o
    0x000065ca   0x00000028   Code   RO         1244    i.dhcp_option       lwiplib.o
    0x000065f2   0x00000016   Code   RO         1245    i.dhcp_option_byte  lwiplib.o
    0x00006608   0x00000054   Code   RO         1246    i.dhcp_option_long  lwiplib.o
    0x0000665c   0x0000002c   Code   RO         1247    i.dhcp_option_short  lwiplib.o
    0x00006688   0x00000050   Code   RO         1248    i.dhcp_option_trailer  lwiplib.o
    0x000066d8   0x000000a8   Code   RO         1249    i.dhcp_rebind       lwiplib.o
    0x00006780   0x000000c8   Code   RO         1250    i.dhcp_reboot       lwiplib.o
    0x00006848   0x0000011c   Code   RO         1251    i.dhcp_recv         lwiplib.o
    0x00006964   0x000000c8   Code   RO         1252    i.dhcp_release      lwiplib.o
    0x00006a2c   0x000000a4   Code   RO         1253    i.dhcp_renew        lwiplib.o
    0x00006ad0   0x00000118   Code   RO         1254    i.dhcp_select       lwiplib.o
    0x00006be8   0x00000010   Code   RO         1255    i.dhcp_set_state    lwiplib.o
    0x00006bf8   0x000000d4   Code   RO         1256    i.dhcp_start        lwiplib.o
    0x00006ccc   0x0000005a   Code   RO         1257    i.dhcp_stop         lwiplib.o
    0x00006d26   0x00000022   Code   RO         1258    i.dhcp_t1_timeout   lwiplib.o
    0x00006d48   0x00000022   Code   RO         1259    i.dhcp_t2_timeout   lwiplib.o
    0x00006d6a   0x000000a6   Code   RO         1260    i.dhcp_timeout      lwiplib.o
    0x00006e10   0x00000098   Code   RO         1261    i.dhcp_unfold_reply  lwiplib.o
    0x00006ea8   0x00000190   Code   RO          612    i.disk_initialize   mmc-dk-lm3s9b96.o
    0x00007038   0x000001d8   Code   RO          613    i.disk_ioctl        mmc-dk-lm3s9b96.o
    0x00007210   0x000000a8   Code   RO          614    i.disk_read         mmc-dk-lm3s9b96.o
    0x000072b8   0x00000014   Code   RO          615    i.disk_status       mmc-dk-lm3s9b96.o
    0x000072cc   0x00000034   Code   RO          616    i.disk_timerproc    mmc-dk-lm3s9b96.o
    0x00007300   0x000000d8   Code   RO          617    i.disk_write        mmc-dk-lm3s9b96.o
    0x000073d8   0x00000066   Code   RO         1262    i.enqueue_packet    lwiplib.o
    0x0000743e   0x00000002   PAD
    0x00007440   0x000001c4   Code   RO         1263    i.etharp_arp_input  lwiplib.o
    0x00007604   0x00000042   Code   RO         1265    i.etharp_ip_input   lwiplib.o
    0x00007646   0x00000002   PAD
    0x00007648   0x000000e8   Code   RO         1266    i.etharp_output     lwiplib.o
    0x00007730   0x000001c0   Code   RO         1267    i.etharp_query      lwiplib.o
    0x000078f0   0x0000010c   Code   RO         1268    i.etharp_raw        lwiplib.o
    0x000079fc   0x00000030   Code   RO         1269    i.etharp_request    lwiplib.o
    0x00007a2c   0x00000052   Code   RO         1270    i.etharp_send_ip    lwiplib.o
    0x00007a7e   0x00000002   PAD
    0x00007a80   0x000000b0   Code   RO         1271    i.etharp_tmr        lwiplib.o
    0x00007b30   0x00000098   Code   RO         1272    i.ethernet_input    lwiplib.o
    0x00007bc8   0x00000018   Code   RO          429    i.f_close           ff.o
    0x00007be0   0x00000038   Code   RO          433    i.f_mount           ff.o
    0x00007c18   0x00000192   Code   RO          434    i.f_open            ff.o
    0x00007daa   0x00000070   Code   RO          435    i.f_opendir         ff.o
    0x00007e1a   0x000001ae   Code   RO          436    i.f_read            ff.o
    0x00007fc8   0x00000084   Code   RO          437    i.f_readdir         ff.o
    0x0000804c   0x00000096   Code   RO          440    i.f_sync            ff.o
    0x000080e2   0x00000002   PAD
    0x000080e4   0x00000224   Code   RO         1273    i.find_entry        lwiplib.o
    0x00008308   0x0000002e   Code   RO         1274    i.free_etharp_q     lwiplib.o
    0x00008336   0x000000ec   Code   RO          443    i.get_cluster       ff.o
    0x00008422   0x00000002   PAD
    0x00008424   0x00000008   Code   RO          618    i.get_fattime       mmc-dk-lm3s9b96.o
    0x0000842c   0x000000be   Code   RO          444    i.get_fileinfo      ff.o
    0x000084ea   0x0000001c   Code   RO         1275    i.htonl             lwiplib.o
    0x00008506   0x0000000e   Code   RO         1276    i.htons             lwiplib.o
    0x00008514   0x00000014   Code   RO         1277    i.icmp_dest_unreach  lwiplib.o
    0x00008528   0x00000258   Code   RO         1278    i.icmp_input        lwiplib.o
    0x00008780   0x00000098   Code   RO         1279    i.icmp_send_response  lwiplib.o
    0x00008818   0x00000014   Code   RO         1282    i.inet_chksum       lwiplib.o
    0x0000882c   0x0000006e   Code   RO         1283    i.inet_chksum_pbuf  lwiplib.o
    0x0000889a   0x000000ca   Code   RO         1284    i.inet_chksum_pseudo  lwiplib.o
    0x00008964   0x00000050   Code   RO         1286    i.ip_addr_isbroadcast  lwiplib.o
    0x000089b4   0x000002b4   Code   RO         1287    i.ip_input          lwiplib.o
    0x00008c68   0x00000048   Code   RO         1288    i.ip_output         lwiplib.o
    0x00008cb0   0x00000128   Code   RO         1289    i.ip_output_if      lwiplib.o
    0x00008dd8   0x00000068   Code   RO         1290    i.ip_route          lwiplib.o
    0x00008e40   0x0000002c   Code   RO         1291    i.lwIPEthernetIntHandler  lwiplib.o
    0x00008e6c   0x000000e8   Code   RO         2838    i.lwIPHostTimerHandler  ethernetconfigure.o
    0x00008f54   0x00000054   Code   RO         1292    i.lwIPInit          lwiplib.o
    0x00008fa8   0x0000000c   Code   RO         1293    i.lwIPLocalGWAddrGet  lwiplib.o
    0x00008fb4   0x0000000c   Code   RO         1294    i.lwIPLocalIPAddrGet  lwiplib.o
    0x00008fc0   0x0000000c   Code   RO         1296    i.lwIPLocalNetMaskGet  lwiplib.o
    0x00008fcc   0x00000124   Code   RO         1298    i.lwIPPrivateInit   lwiplib.o
    0x000090f0   0x0000010c   Code   RO         1300    i.lwIPServiceTimers  lwiplib.o
    0x000091fc   0x00000024   Code   RO         1301    i.lwIPTimer         lwiplib.o
    0x00009220   0x00000010   Code   RO         1302    i.lwip_init         lwiplib.o
    0x00009230   0x0000006e   Code   RO         1303    i.lwip_standard_chksum  lwiplib.o
    0x0000929e   0x00000002   PAD
    0x000092a0   0x0000012c   Code   RO          818    i.main              main.o
    0x000093cc   0x0000013e   Code   RO          445    i.make_dirfile      ff.o
    0x0000950a   0x00000002   PAD
    0x0000950c   0x00000094   Code   RO         1305    i.mem_free          lwiplib.o
    0x000095a0   0x00000078   Code   RO         1306    i.mem_init          lwiplib.o
    0x00009618   0x00000188   Code   RO         1307    i.mem_malloc        lwiplib.o
    0x000097a0   0x00000158   Code   RO         1308    i.mem_realloc       lwiplib.o
    0x000098f8   0x00000058   Code   RO         1309    i.memp_free         lwiplib.o
    0x00009950   0x000000b8   Code   RO         1310    i.memp_init         lwiplib.o
    0x00009a08   0x000000b4   Code   RO         1311    i.memp_malloc       lwiplib.o
    0x00009abc   0x00000090   Code   RO          446    i.move_window       ff.o
    0x00009b4c   0x00000048   Code   RO         2681    i.my_accept         tcphandler.o
    0x00009b94   0x000000f4   Code   RO         2682    i.my_recv           tcphandler.o
    0x00009c88   0x00000070   Code   RO         1312    i.netif_add         lwiplib.o
    0x00009cf8   0x0000000c   Code   RO         1314    i.netif_is_up       lwiplib.o
    0x00009d04   0x00000028   Code   RO         1316    i.netif_set_addr    lwiplib.o
    0x00009d2c   0x0000000c   Code   RO         1317    i.netif_set_default  lwiplib.o
    0x00009d38   0x00000018   Code   RO         1318    i.netif_set_down    lwiplib.o
    0x00009d50   0x0000000e   Code   RO         1319    i.netif_set_gw      lwiplib.o
    0x00009d5e   0x00000002   PAD
    0x00009d60   0x00000080   Code   RO         1320    i.netif_set_ipaddr  lwiplib.o
    0x00009de0   0x0000000e   Code   RO         1321    i.netif_set_netmask  lwiplib.o
    0x00009dee   0x0000002c   Code   RO         1322    i.netif_set_up      lwiplib.o
    0x00009e1a   0x00000074   Code   RO          447    i.next_dir_entry    ff.o
    0x00009e8e   0x0000000c   Code   RO         1323    i.ntohl             lwiplib.o
    0x00009e9a   0x0000000c   Code   RO         1324    i.ntohs             lwiplib.o
    0x00009ea6   0x00000002   PAD
    0x00009ea8   0x00000078   Code   RO         2647    i.parseCmd          uartisr.o
    0x00009f20   0x000000a0   Code   RO         2683    i.parseTCPCmd       tcphandler.o
    0x00009fc0   0x000001c4   Code   RO         1325    i.pbuf_alloc        lwiplib.o
    0x0000a184   0x0000003a   Code   RO         1326    i.pbuf_cat          lwiplib.o
    0x0000a1be   0x00000016   Code   RO         1327    i.pbuf_chain        lwiplib.o
    0x0000a1d4   0x0000001c   Code   RO         1328    i.pbuf_clen         lwiplib.o
    0x0000a1f0   0x000000d2   Code   RO         1330    i.pbuf_copy         lwiplib.o
    0x0000a2c2   0x000000a8   Code   RO         1331    i.pbuf_copy_partial  lwiplib.o
    0x0000a36a   0x00000086   Code   RO         1333    i.pbuf_free         lwiplib.o
    0x0000a3f0   0x00000086   Code   RO         1334    i.pbuf_header       lwiplib.o
    0x0000a476   0x00000084   Code   RO         1335    i.pbuf_realloc      lwiplib.o
    0x0000a4fa   0x0000001c   Code   RO         1336    i.pbuf_ref          lwiplib.o
    0x0000a516   0x00000002   PAD
    0x0000a518   0x00000090   Code   RO         1339    i.plug_holes        lwiplib.o
    0x0000a5a8   0x00000010   Code   RO          619    i.power_off         mmc-dk-lm3s9b96.o
    0x0000a5b8   0x000000bc   Code   RO          620    i.power_on          mmc-dk-lm3s9b96.o
    0x0000a674   0x00000124   Code   RO          448    i.put_cluster       ff.o
    0x0000a798   0x00000080   Code   RO         1342    i.raw_input         lwiplib.o
    0x0000a818   0x0000005c   Code   RO          621    i.rcvr_datablock    mmc-dk-lm3s9b96.o
    0x0000a874   0x0000001c   Code   RO          622    i.rcvr_spi          mmc-dk-lm3s9b96.o
    0x0000a890   0x0000000c   Code   RO          623    i.rcvr_spi_m        mmc-dk-lm3s9b96.o
    0x0000a89c   0x00000048   Code   RO          449    i.remove_chain      ff.o
    0x0000a8e4   0x000000f2   Code   RO          450    i.reserve_direntry  ff.o
    0x0000a9d6   0x00000002   PAD
    0x0000a9d8   0x00000038   Code   RO         2684    i.send_buf          tcphandler.o
    0x0000aa10   0x00000086   Code   RO          624    i.send_cmd          mmc-dk-lm3s9b96.o
    0x0000aa96   0x00000002   PAD
    0x0000aa98   0x00000050   Code   RO          625    i.send_initial_clock_train  mmc-dk-lm3s9b96.o
    0x0000aae8   0x00000044   Code   RO          626    i.set_max_speed     mmc-dk-lm3s9b96.o
    0x0000ab2c   0x00000074   Code   RO         1348    i.stellarisif_hwinit  lwiplib.o
    0x0000aba0   0x00000050   Code   RO         1349    i.stellarisif_init  lwiplib.o
    0x0000abf0   0x00000088   Code   RO         1350    i.stellarisif_interrupt  lwiplib.o
    0x0000ac78   0x00000068   Code   RO         1351    i.stellarisif_output  lwiplib.o
    0x0000ace0   0x000000d0   Code   RO         1352    i.stellarisif_receive  lwiplib.o
    0x0000adb0   0x000000f8   Code   RO         1353    i.stellarisif_transmit  lwiplib.o
    0x0000aea8   0x00000060   Code   RO          819    i.switchMusic       main.o
    0x0000af08   0x00000034   Code   RO          451    i.sync              ff.o
    0x0000af3c   0x00000010   Code   RO         1354    i.sys_arch_protect  lwiplib.o
    0x0000af4c   0x00000018   Code   RO         1355    i.sys_arch_unprotect  lwiplib.o
    0x0000af64   0x000000ac   Code   RO         1356    i.tcp_abandon       lwiplib.o
    0x0000b010   0x00000004   Code   RO         1357    i.tcp_accept        lwiplib.o
    0x0000b014   0x00000008   Code   RO         1358    i.tcp_accept_null   lwiplib.o
    0x0000b01c   0x000000fc   Code   RO         1359    i.tcp_alloc         lwiplib.o
    0x0000b118   0x00000104   Code   RO         1361    i.tcp_bind          lwiplib.o
    0x0000b21c   0x00000118   Code   RO         1362    i.tcp_close         lwiplib.o
    0x0000b334   0x00000128   Code   RO         1363    i.tcp_connect       lwiplib.o
    0x0000b45c   0x0000002e   Code   RO         1365    i.tcp_eff_send_mss  lwiplib.o
    0x0000b48a   0x00000002   PAD
    0x0000b48c   0x00000488   Code   RO         1366    i.tcp_enqueue       lwiplib.o
    0x0000b914   0x0000008c   Code   RO         1368    i.tcp_fasttmr       lwiplib.o
    0x0000b9a0   0x000005e8   Code   RO         1369    i.tcp_input         lwiplib.o
    0x0000bf88   0x0000008c   Code   RO         1370    i.tcp_keepalive     lwiplib.o
    0x0000c014   0x00000064   Code   RO         1371    i.tcp_kill_prio     lwiplib.o
    0x0000c078   0x00000048   Code   RO         1372    i.tcp_kill_timewait  lwiplib.o
    0x0000c0c0   0x00000150   Code   RO         1373    i.tcp_listen_input  lwiplib.o
    0x0000c210   0x000000d8   Code   RO         1374    i.tcp_listen_with_backlog  lwiplib.o
    0x0000c2e8   0x0000000a   Code   RO         1375    i.tcp_new           lwiplib.o
    0x0000c2f2   0x00000002   PAD
    0x0000c2f4   0x00000084   Code   RO         1376    i.tcp_new_port      lwiplib.o
    0x0000c378   0x0000001c   Code   RO         1377    i.tcp_next_iss      lwiplib.o
    0x0000c394   0x000000c4   Code   RO         1378    i.tcp_oos_insert_segment  lwiplib.o
    0x0000c458   0x00000208   Code   RO         1379    i.tcp_output        lwiplib.o
    0x0000c660   0x00000110   Code   RO         1380    i.tcp_output_segment  lwiplib.o
    0x0000c770   0x00000096   Code   RO         1381    i.tcp_output_set_header  lwiplib.o
    0x0000c806   0x00000002   PAD
    0x0000c808   0x000000d0   Code   RO         1382    i.tcp_parseopt      lwiplib.o
    0x0000c8d8   0x0000005a   Code   RO         1383    i.tcp_pcb_purge     lwiplib.o
    0x0000c932   0x00000002   PAD
    0x0000c934   0x000000a0   Code   RO         1384    i.tcp_pcb_remove    lwiplib.o
    0x0000c9d4   0x000005c4   Code   RO         1386    i.tcp_process       lwiplib.o
    0x0000cf98   0x00000a44   Code   RO         1387    i.tcp_receive       lwiplib.o
    0x0000d9dc   0x00000006   Code   RO         1388    i.tcp_recv          lwiplib.o
    0x0000d9e2   0x00000030   Code   RO         1389    i.tcp_recv_null     lwiplib.o
    0x0000da12   0x00000044   Code   RO         1390    i.tcp_recved        lwiplib.o
    0x0000da56   0x00000056   Code   RO         1391    i.tcp_rexmit        lwiplib.o
    0x0000daac   0x00000082   Code   RO         1392    i.tcp_rexmit_fast   lwiplib.o
    0x0000db2e   0x00000042   Code   RO         1393    i.tcp_rexmit_rto    lwiplib.o
    0x0000db70   0x000000e4   Code   RO         1394    i.tcp_rst           lwiplib.o
    0x0000dc54   0x0000002a   Code   RO         1395    i.tcp_seg_copy      lwiplib.o
    0x0000dc7e   0x00000026   Code   RO         1396    i.tcp_seg_free      lwiplib.o
    0x0000dca4   0x00000024   Code   RO         1397    i.tcp_segs_free     lwiplib.o
    0x0000dcc8   0x00000020   Code   RO         1398    i.tcp_send_ctrl     lwiplib.o
    0x0000dce8   0x00000084   Code   RO         1399    i.tcp_send_empty_ack  lwiplib.o
    0x0000dd6c   0x00000384   Code   RO         1402    i.tcp_slowtmr       lwiplib.o
    0x0000e0f0   0x000000b4   Code   RO         1403    i.tcp_timewait_input  lwiplib.o
    0x0000e1a4   0x00000024   Code   RO         1404    i.tcp_tmr           lwiplib.o
    0x0000e1c8   0x0000004a   Code   RO         1405    i.tcp_update_rcv_ann_wnd  lwiplib.o
    0x0000e212   0x00000048   Code   RO         1406    i.tcp_write         lwiplib.o
    0x0000e25a   0x00000002   PAD
    0x0000e25c   0x000000ec   Code   RO         1407    i.tcp_zero_window_probe  lwiplib.o
    0x0000e348   0x00000106   Code   RO          452    i.trace_path        ff.o
    0x0000e44e   0x00000002   PAD
    0x0000e450   0x00000030   Code   RO         4921    i.uDMAChannelAttributeDisable  driverlib.lib(udma.o)
    0x0000e480   0x00000030   Code   RO         4922    i.uDMAChannelAttributeEnable  driverlib.lib(udma.o)
    0x0000e4b0   0x0000001c   Code   RO         4924    i.uDMAChannelControlSet  driverlib.lib(udma.o)
    0x0000e4cc   0x00000010   Code   RO         4926    i.uDMAChannelEnable  driverlib.lib(udma.o)
    0x0000e4dc   0x00000024   Code   RO         4928    i.uDMAChannelModeGet  driverlib.lib(udma.o)
    0x0000e500   0x00000088   Code   RO         4934    i.uDMAChannelTransferSet  driverlib.lib(udma.o)
    0x0000e588   0x0000000c   Code   RO         4937    i.uDMAControlBaseSet  driverlib.lib(udma.o)
    0x0000e594   0x0000000c   Code   RO         4939    i.uDMAEnable        driverlib.lib(udma.o)
    0x0000e5a0   0x00000088   Code   RO         1408    i.udp_bind          lwiplib.o
    0x0000e628   0x00000068   Code   RO         1409    i.udp_connect       lwiplib.o
    0x0000e690   0x000002b4   Code   RO         1411    i.udp_input         lwiplib.o
    0x0000e944   0x0000001e   Code   RO         1412    i.udp_new           lwiplib.o
    0x0000e962   0x00000006   Code   RO         1413    i.udp_recv          lwiplib.o
    0x0000e968   0x00000044   Code   RO         1414    i.udp_remove        lwiplib.o
    0x0000e9ac   0x00000044   Code   RO         1416    i.udp_sendto        lwiplib.o
    0x0000e9f0   0x00000114   Code   RO         1417    i.udp_sendto_if     lwiplib.o
    0x0000eb04   0x00000100   Code   RO         1418    i.update_arp_entry  lwiplib.o
    0x0000ec04   0x00000028   Code   RO          743    i.usprintf          ustdlib.o
    0x0000ec2c   0x000003c4   Code   RO          748    i.uvsnprintf        ustdlib.o
    0x0000eff0   0x0000002a   Code   RO          453    i.validate          ff.o
    0x0000f01a   0x00000002   PAD
    0x0000f01c   0x0000002c   Code   RO          627    i.wait_ready        mmc-dk-lm3s9b96.o
    0x0000f048   0x0000006a   Code   RO          628    i.xmit_datablock    mmc-dk-lm3s9b96.o
    0x0000f0b2   0x00000002   PAD
    0x0000f0b4   0x0000001c   Code   RO          629    i.xmit_spi          mmc-dk-lm3s9b96.o
    0x0000f0d0   0x0000000e   Code   RO         5548    x$fpl$fpinit        fz_ws.l(fpinit.o)
    0x0000f0de   0x00000002   PAD
    0x0000f0e0   0x00000028   Data   RO           28    .constdata          kitronix320x240x16_ssd2119_8bit.o
    0x0000f108   0x00000084   Data   RO          158    .constdata          set_pinout.o
    0x0000f18c   0x00000054   Data   RO          337    .constdata          touch.o
    0x0000f1e0   0x0000000d   Data   RO          388    .constdata          tlv320aic23b.o
    0x0000f1ed   0x00000003   PAD
    0x0000f1f0   0x0000001c   Data   RO          749    .constdata          ustdlib.o
    0x0000f20c   0x0000001c   Data   RO         1112    .constdata          uartstdio.o
    0x0000f228   0x00000048   Data   RO         1420    .constdata          lwiplib.o
    0x0000f270   0x0000001a   Data   RO         2686    .constdata          tcphandler.o
    0x0000f28a   0x00000002   PAD
    0x0000f28c   0x00000048   Data   RO         3423    .constdata          driverlib.lib(gpio.o)
    0x0000f2d4   0x0000009c   Data   RO         4218    .constdata          driverlib.lib(sysctl.o)
    0x0000f370   0x0000095e   Data   RO         5103    .constdata          grlib.lib(fontcm20.o)
    0x0000fcce   0x00000002   PAD
    0x0000fcd0   0x000000c8   Data   RO         5104    .constdata          grlib.lib(fontcm20.o)
    0x0000fd98   0x00000514   Data   RO         5117    .constdata          grlib.lib(fontcmss12.o)
    0x000102ac   0x000000c8   Data   RO         5118    .constdata          grlib.lib(fontcmss12.o)
    0x00010374   0x0000091e   Data   RO         5131    .constdata          grlib.lib(fontcmss22b.o)
    0x00010c92   0x00000002   PAD
    0x00010c94   0x000000c8   Data   RO         5132    .constdata          grlib.lib(fontcmss22b.o)
    0x00010d5c   0x00000011   Data   RO          750    .conststring        ustdlib.o
    0x00010d6d   0x000000cc   Data   RO          821    .conststring        main.o
    0x00010e39   0x00000068   Data   RO         1421    .conststring        lwiplib.o
    0x00010ea1   0x00000003   PAD
    0x00010ea4   0x00000020   Data   RO         5629    Region$$Table       anon$$obj.o


    Execution Region RW_IRAM (Base: 0x20000000, Size: 0x0000bea8, Max: 0x00018000, ABSOLUTE, COMPRESSED[0x00000148])

    Base Addr    Size         Type   Attr      Idx    E Section Name        Object

    0x20000000   0x00000008   Data   RW           29    .data               kitronix320x240x16_ssd2119_8bit.o
    0x20000008   0x00000002   Data   RW          159    .data               set_pinout.o
    0x2000000a   0x00000002   PAD
    0x2000000c   0x0000003c   Data   RW          232    .data               sound.o
    0x20000048   0x00000014   Data   RW          338    .data               touch.o
    0x2000005c   0x00000002   Data   RW          389    .data               tlv320aic23b.o
    0x2000005e   0x00000002   PAD
    0x20000060   0x0000000a   Data   RW          454    .data               ff.o
    0x2000006a   0x00000005   Data   RW          630    .data               mmc-dk-lm3s9b96.o
    0x2000006f   0x00000001   PAD
    0x20000070   0x00000304   Data   RW          822    .data               main.o
    0x20000374   0x00000005   Data   RW         1114    .data               uartstdio.o
    0x20000379   0x00000003   PAD
    0x2000037c   0x000000d4   Data   RW         1422    .data               lwiplib.o
    0x20000450   0x00000004   Data   RW         2731    .data               sysctlconfigure.o
    0x20000454   0x00000004   Data   RW         2752    .data               uartconfigure.o
    0x20000458   0x0000000c   Data   RW         2839    .data               ethernetconfigure.o
    0x20000464   0x00000030   Data   RW         5227    .data               grlib.lib(widget.o)
    0x20000494   0x00000830   Zero   RW          231    .bss                sound.o
    0x20000cc4   0x00000010   Zero   RW          336    .bss                touch.o
    0x20000cd4   0x0000032c   PAD
    0x20001000   0x00001c8c   Zero   RW          820    .bss                main.o
    0x20002c8c   0x00000054   Zero   RW         1160    .bss                locator.o
    0x20002ce0   0x00008408   Zero   RW         1419    .bss                lwiplib.o
    0x2000b0e8   0x00000400   Zero   RW         2685    .bss                tcphandler.o
    0x2000b4e8   0x00000400   Zero   RW         2751    .bss                uartconfigure.o
    0x2000b8e8   0x00000140   Zero   RW         5226    .bss                grlib.lib(widget.o)
    0x2000ba28   0x00000020   Zero   RW         5338    .bss                grlib.lib(image.o)
    0x2000ba48   0x00000060   Zero   RW         5503    .bss                c_w.l(libspace.o)
    0x2000baa8   0x00000000   Zero   RW            2    HEAP                startup_rvmdk.o
    0x2000baa8   0x00000400   Zero   RW            1    STACK               startup_rvmdk.o


==============================================================================

Image component sizes


      Code (inc. data)   RO Data    RW Data    ZI Data      Debug   Object Name

       480        172          0         12          0       1829   ethernetconfigure.o
      4118         26          0         10          0      21743   ff.o
       484         48          0          0          0        618   gpiodriverconfigure.o
      2304        146         40          8          0      33052   kitronix320x240x16_ssd2119_8bit.o
       404         26          0          0         84       3483   locator.o
     30784       1128        176        212      33800     156091   lwiplib.o
      2836        678        204        772       7308      47104   main.o
      2192        136          0          5          0      14377   mmc-dk-lm3s9b96.o
      1602        112        132          2          0       8312   set_pinout.o
      1536        186          0         60       2096      11361   sound.o
       320        300          0          0       1024        456   startup_rvmdk.o
         0          0          0          4          0        214   sysctlconfigure.o
       752        244         26          0       1024       4794   tcphandler.o
        72         12          0          0          0        427   timerconfigure.o
       476         32         13          2          0       5198   tlv320aic23b.o
      1448        144         84         20         16       4934   touch.o
        80         12          0          4       1024       1076   uartconfigure.o
       232         58          0          0          0       1043   uartisr.o
       964         34         28          5          0       4322   uartstdio.o
      1004         14         45          0          0       3452   ustdlib.o

    ----------------------------------------------------------------------
     52140       3508        788       1124      47188     323886   Object Totals
         0          0         32          0          0          0   (incl. Generated)
        52          0          8          8        812          0   (incl. Padding)

    ----------------------------------------------------------------------

      Code (inc. data)   RO Data    RW Data    ZI Data      Debug   Library Member Name

        90          0          0          0          0          0   __dczerorl2.o
         8          0          0          0          0         68   __main.o
        52          8          0          0          0          0   __scatter.o
        28          0          0          0          0          0   __scatter_zi.o
        16          0          0          0          0         68   aeabi_memset.o
        12          0          0          0          0         68   exit.o
         6          0          0          0          0        152   heapauxi.o
         6          0          0          0          0          0   libinit.o
         2          0          0          0          0          0   libinit2.o
         2          0          0          0          0          0   libshutdown.o
         2          0          0          0          0          0   libshutdown2.o
         8          4          0          0         96         68   libspace.o
        78          0          0          0          0         76   memcmp.o
         8          4          0          0          0         68   rt_fp_status_addr_intlibspace.o
        68          0          0          0          0         68   rt_memclr.o
        78          0          0          0          0         80   rt_memclr_w.o
       138          0          0          0          0         68   rt_memcpy_v6.o
       100          0          0          0          0         80   rt_memcpy_w.o
         0          0          0          0          0          0   rtentry.o
        12          0          0          0          0          0   rtentry2.o
         6          0          0          0          0          0   rtentry4.o
         2          0          0          0          0          0   rtexit.o
        10          0          0          0          0          0   rtexit2.o
        72          0          0          0          0         80   strcpy.o
        62          0          0          0          0         76   strlen.o
       140          0          0          0          0         80   strncmp.o
        86          0          0          0          0         76   strncpy.o
        12          4          0          0          0         68   sys_exit.o
        74          0          0          0          0         80   sys_stackheap_outer.o
         2          0          0          0          0         68   use_no_semi.o
       204          0          0          0          0       5442   adc.o
       104          0          0          0          0       2891   epi.o
       266          4          0          0          0       5875   ethernet.o
       524         10         72          0          0       7846   gpio.o
       138         10          0          0          0       4884   i2c.o
       166          0          0          0          0       4140   i2s.o
       216          0          0          0          0       1169   interrupt.o
       120          0          0          0          0       2568   ssi.o
       798         66        156          0          0       4225   sysctl.o
        14          0          0          0          0        376   systick.o
       104          0          0          0          0       3350   timer.o
       184          0          0          0          0       4535   uart.o
       336         40          0          0          0       9503   udma.o
        14          0          0          0          0         76   fpinit.o
       430          0          0          0          0      21934   canvas.o
       144          0          0          0          0       1369   context.o
         0          0       2598          0          0      15518   fontcm20.o
         0          0       1500          0          0      15526   fontcmss12.o
         0          0       2534          0          0      15526   fontcmss22b.o
       732          4          0          0         32       2898   image.o
       154          0          0          0          0       1794   line.o
       954          0          0          0          0       7642   listbox.o
       686          0          0          0          0       8587   pushbutton.o
       288          0          0          0          0       1843   rectangle.o
       860          0          0          0          0       3854   string.o
       886         38          0         48        320       8155   widget.o

    ----------------------------------------------------------------------
      9524        192       6864         48        448     162918   Library Totals
        22          0          4          0          0          0   (incl. Padding)

    ----------------------------------------------------------------------

      Code (inc. data)   RO Data    RW Data    ZI Data      Debug   Library Name

      1180         20          0          0         96       1392   c_w.l
      3174        130        228          0          0      56804   driverlib.lib
        14          0          0          0          0         76   fz_ws.l
      5134         42       6632         48        352     104646   grlib.lib

    ----------------------------------------------------------------------
      9524        192       6864         48        448     162918   Library Totals

    ----------------------------------------------------------------------

==============================================================================


      Code (inc. data)   RO Data    RW Data    ZI Data      Debug   

     61664       3700       7652       1172      47636     465328   Grand Totals
     61664       3700       7652        328      47636     465328   ELF Image Totals (compressed)
     61664       3700       7652        328          0          0   ROM Totals

==============================================================================

    Total RO  Size (Code + RO Data)                69316 (  67.69kB)
    Total RW  Size (RW Data + ZI Data)             48808 (  47.66kB)
    Total ROM Size (Code + RO Data + RW Data)      69644 (  68.01kB)

==============================================================================

